D/MicomAudioService( 1876): From micom event handleMessage() :75
D/MicomAudioService( 1876): [AUDIO_ERROR_LOG] Received. data = 3 5
W/ContextImpl( 2236): Calling a method in the system process without a qualified user: android.app.ContextImpl.sendBroadcast:1188 android.content.ContextWrapper.sendBroadcast:365 com.hkmc.system.app.engineering.module.SoundSystemDiagnosisService.sendIntentDiagScreenUpdate:518 com.hkmc.system.app.engineering.module.SoundSystemDiagnosisService.access$1200:30 com.hkmc.system.app.engineering.module.SoundSystemDiagnosisService$3.handleMessage:358 
D/LogSummary( 2162): /data/system/dropbox: mask:00000008 "Sound.log" len:16
I/RadioService( 1876): CWL sendSetSubFrequencyCommand ,frequency = 9750
W/ContextImpl( 2236): Calling a method in the system process without a qualified user: android.app.ContextImpl.sendBroadcast:1188 android.content.ContextWrapper.sendBroadcast:365 com.hkmc.system.app.engineering.module.SoundSystemDiagnosisService$3.handleMessage:370 android.os.Handler.dispatchMessage:102 android.os.Looper.loop:136 
I/RDO_MICOM_CMD_EVENT( 1876): => COMMAND => RADIO_SET_SUB_FREQ_C: 0x304(0x304))
D/MicomD  ( 1466): send_data: c => m : ff 87 03 01 03 04 00 04 26 16 01 48 
D/MicomD  ( 1466): ReceivedData[SUCCESS]: m => c : : ff 03 87 01 83 2f 00 03 26 16 e5 
D/LogSummary( 2162): /data/system/dropbox: mask:00000008 "LogList.txt" len:16
I/RadioService( 1876): onEvent(byte[] data[2] = 0x26 0x16 )
I/RDO_MICOM_CMD_EVENT( 1876): => RESPONSE =>   RADIO_CURRENT_SUB_FREQ_M: 0x832f(0x832f))
I/RadioService( 1876): handleMessage(Message msg)
E/RadioService( 1876): in case RADIO_CURRENT_SUB_FREQ_M_L : 9750
I/RadioService( 1876): CWL Start mHDDataService.mHDBandScan.onUpdateCurrentSubFrequency()
D/PhoneProjection( 3364): [ PhoneProjectionService ] onConnectStatus:0
I/RadioService( 1876): CWL sendSetSubFrequencyCommand ,frequency = 9770
I/RDO_MICOM_CMD_EVENT( 1876): => COMMAND => RADIO_SET_SUB_FREQ_C: 0x304(0x304))
D/vhandler( 2349): [01:30:47:468] [FeatureGpm] onConnectStatus:0
D/vhandler( 2349): [01:30:47:469] [FeatureGpm] onConnectStatus: GPM_INITIALIZE(0)
D/MicomD  ( 1466): send_data: c => m : ff 87 03 01 03 04 00 04 26 2a 01 74 
D/MicomD  ( 1466): ReceivedData[SUCCESS]: m => c : : ff 03 87 01 83 2f 00 03 26 2a d9 
I/RadioService( 1876): onEvent(byte[] data[2] = 0x26 0x2a )
I/RDO_MICOM_CMD_EVENT( 1876): => RESPONSE =>   RADIO_CURRENT_SUB_FREQ_M: 0x832f(0x832f))
I/RadioService( 1876): handleMessage(Message msg)
E/RadioService( 1876): in case RADIO_CURRENT_SUB_FREQ_M_L : 9770
I/RadioService( 1876): CWL Start mHDDataService.mHDBandScan.onUpdateCurrentSubFrequency()
V/ModeManagerService( 1876): setMediaStatus : BLUETOOTH STREAMING to AVAILABLE(1) called by Application
V/ModeManagerService( 1876): setMediaStatus : BLUETOOTH STREAMING => duplicated information
I/RadioService( 1876): CWL sendSetSubFrequencyCommand ,frequency = 9790
I/RDO_MICOM_CMD_EVENT( 1876): => COMMAND => RADIO_SET_SUB_FREQ_C: 0x304(0x304))
D/MicomD  ( 1466): send_data: c => m : ff 87 03 01 03 04 00 04 26 3e 01 60 
D/MicomD  ( 1466): ReceivedData[SUCCESS]: m => c : : ff 03 87 01 83 2f 00 03 26 3e cd 
I/RadioService( 1876): onEvent(byte[] data[2] = 0x26 0x3e )
I/RDO_MICOM_CMD_EVENT( 1876): => RESPONSE =>   RADIO_CURRENT_SUB_FREQ_M: 0x832f(0x832f))
I/RadioService( 1876): handleMessage(Message msg)
E/RadioService( 1876): in case RADIO_CURRENT_SUB_FREQ_M_L : 9790
I/RadioService( 1876): CWL Start mHDDataService.mHDBandScan.onUpdateCurrentSubFrequency()
D/BCMService( 1876): isBcanValid()
D/MicomD  ( 1466): send_data: c => m : ff 8e 0b 01 0b c7 00 02 c7 72 
D/MicomD  ( 1466): ReceivedData[SUCCESS]: m => c : : ff 0b 8e 01 8b c7 00 04 c7 00 01 f5 
D/BCMService( 1876): onEvent() : 35783 8bc7
D/BCMService( 1876): BCAN_VALID : -57 0
I/TM_HSCANPacketRunner( 1876): onEventFromMicom(APP) : [8e, 8b, c7, c7, 00, 01]
I/RadioService( 1876): CWL sendSetSubFrequencyCommand ,frequency = 9810
I/RDO_MICOM_CMD_EVENT( 1876): => COMMAND => RADIO_SET_SUB_FREQ_C: 0x304(0x304))
D/MicomD  ( 1466): send_data: c => m : ff 87 03 01 03 04 00 04 26 52 01 0c 
D/MicomD  ( 1466): ReceivedData[SUCCESS]: m => c : : ff 03 87 01 83 2f 00 03 26 52 a1 
I/RadioService( 1876): onEvent(byte[] data[2] = 0x26 0x52 )
I/RDO_MICOM_CMD_EVENT( 1876): => RESPONSE =>   RADIO_CURRENT_SUB_FREQ_M: 0x832f(0x832f))
I/RadioService( 1876): handleMessage(Message msg)
E/RadioService( 1876): in case RADIO_CURRENT_SUB_FREQ_M_L : 9810
I/RadioService( 1876): CWL Start mHDDataService.mHDBandScan.onUpdateCurrentSubFrequency()
I/RadioService( 1876): CWL sendSetSubFrequencyCommand ,frequency = 9830
I/RDO_MICOM_CMD_EVENT( 1876): => COMMAND => RADIO_SET_SUB_FREQ_C: 0x304(0x304))
D/MicomD  ( 1466): send_data: c => m : ff 87 03 01 03 04 00 04 26 66 01 38 
D/MicomD  ( 1466): ReceivedData[SUCCESS]: m => c : : ff 03 87 01 83 2f 00 03 26 66 95 
I/RadioService( 1876): onEvent(byte[] data[2] = 0x26 0x66 )
I/RDO_MICOM_CMD_EVENT( 1876): => RESPONSE =>   RADIO_CURRENT_SUB_FREQ_M: 0x832f(0x832f))
I/RadioService( 1876): handleMessage(Message msg)
E/RadioService( 1876): in case RADIO_CURRENT_SUB_FREQ_M_L : 9830
I/RadioService( 1876): CWL Start mHDDataService.mHDBandScan.onUpdateCurrentSubFrequency()
I/RadioService( 1876): CWL sendSetSubFrequencyCommand ,frequency = 9850
I/RDO_MICOM_CMD_EVENT( 1876): => COMMAND => RADIO_SET_SUB_FREQ_C: 0x304(0x304))
D/MicomD  ( 1466): send_data: c => m : ff 87 03 01 03 04 00 04 26 7a 01 24 
D/MicomD  ( 1466): ReceivedData[SUCCESS]: m => c : : ff 03 87 01 83 2f 00 03 26 7a 89 
I/RadioService( 1876): onEvent(byte[] data[2] = 0x26 0x7a )
I/RDO_MICOM_CMD_EVENT( 1876): => RESPONSE =>   RADIO_CURRENT_SUB_FREQ_M: 0x832f(0x832f))
I/RadioService( 1876): handleMessage(Message msg)
E/RadioService( 1876): in case RADIO_CURRENT_SUB_FREQ_M_L : 9850
I/RadioService( 1876): CWL Start mHDDataService.mHDBandScan.onUpdateCurrentSubFrequency()
I/RadioService( 1876): CWL sendSetSubFrequencyCommand ,frequency = 9870
I/RDO_MICOM_CMD_EVENT( 1876): => COMMAND => RADIO_SET_SUB_FREQ_C: 0x304(0x304))
D/MicomD  ( 1466): send_data: c => m : ff 87 03 01 03 04 00 04 26 8e 01 d0 
D/MicomD  ( 1466): ReceivedData[SUCCESS]: m => c : : ff 03 87 01 83 2f 00 03 26 8e 7d 
I/RadioService( 1876): onEvent(byte[] data[2] = 0x26 0x8e )
I/RDO_MICOM_CMD_EVENT( 1876): => RESPONSE =>   RADIO_CURRENT_SUB_FREQ_M: 0x832f(0x832f))
I/RadioService( 1876): handleMessage(Message msg)
E/RadioService( 1876): in case RADIO_CURRENT_SUB_FREQ_M_L : 9870
I/RadioService( 1876): CWL Start mHDDataService.mHDBandScan.onUpdateCurrentSubFrequency()
I/RadioService( 1876): CWL sendSetSubFrequencyCommand ,frequency = 9890
I/RDO_MICOM_CMD_EVENT( 1876): => COMMAND => RADIO_SET_SUB_FREQ_C: 0x304(0x304))
D/MicomD  ( 1466): send_data: c => m : ff 87 03 01 03 04 00 04 26 a2 01 fc 
D/MicomD  ( 1466): ReceivedData[SUCCESS]: m => c : : ff 03 87 01 83 2f 00 03 26 a2 51 
I/RadioService( 1876): onEvent(byte[] data[2] = 0x26 0xa2 )
I/RDO_MICOM_CMD_EVENT( 1876): => RESPONSE =>   RADIO_CURRENT_SUB_FREQ_M: 0x832f(0x832f))
I/RadioService( 1876): handleMessage(Message msg)
E/RadioService( 1876): in case RADIO_CURRENT_SUB_FREQ_M_L : 9890
I/RadioService( 1876): CWL Start mHDDataService.mHDBandScan.onUpdateCurrentSubFrequency()
D/PhoneProjection( 3364): [ PhoneProjectionService ] onConnectStatus:0
D/vhandler( 2349): [01:30:48:469] [FeatureGpm] onConnectStatus:0
D/vhandler( 2349): [01:30:48:470] [FeatureGpm] onConnectStatus: GPM_INITIALIZE(0)
I/RadioService( 1876): CWL sendSetSubFrequencyCommand ,frequency = 9910
I/RDO_MICOM_CMD_EVENT( 1876): => COMMAND => RADIO_SET_SUB_FREQ_C: 0x304(0x304))
D/MicomD  ( 1466): send_data: c => m : ff 87 03 01 03 04 00 04 26 b6 01 e8 
D/MicomD  ( 1466): ReceivedData[SUCCESS]: m => c : : ff 03 87 01 83 2f 00 03 26 b6 45 
I/RadioService( 1876): onEvent(byte[] data[2] = 0x26 0xb6 )
I/RDO_MICOM_CMD_EVENT( 1876): => RESPONSE =>   RADIO_CURRENT_SUB_FREQ_M: 0x832f(0x832f))
I/RadioService( 1876): handleMessage(Message msg)
E/RadioService( 1876): in case RADIO_CURRENT_SUB_FREQ_M_L : 9910
I/RadioService( 1876): CWL Start mHDDataService.mHDBandScan.onUpdateCurrentSubFrequency()
V/ModeManagerService( 1876): setMediaStatus : BLUETOOTH STREAMING to AVAILABLE(1) called by Application
V/ModeManagerService( 1876): setMediaStatus : BLUETOOTH STREAMING => duplicated information
D/BCMService( 1876): isBcanValid()
I/RadioService( 1876): CWL sendSetSubFrequencyCommand ,frequency = 9930
D/MicomD  ( 1466): send_data: c => m : ff 8e 0b 01 0b c7 00 02 c7 72 
I/RDO_MICOM_CMD_EVENT( 1876): => COMMAND => RADIO_SET_SUB_FREQ_C: 0x304(0x304))
D/MicomD  ( 1466): send_data: c => m : ff 87 03 01 03 04 00 04 26 ca 01 94 
D/MicomD  ( 1466): ReceivedData[SUCCESS]: m => c : : ff 0b 8e 01 8b c7 00 04 c7 00 01 f5 
D/BCMService( 1876): onEvent() : 35783 8bc7
D/BCMService( 1876): BCAN_VALID : -57 0
I/TM_HSCANPacketRunner( 1876): onEventFromMicom(APP) : [8e, 8b, c7, c7, 00, 01]
D/MicomD  ( 1466): ReceivedData[SUCCESS]: m => c : : ff 03 87 01 83 2f 00 03 26 ca 39 
I/RadioService( 1876): onEvent(byte[] data[2] = 0x26 0xca )
I/RDO_MICOM_CMD_EVENT( 1876): => RESPONSE =>   RADIO_CURRENT_SUB_FREQ_M: 0x832f(0x832f))
I/RadioService( 1876): handleMessage(Message msg)
E/RadioService( 1876): in case RADIO_CURRENT_SUB_FREQ_M_L : 9930
I/RadioService( 1876): CWL Start mHDDataService.mHDBandScan.onUpdateCurrentSubFrequency()
I/RadioService( 1876): CWL sendSetSubFrequencyCommand ,frequency = 9950
I/RDO_MICOM_CMD_EVENT( 1876): => COMMAND => RADIO_SET_SUB_FREQ_C: 0x304(0x304))
D/MicomD  ( 1466): send_data: c => m : ff 87 03 01 03 04 00 04 26 de 01 80 
D/MicomD  ( 1466): ReceivedData[SUCCESS]: m => c : : ff 03 87 01 83 2f 00 03 26 de 2d 
I/RadioService( 1876): onEvent(byte[] data[2] = 0x26 0xde )
I/RDO_MICOM_CMD_EVENT( 1876): => RESPONSE =>   RADIO_CURRENT_SUB_FREQ_M: 0x832f(0x832f))
I/RadioService( 1876): handleMessage(Message msg)
E/RadioService( 1876): in case RADIO_CURRENT_SUB_FREQ_M_L : 9950
I/RadioService( 1876): CWL Start mHDDataService.mHDBandScan.onUpdateCurrentSubFrequency()
I/RadioService( 1876): CWL sendSetSubFrequencyCommand ,frequency = 9970
I/RDO_MICOM_CMD_EVENT( 1876): => COMMAND => RADIO_SET_SUB_FREQ_C: 0x304(0x304))
D/MicomD  ( 1466): send_data: c => m : ff 87 03 01 03 04 00 04 26 f2 01 ac 
D/MicomD  ( 1466): ReceivedData[SUCCESS]: m => c : : ff 03 87 01 83 2f 00 03 26 f2 01 
I/RadioService( 1876): onEvent(byte[] data[2] = 0x26 0xf2 )
I/RDO_MICOM_CMD_EVENT( 1876): => RESPONSE =>   RADIO_CURRENT_SUB_FREQ_M: 0x832f(0x832f))
I/RadioService( 1876): handleMessage(Message msg)
E/RadioService( 1876): in case RADIO_CURRENT_SUB_FREQ_M_L : 9970
I/RadioService( 1876): CWL Start mHDDataService.mHDBandScan.onUpdateCurrentSubFrequency()
I/SXM65HD ( 1465): SXM WT K:1, C:0
I/RadioService( 1876): CWL sendSetSubFrequencyCommand ,frequency = 9990
I/RDO_MICOM_CMD_EVENT( 1876): => COMMAND => RADIO_SET_SUB_FREQ_C: 0x304(0x304))
D/MicomD  ( 1466): send_data: c => m : ff 87 03 01 03 04 00 04 27 06 01 59 
D/MicomD  ( 1466): ReceivedData[SUCCESS]: m => c : : ff 03 87 01 83 2f 00 03 27 06 f4 
I/RadioService( 1876): onEvent(byte[] data[2] = 0x27 0x06 )
I/RDO_MICOM_CMD_EVENT( 1876): => RESPONSE =>   RADIO_CURRENT_SUB_FREQ_M: 0x832f(0x832f))
I/RadioService( 1876): handleMessage(Message msg)
E/RadioService( 1876): in case RADIO_CURRENT_SUB_FREQ_M_L : 9990
I/RadioService( 1876): CWL Start mHDDataService.mHDBandScan.onUpdateCurrentSubFrequency()
I/RadioService( 1876): CWL sendSetSubFrequencyCommand ,frequency = 10010
I/RDO_MICOM_CMD_EVENT( 1876): => COMMAND => RADIO_SET_SUB_FREQ_C: 0x304(0x304))
D/MicomD  ( 1466): send_data: c => m : ff 87 03 01 03 04 00 04 27 1a 01 45 
D/MicomD  ( 1466): ReceivedData[SUCCESS]: m => c : : ff 03 87 01 83 2f 00 03 27 1a e8 
I/RadioService( 1876): onEvent(byte[] data[2] = 0x27 0x1a )
I/RDO_MICOM_CMD_EVENT( 1876): => RESPONSE =>   RADIO_CURRENT_SUB_FREQ_M: 0x832f(0x832f))
I/RadioService( 1876): handleMessage(Message msg)
E/RadioService( 1876): in case RADIO_CURRENT_SUB_FREQ_M_L : 10010
I/RadioService( 1876): CWL Start mHDDataService.mHDBandScan.onUpdateCurrentSubFrequency()
D/PhoneProjection( 3364): [ PhoneProjectionService ] onConnectStatus:0
D/vhandler( 2349): [01:30:49:470] [FeatureGpm] onConnectStatus:0
D/vhandler( 2349): [01:30:49:470] [FeatureGpm] onConnectStatus: GPM_INITIALIZE(0)
I/RadioService( 1876): CWL sendSetSubFrequencyCommand ,frequency = 10030
I/RDO_MICOM_CMD_EVENT( 1876): => COMMAND => RADIO_SET_SUB_FREQ_C: 0x304(0x304))
D/MicomD  ( 1466): send_data: c => m : ff 87 03 01 03 04 00 04 27 2e 01 71 
D/MicomD  ( 1466): ReceivedData[SUCCESS]: m => c : : ff 03 87 01 83 2f 00 03 27 2e dc 
I/RadioService( 1876): onEvent(byte[] data[2] = 0x27 0x2e )
I/RDO_MICOM_CMD_EVENT( 1876): => RESPONSE =>   RADIO_CURRENT_SUB_FREQ_M: 0x832f(0x832f))
I/RadioService( 1876): handleMessage(Message msg)
E/RadioService( 1876): in case RADIO_CURRENT_SUB_FREQ_M_L : 10030
I/RadioService( 1876): CWL Start mHDDataService.mHDBandScan.onUpdateCurrentSubFrequency()
V/ModeManagerService( 1876): setMediaStatus : BLUETOOTH STREAMING to AVAILABLE(1) called by Application
V/ModeManagerService( 1876): setMediaStatus : BLUETOOTH STREAMING => duplicated information
I/RadioService( 1876): CWL sendSetSubFrequencyCommand ,frequency = 10050
I/RDO_MICOM_CMD_EVENT( 1876): => COMMAND => RADIO_SET_SUB_FREQ_C: 0x304(0x304))
D/MicomD  ( 1466): send_data: c => m : ff 87 03 01 03 04 00 04 27 42 01 1d 
D/MicomD  ( 1466): ReceivedData[SUCCESS]: m => c : : ff 03 87 01 83 2f 00 03 27 42 b0 
I/RadioService( 1876): onEvent(byte[] data[2] = 0x27 0x42 )
I/RDO_MICOM_CMD_EVENT( 1876): => RESPONSE =>   RADIO_CURRENT_SUB_FREQ_M: 0x832f(0x832f))
I/RadioService( 1876): handleMessage(Message msg)
E/RadioService( 1876): in case RADIO_CURRENT_SUB_FREQ_M_L : 10050
I/RadioService( 1876): CWL Start mHDDataService.mHDBandScan.onUpdateCurrentSubFrequency()
D/BCMService( 1876): isBcanValid()
D/MicomD  ( 1466): send_data: c => m : ff 8e 0b 01 0b c7 00 02 c7 72 
D/MicomD  ( 1466): ReceivedData[SUCCESS]: m => c : : ff 0b 8e 01 8b c7 00 04 c7 00 01 f5 
D/BCMService( 1876): onEvent() : 35783 8bc7
D/BCMService( 1876): BCAN_VALID : -57 0
I/TM_HSCANPacketRunner( 1876): onEventFromMicom(APP) : [8e, 8b, c7, c7, 00, 01]
I/RadioService( 1876): CWL sendSetSubFrequencyCommand ,frequency = 10070
I/RDO_MICOM_CMD_EVENT( 1876): => COMMAND => RADIO_SET_SUB_FREQ_C: 0x304(0x304))
D/MicomD  ( 1466): send_data: c => m : ff 87 03 01 03 04 00 04 27 56 01 09 
D/MicomD  ( 1466): ReceivedData[SUCCESS]: m => c : : ff 03 87 01 83 2f 00 03 27 56 a4 
I/RadioService( 1876): onEvent(byte[] data[2] = 0x27 0x56 )
I/RDO_MICOM_CMD_EVENT( 1876): => RESPONSE =>   RADIO_CURRENT_SUB_FREQ_M: 0x832f(0x832f))
I/RadioService( 1876): handleMessage(Message msg)
E/RadioService( 1876): in case RADIO_CURRENT_SUB_FREQ_M_L : 10070
I/RadioService( 1876): CWL Start mHDDataService.mHDBandScan.onUpdateCurrentSubFrequency()
I/RadioService( 1876): CWL sendSetSubFrequencyCommand ,frequency = 10090
I/RDO_MICOM_CMD_EVENT( 1876): => COMMAND => RADIO_SET_SUB_FREQ_C: 0x304(0x304))
D/MicomD  ( 1466): send_data: c => m : ff 87 03 01 03 04 00 04 27 6a 01 35 
D/MicomD  ( 1466): ReceivedData[SUCCESS]: m => c : : ff 03 87 01 83 2f 00 03 27 6a 98 
I/RadioService( 1876): onEvent(byte[] data[2] = 0x27 0x6a )
I/RDO_MICOM_CMD_EVENT( 1876): => RESPONSE =>   RADIO_CURRENT_SUB_FREQ_M: 0x832f(0x832f))
I/RadioService( 1876): handleMessage(Message msg)
E/RadioService( 1876): in case RADIO_CURRENT_SUB_FREQ_M_L : 10090
I/RadioService( 1876): CWL Start mHDDataService.mHDBandScan.onUpdateCurrentSubFrequency()
I/RadioService( 1876): CWL sendSetSubFrequencyCommand ,frequency = 10110
I/RDO_MICOM_CMD_EVENT( 1876): => COMMAND => RADIO_SET_SUB_FREQ_C: 0x304(0x304))
D/MicomD  ( 1466): send_data: c => m : ff 87 03 01 03 04 00 04 27 7e 01 21 
D/MicomD  ( 1466): ReceivedData[SUCCESS]: m => c : : ff 03 87 01 83 2f 00 03 27 7e 8c 
I/RadioService( 1876): onEvent(byte[] data[2] = 0x27 0x7e )
I/RDO_MICOM_CMD_EVENT( 1876): => RESPONSE =>   RADIO_CURRENT_SUB_FREQ_M: 0x832f(0x832f))
I/RadioService( 1876): handleMessage(Message msg)
E/RadioService( 1876): in case RADIO_CURRENT_SUB_FREQ_M_L : 10110
I/RadioService( 1876): CWL Start mHDDataService.mHDBandScan.onUpdateCurrentSubFrequency()
I/RadioService( 1876): CWL sendSetSubFrequencyCommand ,frequency = 10130
I/RDO_MICOM_CMD_EVENT( 1876): => COMMAND => RADIO_SET_SUB_FREQ_C: 0x304(0x304))
D/MicomD  ( 1466): send_data: c => m : ff 87 03 01 03 04 00 04 27 92 01 cd 
D/MicomD  ( 1466): ReceivedData[SUCCESS]: m => c : : ff 03 87 01 83 2f 00 03 27 92 60 
I/RadioService( 1876): onEvent(byte[] data[2] = 0x27 0x92 )
I/RDO_MICOM_CMD_EVENT( 1876): => RESPONSE =>   RADIO_CURRENT_SUB_FREQ_M: 0x832f(0x832f))
I/RadioService( 1876): handleMessage(Message msg)
E/RadioService( 1876): in case RADIO_CURRENT_SUB_FREQ_M_L : 10130
I/RadioService( 1876): CWL Start mHDDataService.mHDBandScan.onUpdateCurrentSubFrequency()
I/RadioService( 1876): CWL sendSetSubFrequencyCommand ,frequency = 10150
I/RDO_MICOM_CMD_EVENT( 1876): => COMMAND => RADIO_SET_SUB_FREQ_C: 0x304(0x304))
D/MicomD  ( 1466): send_data: c => m : ff 87 03 01 03 04 00 04 27 a6 01 f9 
D/MicomD  ( 1466): ReceivedData[SUCCESS]: m => c : : ff 03 87 01 83 2f 00 03 27 a6 54 
I/RadioService( 1876): onEvent(byte[] data[2] = 0x27 0xa6 )
I/RDO_MICOM_CMD_EVENT( 1876): => RESPONSE =>   RADIO_CURRENT_SUB_FREQ_M: 0x832f(0x832f))
I/RadioService( 1876): handleMessage(Message msg)
E/RadioService( 1876): in case RADIO_CURRENT_SUB_FREQ_M_L : 10150
I/RadioService( 1876): CWL Start mHDDataService.mHDBandScan.onUpdateCurrentSubFrequency()
D/PhoneProjection( 3364): [ PhoneProjectionService ] onConnectStatus:0
D/vhandler( 2349): [01:30:50:471] [FeatureGpm] onConnectStatus:0
D/vhandler( 2349): [01:30:50:471] [FeatureGpm] onConnectStatus: GPM_INITIALIZE(0)
D/AudioService( 1876): setBluetoothA2dpInputOn : true
D/AudioService( 1876): setBluetoothA2dpInputOn : done
I/RadioService( 1876): CWL sendSetSubFrequencyCommand ,frequency = 10170
I/RDO_MICOM_CMD_EVENT( 1876): => COMMAND => RADIO_SET_SUB_FREQ_C: 0x304(0x304))
D/MicomD  ( 1466): send_data: c => m : ff 87 03 01 03 04 00 04 27 ba 01 e5 
D/MicomD  ( 1466): ReceivedData[SUCCESS]: m => c : : ff 03 87 01 83 2f 00 03 27 ba 48 
I/RadioService( 1876): onEvent(byte[] data[2] = 0x27 0xba )
I/RDO_MICOM_CMD_EVENT( 1876): => RESPONSE =>   RADIO_CURRENT_SUB_FREQ_M: 0x832f(0x832f))
I/RadioService( 1876): handleMessage(Message msg)
E/RadioService( 1876): in case RADIO_CURRENT_SUB_FREQ_M_L : 10170
I/RadioService( 1876): CWL Start mHDDataService.mHDBandScan.onUpdateCurrentSubFrequency()
V/ModeManagerService( 1876): setMediaStatus : BLUETOOTH STREAMING to AVAILABLE(1) called by Application
V/ModeManagerService( 1876): setMediaStatus : BLUETOOTH STREAMING => duplicated information
D/BCMService( 1876): isBcanValid()
D/MicomD  ( 1466): send_data: c => m : ff 8e 0b 01 0b c7 00 02 c7 72 
I/RadioService( 1876): CWL sendSetSubFrequencyCommand ,frequency = 10190
I/RDO_MICOM_CMD_EVENT( 1876): => COMMAND => RADIO_SET_SUB_FREQ_C: 0x304(0x304))
D/MicomD  ( 1466): send_data: c => m : ff 87 03 01 03 04 00 04 27 ce 01 91 
D/MicomD  ( 1466): ReceivedData[SUCCESS]: m => c : : ff 0b 8e 01 8b c7 00 04 c7 00 01 f5 
D/BCMService( 1876): onEvent() : 35783 8bc7
D/BCMService( 1876): BCAN_VALID : -57 0
I/TM_HSCANPacketRunner( 1876): onEventFromMicom(APP) : [8e, 8b, c7, c7, 00, 01]
D/MicomD  ( 1466): ReceivedData[SUCCESS]: m => c : : ff 03 87 01 83 2f 00 03 27 ce 3c 
I/RadioService( 1876): onEvent(byte[] data[2] = 0x27 0xce )
I/RDO_MICOM_CMD_EVENT( 1876): => RESPONSE =>   RADIO_CURRENT_SUB_FREQ_M: 0x832f(0x832f))
I/RadioService( 1876): handleMessage(Message msg)
E/RadioService( 1876): in case RADIO_CURRENT_SUB_FREQ_M_L : 10190
I/RadioService( 1876): CWL Start mHDDataService.mHDBandScan.onUpdateCurrentSubFrequency()
I/RadioService( 1876): CWL sendSetSubFrequencyCommand ,frequency = 10210
I/RDO_MICOM_CMD_EVENT( 1876): => COMMAND => RADIO_SET_SUB_FREQ_C: 0x304(0x304))
D/MicomD  ( 1466): send_data: c => m : ff 87 03 01 03 04 00 04 27 e2 01 bd 
D/MicomD  ( 1466): ReceivedData[SUCCESS]: m => c : : ff 03 87 01 83 2f 00 03 27 e2 10 
I/RadioService( 1876): onEvent(byte[] data[2] = 0x27 0xe2 )
I/RDO_MICOM_CMD_EVENT( 1876): => RESPONSE =>   RADIO_CURRENT_SUB_FREQ_M: 0x832f(0x832f))
I/RadioService( 1876): handleMessage(Message msg)
E/RadioService( 1876): in case RADIO_CURRENT_SUB_FREQ_M_L : 10210
I/RadioService( 1876): CWL Start mHDDataService.mHDBandScan.onUpdateCurrentSubFrequency()
I/RadioService( 1876): CWL sendSetSubFrequencyCommand ,frequency = 10230
I/RDO_MICOM_CMD_EVENT( 1876): => COMMAND => RADIO_SET_SUB_FREQ_C: 0x304(0x304))
D/MicomD  ( 1466): send_data: c => m : ff 87 03 01 03 04 00 04 27 f6 01 a9 
D/MicomD  ( 1466): ReceivedData[SUCCESS]: m => c : : ff 03 87 01 83 2f 00 03 27 f6 04 
I/RadioService( 1876): onEvent(byte[] data[2] = 0x27 0xf6 )
I/RDO_MICOM_CMD_EVENT( 1876): => RESPONSE =>   RADIO_CURRENT_SUB_FREQ_M: 0x832f(0x832f))
I/RadioService( 1876): handleMessage(Message msg)
E/RadioService( 1876): in case RADIO_CURRENT_SUB_FREQ_M_L : 10230
I/RadioService( 1876): CWL Start mHDDataService.mHDBandScan.onUpdateCurrentSubFrequency()
I/RadioService( 1876): CWL sendSetSubFrequencyCommand ,frequency = 10250
I/RDO_MICOM_CMD_EVENT( 1876): => COMMAND => RADIO_SET_SUB_FREQ_C: 0x304(0x304))
D/MicomD  ( 1466): send_data: c => m : ff 87 03 01 03 04 00 04 28 0a 01 5a 
D/MicomD  ( 1466): ReceivedData[SUCCESS]: m => c : : ff 03 87 01 83 2f 00 03 28 0a f7 
I/RadioService( 1876): onEvent(byte[] data[2] = 0x28 0x0a )
I/RDO_MICOM_CMD_EVENT( 1876): => RESPONSE =>   RADIO_CURRENT_SUB_FREQ_M: 0x832f(0x832f))
I/RadioService( 1876): handleMessage(Message msg)
E/RadioService( 1876): in case RADIO_CURRENT_SUB_FREQ_M_L : 10250
I/RadioService( 1876): CWL Start mHDDataService.mHDBandScan.onUpdateCurrentSubFrequency()
I/RadioService( 1876): CWL sendSetSubFrequencyCommand ,frequency = 10270
I/RDO_MICOM_CMD_EVENT( 1876): => COMMAND => RADIO_SET_SUB_FREQ_C: 0x304(0x304))
D/MicomD  ( 1466): send_data: c => m : ff 87 03 01 03 04 00 04 28 1e 01 4e 
D/MicomD  ( 1466): ReceivedData[SUCCESS]: m => c : : ff 03 87 01 83 2f 00 03 28 1e e3 
I/RadioService( 1876): onEvent(byte[] data[2] = 0x28 0x1e )
I/RDO_MICOM_CMD_EVENT( 1876): => RESPONSE =>   RADIO_CURRENT_SUB_FREQ_M: 0x832f(0x832f))
I/RadioService( 1876): handleMessage(Message msg)
E/RadioService( 1876): in case RADIO_CURRENT_SUB_FREQ_M_L : 10270
I/RadioService( 1876): CWL Start mHDDataService.mHDBandScan.onUpdateCurrentSubFrequency()
D/PhoneProjection( 3364): [ PhoneProjectionService ] onConnectStatus:0
D/vhandler( 2349): [01:30:51:472] [FeatureGpm] onConnectStatus:0
D/vhandler( 2349): [01:30:51:473] [FeatureGpm] onConnectStatus: GPM_INITIALIZE(0)
I/RadioService( 1876): CWL sendSetSubFrequencyCommand ,frequency = 10290
I/RDO_MICOM_CMD_EVENT( 1876): => COMMAND => RADIO_SET_SUB_FREQ_C: 0x304(0x304))
D/MicomD  ( 1466): send_data: c => m : ff 87 03 01 03 04 00 04 28 32 01 62 
D/MicomD  ( 1466): ReceivedData[SUCCESS]: m => c : : ff 03 87 01 83 2f 00 03 28 32 cf 
I/RadioService( 1876): onEvent(byte[] data[2] = 0x28 0x32 )
I/RDO_MICOM_CMD_EVENT( 1876): => RESPONSE =>   RADIO_CURRENT_SUB_FREQ_M: 0x832f(0x832f))
I/RadioService( 1876): handleMessage(Message msg)
E/RadioService( 1876): in case RADIO_CURRENT_SUB_FREQ_M_L : 10290
I/RadioService( 1876): CWL Start mHDDataService.mHDBandScan.onUpdateCurrentSubFrequency()
V/ModeManagerService( 1876): setMediaStatus : BLUETOOTH STREAMING to AVAILABLE(1) called by Application
V/ModeManagerService( 1876): setMediaStatus : BLUETOOTH STREAMING => duplicated information
I/RadioService( 1876): CWL sendSetSubFrequencyCommand ,frequency = 10310
I/RDO_MICOM_CMD_EVENT( 1876): => COMMAND => RADIO_SET_SUB_FREQ_C: 0x304(0x304))
D/MicomD  ( 1466): send_data: c => m : ff 87 03 01 03 04 00 04 28 46 01 16 
D/MicomD  ( 1466): ReceivedData[SUCCESS]: m => c : : ff 03 87 01 83 2f 00 03 28 46 bb 
I/RadioService( 1876): onEvent(byte[] data[2] = 0x28 0x46 )
I/RDO_MICOM_CMD_EVENT( 1876): => RESPONSE =>   RADIO_CURRENT_SUB_FREQ_M: 0x832f(0x832f))
I/RadioService( 1876): handleMessage(Message msg)
E/RadioService( 1876): in case RADIO_CURRENT_SUB_FREQ_M_L : 10310
I/RadioService( 1876): CWL Start mHDDataService.mHDBandScan.onUpdateCurrentSubFrequency()
D/BCMService( 1876): isBcanValid()
D/MicomD  ( 1466): send_data: c => m : ff 8e 0b 01 0b c7 00 02 c7 72 
D/MicomD  ( 1466): ReceivedData[SUCCESS]: m => c : : ff 0b 8e 01 8b c7 00 04 c7 00 01 f5 
D/BCMService( 1876): onEvent() : 35783 8bc7
D/BCMService( 1876): BCAN_VALID : -57 0
I/TM_HSCANPacketRunner( 1876): onEventFromMicom(APP) : [8e, 8b, c7, c7, 00, 01]
I/RadioService( 1876): CWL sendSetSubFrequencyCommand ,frequency = 10330
I/RDO_MICOM_CMD_EVENT( 1876): => COMMAND => RADIO_SET_SUB_FREQ_C: 0x304(0x304))
D/MicomD  ( 1466): send_data: c => m : ff 87 03 01 03 04 00 04 28 5a 01 0a 
D/MicomD  ( 1466): ReceivedData[SUCCESS]: m => c : : ff 03 87 01 83 2f 00 03 28 5a a7 
I/RadioService( 1876): onEvent(byte[] data[2] = 0x28 0x5a )
I/RDO_MICOM_CMD_EVENT( 1876): => RESPONSE =>   RADIO_CURRENT_SUB_FREQ_M: 0x832f(0x832f))
I/RadioService( 1876): handleMessage(Message msg)
E/RadioService( 1876): in case RADIO_CURRENT_SUB_FREQ_M_L : 10330
I/RadioService( 1876): CWL Start mHDDataService.mHDBandScan.onUpdateCurrentSubFrequency()
D/MicomFactoryService( 1876): => sndId(0x83), rcvId(0x9), type(0x1), funcH(0x9), funcL(0x9e), data(null)
I/RadioService( 1876): CWL sendSetSubFrequencyCommand ,frequency = 10350
I/RDO_MICOM_CMD_EVENT( 1876): => COMMAND => RADIO_SET_SUB_FREQ_C: 0x304(0x304))
D/MicomD  ( 1466): send_data: c => m : ff 83 09 01 09 9e 00 01 e2 
D/MicomD  ( 1466): send_data: c => m : ff 87 03 01 03 04 00 04 28 6e 01 3e 
D/MicomD  ( 1466): ReceivedData[SUCCESS]: m => c : : ff 03 87 01 83 2f 00 03 28 6e 93 
I/RadioService( 1876): onEvent(byte[] data[2] = 0x28 0x6e )
I/RDO_MICOM_CMD_EVENT( 1876): => RESPONSE =>   RADIO_CURRENT_SUB_FREQ_M: 0x832f(0x832f))
I/RadioService( 1876): handleMessage(Message msg)
E/RadioService( 1876): in case RADIO_CURRENT_SUB_FREQ_M_L : 10350
I/RadioService( 1876): CWL Start mHDDataService.mHDBandScan.onUpdateCurrentSubFrequency()
I/RadioService( 1876): CWL sendSetSubFrequencyCommand ,frequency = 10370
I/RDO_MICOM_CMD_EVENT( 1876): => COMMAND => RADIO_SET_SUB_FREQ_C: 0x304(0x304))
D/MicomD  ( 1466): send_data: c => m : ff 87 03 01 03 04 00 04 28 82 01 d2 
D/MicomD  ( 1466): ReceivedData[SUCCESS]: m => c : : ff 03 87 01 83 2f 00 03 28 82 7f 
I/RadioService( 1876): onEvent(byte[] data[2] = 0x28 0x82 )
I/RDO_MICOM_CMD_EVENT( 1876): => RESPONSE =>   RADIO_CURRENT_SUB_FREQ_M: 0x832f(0x832f))
I/RadioService( 1876): handleMessage(Message msg)
E/RadioService( 1876): in case RADIO_CURRENT_SUB_FREQ_M_L : 10370
I/RadioService( 1876): CWL Start mHDDataService.mHDBandScan.onUpdateCurrentSubFrequency()
I/RadioService( 1876): CWL sendSetSubFrequencyCommand ,frequency = 10390
I/RDO_MICOM_CMD_EVENT( 1876): => COMMAND => RADIO_SET_SUB_FREQ_C: 0x304(0x304))
D/MicomD  ( 1466): send_data: c => m : ff 87 03 01 03 04 00 04 28 96 01 c6 
D/MicomD  ( 1466): ReceivedData[SUCCESS]: m => c : : ff 03 87 01 83 2f 00 03 28 96 6b 
I/RadioService( 1876): onEvent(byte[] data[2] = 0x28 0x96 )
I/RDO_MICOM_CMD_EVENT( 1876): => RESPONSE =>   RADIO_CURRENT_SUB_FREQ_M: 0x832f(0x832f))
I/RadioService( 1876): handleMessage(Message msg)
E/RadioService( 1876): in case RADIO_CURRENT_SUB_FREQ_M_L : 10390
I/RadioService( 1876): CWL Start mHDDataService.mHDBandScan.onUpdateCurrentSubFrequency()
I/RadioService( 1876): CWL sendSetSubFrequencyCommand ,frequency = 10410
I/RDO_MICOM_CMD_EVENT( 1876): => COMMAND => RADIO_SET_SUB_FREQ_C: 0x304(0x304))
D/MicomD  ( 1466): send_data: c => m : ff 87 03 01 03 04 00 04 28 aa 01 fa 
D/MicomD  ( 1466): ReceivedData[SUCCESS]: m => c : : ff 03 87 01 83 2f 00 03 28 aa 57 
I/RadioService( 1876): onEvent(byte[] data[2] = 0x28 0xaa )
I/RDO_MICOM_CMD_EVENT( 1876): => RESPONSE =>   RADIO_CURRENT_SUB_FREQ_M: 0x832f(0x832f))
I/RadioService( 1876): handleMessage(Message msg)
E/RadioService( 1876): in case RADIO_CURRENT_SUB_FREQ_M_L : 10410
I/RadioService( 1876): CWL Start mHDDataService.mHDBandScan.onUpdateCurrentSubFrequency()
D/PhoneProjection( 3364): [ PhoneProjectionService ] onConnectStatus:0
D/vhandler( 2349): [01:30:52:473] [FeatureGpm] onConnectStatus:0
D/vhandler( 2349): [01:30:52:474] [FeatureGpm] onConnectStatus: GPM_INITIALIZE(0)
I/RadioService( 1876): CWL sendSetSubFrequencyCommand ,frequency = 10430
I/RDO_MICOM_CMD_EVENT( 1876): => COMMAND => RADIO_SET_SUB_FREQ_C: 0x304(0x304))
D/MicomD  ( 1466): send_data: c => m : ff 87 03 01 03 04 00 04 28 be 01 ee 
D/MicomD  ( 1466): ReceivedData[SUCCESS]: m => c : : ff 03 87 01 83 2f 00 03 28 be 43 
I/RadioService( 1876): onEvent(byte[] data[2] = 0x28 0xbe )
I/RDO_MICOM_CMD_EVENT( 1876): => RESPONSE =>   RADIO_CURRENT_SUB_FREQ_M: 0x832f(0x832f))
I/RadioService( 1876): handleMessage(Message msg)
E/RadioService( 1876): in case RADIO_CURRENT_SUB_FREQ_M_L : 10430
I/RadioService( 1876): CWL Start mHDDataService.mHDBandScan.onUpdateCurrentSubFrequency()
V/ModeManagerService( 1876): setMediaStatus : BLUETOOTH STREAMING to AVAILABLE(1) called by Application
V/ModeManagerService( 1876): setMediaStatus : BLUETOOTH STREAMING => duplicated information
I/RadioService( 1876): CWL sendSetSubFrequencyCommand ,frequency = 10450
I/RDO_MICOM_CMD_EVENT( 1876): => COMMAND => RADIO_SET_SUB_FREQ_C: 0x304(0x304))
D/MicomD  ( 1466): send_data: c => m : ff 87 03 01 03 04 00 04 28 d2 01 82 
D/MicomD  ( 1466): ReceivedData[SUCCESS]: m => c : : ff 03 87 01 83 2f 00 03 28 d2 2f 
I/RadioService( 1876): onEvent(byte[] data[2] = 0x28 0xd2 )
I/RDO_MICOM_CMD_EVENT( 1876): => RESPONSE =>   RADIO_CURRENT_SUB_FREQ_M: 0x832f(0x832f))
I/RadioService( 1876): handleMessage(Message msg)
E/RadioService( 1876): in case RADIO_CURRENT_SUB_FREQ_M_L : 10450
I/RadioService( 1876): CWL Start mHDDataService.mHDBandScan.onUpdateCurrentSubFrequency()
D/BCMService( 1876): isBcanValid()
D/MicomD  ( 1466): send_data: c => m : ff 8e 0b 01 0b c7 00 02 c7 72 
D/MicomD  ( 1466): ReceivedData[SUCCESS]: m => c : : ff 0b 8e 01 8b c7 00 04 c7 00 01 f5 
D/BCMService( 1876): onEvent() : 35783 8bc7
D/BCMService( 1876): BCAN_VALID : -57 0
I/TM_HSCANPacketRunner( 1876): onEventFromMicom(APP) : [8e, 8b, c7, c7, 00, 01]
I/RadioService( 1876): CWL sendSetSubFrequencyCommand ,frequency = 10470
I/RDO_MICOM_CMD_EVENT( 1876): => COMMAND => RADIO_SET_SUB_FREQ_C: 0x304(0x304))
D/MicomD  ( 1466): send_data: c => m : ff 87 03 01 03 04 00 04 28 e6 01 b6 
D/MicomD  ( 1466): ReceivedData[SUCCESS]: m => c : : ff 03 87 01 83 2f 00 03 28 e6 1b 
I/RadioService( 1876): onEvent(byte[] data[2] = 0x28 0xe6 )
I/RDO_MICOM_CMD_EVENT( 1876): => RESPONSE =>   RADIO_CURRENT_SUB_FREQ_M: 0x832f(0x832f))
I/RadioService( 1876): handleMessage(Message msg)
E/RadioService( 1876): in case RADIO_CURRENT_SUB_FREQ_M_L : 10470
I/RadioService( 1876): CWL Start mHDDataService.mHDBandScan.onUpdateCurrentSubFrequency()
I/RadioService( 1876): CWL sendSetSubFrequencyCommand ,frequency = 10490
I/RDO_MICOM_CMD_EVENT( 1876): => COMMAND => RADIO_SET_SUB_FREQ_C: 0x304(0x304))
D/MicomD  ( 1466): send_data: c => m : ff 87 03 01 03 04 00 04 28 fa 01 aa 
D/MicomD  ( 1466): ReceivedData[SUCCESS]: m => c : : ff 03 87 01 83 2f 00 03 28 fa 07 
I/RadioService( 1876): onEvent(byte[] data[2] = 0x28 0xfa )
I/RDO_MICOM_CMD_EVENT( 1876): => RESPONSE =>   RADIO_CURRENT_SUB_FREQ_M: 0x832f(0x832f))
I/RadioService( 1876): handleMessage(Message msg)
E/RadioService( 1876): in case RADIO_CURRENT_SUB_FREQ_M_L : 10490
I/RadioService( 1876): CWL Start mHDDataService.mHDBandScan.onUpdateCurrentSubFrequency()
I/RadioService( 1876): CWL sendSetSubFrequencyCommand ,frequency = 10510
I/RDO_MICOM_CMD_EVENT( 1876): => COMMAND => RADIO_SET_SUB_FREQ_C: 0x304(0x304))
D/MicomD  ( 1466): send_data: c => m : ff 87 03 01 03 04 00 04 29 0e 01 5f 
D/MicomD  ( 1466): ReceivedData[SUCCESS]: m => c : : ff 03 87 01 83 2f 00 03 29 0e f2 
I/RadioService( 1876): onEvent(byte[] data[2] = 0x29 0x0e )
I/RDO_MICOM_CMD_EVENT( 1876): => RESPONSE =>   RADIO_CURRENT_SUB_FREQ_M: 0x832f(0x832f))
I/RadioService( 1876): handleMessage(Message msg)
E/RadioService( 1876): in case RADIO_CURRENT_SUB_FREQ_M_L : 10510
I/RadioService( 1876): CWL Start mHDDataService.mHDBandScan.onUpdateCurrentSubFrequency()
I/RadioService( 1876): CWL sendSetSubFrequencyCommand ,frequency = 10530
I/RDO_MICOM_CMD_EVENT( 1876): => COMMAND => RADIO_SET_SUB_FREQ_C: 0x304(0x304))
D/MicomD  ( 1466): send_data: c => m : ff 87 03 01 03 04 00 04 29 22 01 73 
D/MicomD  ( 1466): ReceivedData[SUCCESS]: m => c : : ff 03 87 01 83 2f 00 03 29 22 de 
I/RadioService( 1876): onEvent(byte[] data[2] = 0x29 0x22 )
I/RDO_MICOM_CMD_EVENT( 1876): => RESPONSE =>   RADIO_CURRENT_SUB_FREQ_M: 0x832f(0x832f))
I/RadioService( 1876): handleMessage(Message msg)
E/RadioService( 1876): in case RADIO_CURRENT_SUB_FREQ_M_L : 10530
I/RadioService( 1876): CWL Start mHDDataService.mHDBandScan.onUpdateCurrentSubFrequency()
I/RadioService( 1876): CWL sendSetSubFrequencyCommand ,frequency = 10550
I/RDO_MICOM_CMD_EVENT( 1876): => COMMAND => RADIO_SET_SUB_FREQ_C: 0x304(0x304))
D/MicomD  ( 1466): send_data: c => m : ff 87 03 01 03 04 00 04 29 36 01 67 
D/PhoneProjection( 3364): [ PhoneProjectionService ] onConnectStatus:0
D/MicomD  ( 1466): ReceivedData[SUCCESS]: m => c : : ff 03 87 01 83 2f 00 03 29 36 ca 
I/RadioService( 1876): onEvent(byte[] data[2] = 0x29 0x36 )
I/RDO_MICOM_CMD_EVENT( 1876): => RESPONSE =>   RADIO_CURRENT_SUB_FREQ_M: 0x832f(0x832f))
I/RadioService( 1876): handleMessage(Message msg)
E/RadioService( 1876): in case RADIO_CURRENT_SUB_FREQ_M_L : 10550
I/RadioService( 1876): CWL Start mHDDataService.mHDBandScan.onUpdateCurrentSubFrequency()
D/vhandler( 2349): [01:30:53:474] [FeatureGpm] onConnectStatus:0
D/vhandler( 2349): [01:30:53:474] [FeatureGpm] onConnectStatus: GPM_INITIALIZE(0)
I/RadioService( 1876): CWL sendSetSubFrequencyCommand ,frequency = 10570
I/RDO_MICOM_CMD_EVENT( 1876): => COMMAND => RADIO_SET_SUB_FREQ_C: 0x304(0x304))
D/MicomD  ( 1466): send_data: c => m : ff 87 03 01 03 04 00 04 29 4a 01 1b 
D/MicomD  ( 1466): ReceivedData[SUCCESS]: m => c : : ff 03 87 01 83 2f 00 03 29 4a b6 
I/RadioService( 1876): onEvent(byte[] data[2] = 0x29 0x4a )
I/RDO_MICOM_CMD_EVENT( 1876): => RESPONSE =>   RADIO_CURRENT_SUB_FREQ_M: 0x832f(0x832f))
I/RadioService( 1876): handleMessage(Message msg)
E/RadioService( 1876): in case RADIO_CURRENT_SUB_FREQ_M_L : 10570
I/RadioService( 1876): CWL Start mHDDataService.mHDBandScan.onUpdateCurrentSubFrequency()
V/ModeManagerService( 1876): setMediaStatus : BLUETOOTH STREAMING to AVAILABLE(1) called by Application
V/ModeManagerService( 1876): setMediaStatus : BLUETOOTH STREAMING => duplicated information
D/BCMService( 1876): isBcanValid()
D/MicomD  ( 1466): send_data: c => m : ff 8e 0b 01 0b c7 00 02 c7 72 
D/MicomD  ( 1466): ReceivedData[SUCCESS]: m => c : : ff 0b 8e 01 8b c7 00 04 c7 00 01 f5 
D/BCMService( 1876): onEvent() : 35783 8bc7
D/BCMService( 1876): BCAN_VALID : -57 0
I/TM_HSCANPacketRunner( 1876): onEventFromMicom(APP) : [8e, 8b, c7, c7, 00, 01]
I/RadioService( 1876): CWL sendSetSubFrequencyCommand ,frequency = 10590
I/RDO_MICOM_CMD_EVENT( 1876): => COMMAND => RADIO_SET_SUB_FREQ_C: 0x304(0x304))
D/MicomD  ( 1466): send_data: c => m : ff 87 03 01 03 04 00 04 29 5e 01 0f 
D/MicomD  ( 1466): ReceivedData[SUCCESS]: m => c : : ff 03 87 01 83 2f 00 03 29 5e a2 
I/RadioService( 1876): onEvent(byte[] data[2] = 0x29 0x5e )
I/RDO_MICOM_CMD_EVENT( 1876): => RESPONSE =>   RADIO_CURRENT_SUB_FREQ_M: 0x832f(0x832f))
I/RadioService( 1876): handleMessage(Message msg)
E/RadioService( 1876): in case RADIO_CURRENT_SUB_FREQ_M_L : 10590
I/RadioService( 1876): CWL Start mHDDataService.mHDBandScan.onUpdateCurrentSubFrequency()
I/RadioService( 1876): CWL sendSetSubFrequencyCommand ,frequency = 10610
I/RDO_MICOM_CMD_EVENT( 1876): => COMMAND => RADIO_SET_SUB_FREQ_C: 0x304(0x304))
D/MicomD  ( 1466): send_data: c => m : ff 87 03 01 03 04 00 04 29 72 01 23 
D/MicomD  ( 1466): ReceivedData[SUCCESS]: m => c : : ff 03 87 01 83 2f 00 03 29 72 8e 
I/RadioService( 1876): onEvent(byte[] data[2] = 0x29 0x72 )
I/RDO_MICOM_CMD_EVENT( 1876): => RESPONSE =>   RADIO_CURRENT_SUB_FREQ_M: 0x832f(0x832f))
I/RadioService( 1876): handleMessage(Message msg)
E/RadioService( 1876): in case RADIO_CURRENT_SUB_FREQ_M_L : 10610
I/RadioService( 1876): CWL Start mHDDataService.mHDBandScan.onUpdateCurrentSubFrequency()
I/RadioService( 1876): CWL sendSetSubFrequencyCommand ,frequency = 10630
I/RDO_MICOM_CMD_EVENT( 1876): => COMMAND => RADIO_SET_SUB_FREQ_C: 0x304(0x304))
D/MicomD  ( 1466): send_data: c => m : ff 87 03 01 03 04 00 04 29 86 01 d7 
D/MicomD  ( 1466): ReceivedData[SUCCESS]: m => c : : ff 03 87 01 83 2f 00 03 29 86 7a 
I/RadioService( 1876): onEvent(byte[] data[2] = 0x29 0x86 )
I/RDO_MICOM_CMD_EVENT( 1876): => RESPONSE =>   RADIO_CURRENT_SUB_FREQ_M: 0x832f(0x832f))
I/RadioService( 1876): handleMessage(Message msg)
E/RadioService( 1876): in case RADIO_CURRENT_SUB_FREQ_M_L : 10630
I/RadioService( 1876): CWL Start mHDDataService.mHDBandScan.onUpdateCurrentSubFrequency()
I/SXM65HD ( 1465): SXM WT K:1, C:0
I/RadioService( 1876): CWL sendSetSubFrequencyCommand ,frequency = 10650
I/RDO_MICOM_CMD_EVENT( 1876): => COMMAND => RADIO_SET_SUB_FREQ_C: 0x304(0x304))
D/MicomD  ( 1466): send_data: c => m : ff 87 03 01 03 04 00 04 29 9a 01 cb 
D/MicomD  ( 1466): ReceivedData[SUCCESS]: m => c : : ff 03 87 01 83 2f 00 03 29 9a 66 
I/RadioService( 1876): onEvent(byte[] data[2] = 0x29 0x9a )
I/RDO_MICOM_CMD_EVENT( 1876): => RESPONSE =>   RADIO_CURRENT_SUB_FREQ_M: 0x832f(0x832f))
I/RadioService( 1876): handleMessage(Message msg)
E/RadioService( 1876): in case RADIO_CURRENT_SUB_FREQ_M_L : 10650
I/RadioService( 1876): CWL Start mHDDataService.mHDBandScan.onUpdateCurrentSubFrequency()
I/SplitVRMManager( 3350): remote split service is Connected
W/ContextImpl( 3350): Calling a method in the system process without a qualified user: android.app.ContextImpl.sendBroadcast:1188 android.content.ContextWrapper.sendBroadcast:365 com.hkmc.telematics.Vrm.util.UpdateDrivingInfoDataToHome.updateDrivingDataToHome:146 com.hkmc.telematics.service.VrmUiService.updateDrivingInfoToHmeWdgtAndLeftAndSS:1391 com.hkmc.telematics.service.VrmUiService$18.run:1371 
I/RadioService( 1876): CWL sendSetSubFrequencyCommand ,frequency = 10670
I/RDO_MICOM_CMD_EVENT( 1876): => COMMAND => RADIO_SET_SUB_FREQ_C: 0x304(0x304))
D/MicomD  ( 1466): send_data: c => m : ff 87 03 01 03 04 00 04 29 ae 01 ff 
D/MicomD  ( 1466): ReceivedData[SUCCESS]: m => c : : ff 03 87 01 83 2f 00 03 29 ae 52 
I/RadioService( 1876): onEvent(byte[] data[2] = 0x29 0xae )
I/RDO_MICOM_CMD_EVENT( 1876): => RESPONSE =>   RADIO_CURRENT_SUB_FREQ_M: 0x832f(0x832f))
I/RadioService( 1876): handleMessage(Message msg)
E/RadioService( 1876): in case RADIO_CURRENT_SUB_FREQ_M_L : 10670
I/RadioService( 1876): CWL Start mHDDataService.mHDBandScan.onUpdateCurrentSubFrequency()
D/PhoneProjection( 3364): [ PhoneProjectionService ] onConnectStatus:0
D/vhandler( 2349): [01:30:54:475] [FeatureGpm] onConnectStatus:0
I/RadioService( 1876): CWL sendSetSubFrequencyCommand ,frequency = 10690
I/RDO_MICOM_CMD_EVENT( 1876): => COMMAND => RADIO_SET_SUB_FREQ_C: 0x304(0x304))
D/vhandler( 2349): [01:30:54:475] [FeatureGpm] onConnectStatus: GPM_INITIALIZE(0)
D/MicomD  ( 1466): send_data: c => m : ff 87 03 01 03 04 00 04 29 c2 01 93 
D/MicomD  ( 1466): ReceivedData[SUCCESS]: m => c : : ff 03 87 01 83 2f 00 03 29 c2 3e 
I/RadioService( 1876): onEvent(byte[] data[2] = 0x29 0xc2 )
I/RDO_MICOM_CMD_EVENT( 1876): => RESPONSE =>   RADIO_CURRENT_SUB_FREQ_M: 0x832f(0x832f))
I/RadioService( 1876): handleMessage(Message msg)
E/RadioService( 1876): in case RADIO_CURRENT_SUB_FREQ_M_L : 10690
I/RadioService( 1876): CWL Start mHDDataService.mHDBandScan.onUpdateCurrentSubFrequency()
V/ModeManagerService( 1876): setMediaStatus : BLUETOOTH STREAMING to AVAILABLE(1) called by Application
V/ModeManagerService( 1876): setMediaStatus : BLUETOOTH STREAMING => duplicated information
I/RadioService( 1876): CWL sendSetSubFrequencyCommand ,frequency = 10710
I/RDO_MICOM_CMD_EVENT( 1876): => COMMAND => RADIO_SET_SUB_FREQ_C: 0x304(0x304))
D/MicomD  ( 1466): send_data: c => m : ff 87 03 01 03 04 00 04 29 d6 01 87 
D/MicomD  ( 1466): ReceivedData[SUCCESS]: m => c : : ff 03 87 01 83 2f 00 03 29 d6 2a 
I/RadioService( 1876): onEvent(byte[] data[2] = 0x29 0xd6 )
I/RDO_MICOM_CMD_EVENT( 1876): => RESPONSE =>   RADIO_CURRENT_SUB_FREQ_M: 0x832f(0x832f))
I/RadioService( 1876): handleMessage(Message msg)
E/RadioService( 1876): in case RADIO_CURRENT_SUB_FREQ_M_L : 10710
I/RadioService( 1876): CWL Start mHDDataService.mHDBandScan.onUpdateCurrentSubFrequency()
D/BCMService( 1876): isBcanValid()
D/MicomD  ( 1466): send_data: c => m : ff 8e 0b 01 0b c7 00 02 c7 72 
D/MicomD  ( 1466): ReceivedData[SUCCESS]: m => c : : ff 0b 8e 01 8b c7 00 04 c7 00 01 f5 
D/BCMService( 1876): onEvent() : 35783 8bc7
D/BCMService( 1876): BCAN_VALID : -57 0
I/TM_HSCANPacketRunner( 1876): onEventFromMicom(APP) : [8e, 8b, c7, c7, 00, 01]
I/RadioService( 1876): CWL sendSetSubFrequencyCommand ,frequency = 10730
I/RDO_MICOM_CMD_EVENT( 1876): => COMMAND => RADIO_SET_SUB_FREQ_C: 0x304(0x304))
D/MicomD  ( 1466): send_data: c => m : ff 87 03 01 03 04 00 04 29 ea 01 bb 
D/MicomD  ( 1466): ReceivedData[SUCCESS]: m => c : : ff 03 87 01 83 2f 00 03 29 ea 16 
I/RadioService( 1876): onEvent(byte[] data[2] = 0x29 0xea )
I/RDO_MICOM_CMD_EVENT( 1876): => RESPONSE =>   RADIO_CURRENT_SUB_FREQ_M: 0x832f(0x832f))
I/RadioService( 1876): handleMessage(Message msg)
E/RadioService( 1876): in case RADIO_CURRENT_SUB_FREQ_M_L : 10730
I/RadioService( 1876): CWL Start mHDDataService.mHDBandScan.onUpdateCurrentSubFrequency()
I/HDBandScan( 1876): Run Timer - Eng Mode Displaying +++++
I/HDBandScan( 1876): EngDisplay: Phase=2-Tuner, SPI2=276
I/HDBandScan( 1876): EngDisplay: TunedFrequency=0, Station=null, DSQM=0, Cd/No=0, FilteredDSQM=0,
I/HDBandScan( 1876): EngDisplay: RadioState=1, SisCRCLock=0, Dig=0, SXM State=Invalid
I/RadioService( 1876): CWL sendSetSubFrequencyCommand ,frequency = 10750
I/RDO_MICOM_CMD_EVENT( 1876): => COMMAND => RADIO_SET_SUB_FREQ_C: 0x304(0x304))
D/MicomD  ( 1466): send_data: c => m : ff 87 03 01 03 04 00 04 29 fe 01 af 
D/MicomD  ( 1466): ReceivedData[SUCCESS]: m => c : : ff 03 87 01 83 2f 00 03 29 fe 02 
I/RadioService( 1876): onEvent(byte[] data[2] = 0x29 0xfe )
I/RDO_MICOM_CMD_EVENT( 1876): => RESPONSE =>   RADIO_CURRENT_SUB_FREQ_M: 0x832f(0x832f))
I/RadioService( 1876): handleMessage(Message msg)
E/RadioService( 1876): in case RADIO_CURRENT_SUB_FREQ_M_L : 10750
I/RadioService( 1876): CWL Start mHDDataService.mHDBandScan.onUpdateCurrentSubFrequency()
I/RadioService( 1876): CWL sendSetSubFrequencyCommand ,frequency = 10770
I/RDO_MICOM_CMD_EVENT( 1876): => COMMAND => RADIO_SET_SUB_FREQ_C: 0x304(0x304))
D/MicomD  ( 1466): send_data: c => m : ff 87 03 01 03 04 00 04 2a 12 01 40 
D/MicomD  ( 1466): ReceivedData[SUCCESS]: m => c : : ff 03 87 01 83 2f 00 03 2a 12 ed 
I/RadioService( 1876): onEvent(byte[] data[2] = 0x2a 0x12 )
I/RDO_MICOM_CMD_EVENT( 1876): => RESPONSE =>   RADIO_CURRENT_SUB_FREQ_M: 0x832f(0x832f))
I/RadioService( 1876): handleMessage(Message msg)
E/RadioService( 1876): in case RADIO_CURRENT_SUB_FREQ_M_L : 10770
I/RadioService( 1876): CWL Start mHDDataService.mHDBandScan.onUpdateCurrentSubFrequency()
I/RadioService( 1876): CWL sendSetSubFrequencyCommand ,frequency = 10790
I/RDO_MICOM_CMD_EVENT( 1876): => COMMAND => RADIO_SET_SUB_FREQ_C: 0x304(0x304))
D/MicomD  ( 1466): send_data: c => m : ff 87 03 01 03 04 00 04 2a 26 01 74 
D/MicomD  ( 1466): ReceivedData[SUCCESS]: m => c : : ff 03 87 01 83 2f 00 03 2a 26 d9 
I/RadioService( 1876): onEvent(byte[] data[2] = 0x2a 0x26 )
I/RDO_MICOM_CMD_EVENT( 1876): => RESPONSE =>   RADIO_CURRENT_SUB_FREQ_M: 0x832f(0x832f))
I/RadioService( 1876): handleMessage(Message msg)
E/RadioService( 1876): in case RADIO_CURRENT_SUB_FREQ_M_L : 10790
I/RadioService( 1876): CWL Start mHDDataService.mHDBandScan.onUpdateCurrentSubFrequency()
I/HDBandScan( 1876): +++++ Reduce DSQM Threshold: Threshold = 32768
D/AvnStatusBar.NetworkController( 1987): VariantCoding.VARIANT_TELEMATICS : 1 (unknown -1 / off 0 / on 1)
D/AvnStatusBarPolicy( 1987): onPhoneSignalChanged true  11  0
D/AvnStatusBar( 1987): updateIcon slot=phone_signal index=5 viewIndex=3 old=StatusBarIcon(pkg=com.android.systemuiuser=0 id=0x7f02009f level=0 visible=true num=0 ) icon=StatusBarIcon(pkg=com.android.systemuiuser=0 id=0x7f02009f level=0 visible=true num=0 )
D/PhoneProjection( 3364): [ PhoneProjectionService ] onConnectStatus:0
D/vhandler( 2349): [01:30:55:475] [FeatureGpm] onConnectStatus:0
D/vhandler( 2349): [01:30:55:476] [FeatureGpm] onConnectStatus: GPM_INITIALIZE(0)
I/HDBandScan( 1876): StateMode-BandScan: Loop Threshold = 32768
I/HDSaturnMain( 1876): OK: setIBOCCntrl_Cnfg
I/RadioService( 1876): CWL sendSetSubFrequencyCommand ,frequency = 8750
I/RDO_MICOM_CMD_EVENT( 1876): => COMMAND => RADIO_SET_SUB_FREQ_C: 0x304(0x304))
D/MicomD  ( 1466): send_data: c => m : ff 87 03 01 03 04 00 04 22 2e 01 74 
D/MicomD  ( 1466): ReceivedData[SUCCESS]: m => c : : ff 03 87 01 83 2f 00 03 22 2e d9 
I/RadioService( 1876): onEvent(byte[] data[2] = 0x22 0x2e )
I/RDO_MICOM_CMD_EVENT( 1876): => RESPONSE =>   RADIO_CURRENT_SUB_FREQ_M: 0x832f(0x832f))
I/RadioService( 1876): handleMessage(Message msg)
E/RadioService( 1876): in case RADIO_CURRENT_SUB_FREQ_M_L : 8750
I/RadioService( 1876): CWL Start mHDDataService.mHDBandScan.onUpdateCurrentSubFrequency()
V/ModeManagerService( 1876): setMediaStatus : BLUETOOTH STREAMING to AVAILABLE(1) called by Application
V/ModeManagerService( 1876): setMediaStatus : BLUETOOTH STREAMING => duplicated information
D/BCMService( 1876): isBcanValid()
D/MicomD  ( 1466): send_data: c => m : ff 8e 0b 01 0b c7 00 02 c7 72 
D/MicomD  ( 1466): ReceivedData[SUCCESS]: m => c : : ff 0b 8e 01 8b c7 00 04 c7 00 01 f5 
D/BCMService( 1876): onEvent() : 35783 8bc7
D/BCMService( 1876): BCAN_VALID : -57 0
I/TM_HSCANPacketRunner( 1876): onEventFromMicom(APP) : [8e, 8b, c7, c7, 00, 01]
D/AudioService( 1876): setBluetoothA2dpInputOn : false
D/AudioService( 1876): setBluetoothA2dpInputOn : done
D/AvnStatusBar.NetworkController( 1987): VariantCoding.VARIANT_TELEMATICS : 1 (unknown -1 / off 0 / on 1)
D/AvnStatusBarPolicy( 1987): onPhoneSignalChanged true  11  0
D/AvnStatusBar( 1987): updateIcon slot=phone_signal index=5 viewIndex=3 old=StatusBarIcon(pkg=com.android.systemuiuser=0 id=0x7f02009f level=0 visible=true num=0 ) icon=StatusBarIcon(pkg=com.android.systemuiuser=0 id=0x7f02009f level=0 visible=true num=0 )
D/PhoneProjection( 3364): [ PhoneProjectionService ] onConnectStatus:0
D/vhandler( 2349): [01:30:56:475] [FeatureGpm] onConnectStatus:0
D/vhandler( 2349): [01:30:56:476] [FeatureGpm] onConnectStatus: GPM_INITIALIZE(0)
I/RadioService( 1876): CWL sendSetSubFrequencyCommand ,frequency = 8750
I/RDO_MICOM_CMD_EVENT( 1876): => COMMAND => RADIO_SET_SUB_FREQ_C: 0x304(0x304))
D/MicomD  ( 1466): send_data: c => m : ff 87 03 01 03 04 00 04 22 2e 01 74 
D/MicomD  ( 1466): ReceivedData[SUCCESS]: m => c : : ff 03 87 01 83 2f 00 03 22 2e d9 
I/RadioService( 1876): onEvent(byte[] data[2] = 0x22 0x2e )
I/RDO_MICOM_CMD_EVENT( 1876): => RESPONSE =>   RADIO_CURRENT_SUB_FREQ_M: 0x832f(0x832f))
I/RadioService( 1876): handleMessage(Message msg)
E/RadioService( 1876): in case RADIO_CURRENT_SUB_FREQ_M_L : 8750
I/RadioService( 1876): CWL Start mHDDataService.mHDBandScan.onUpdateCurrentSubFrequency()
V/ModeManagerService( 1876): setMediaStatus : BLUETOOTH STREAMING to AVAILABLE(1) called by Application
V/ModeManagerService( 1876): setMediaStatus : BLUETOOTH STREAMING => duplicated information
D/BCMService( 1876): isBcanValid()
I/RadioService( 1876): CWL sendSetSubFrequencyCommand ,frequency = 8770
I/RDO_MICOM_CMD_EVENT( 1876): => COMMAND => RADIO_SET_SUB_FREQ_C: 0x304(0x304))
D/MicomD  ( 1466): send_data: c => m : ff 8e 0b 01 0b c7 00 02 c7 72 
D/MicomD  ( 1466): send_data: c => m : ff 87 03 01 03 04 00 04 22 42 01 18 
D/MicomD  ( 1466): ReceivedData[SUCCESS]: m => c : : ff 0b 8e 01 8b c7 00 04 c7 00 01 f5 
D/BCMService( 1876): onEvent() : 35783 8bc7
D/BCMService( 1876): BCAN_VALID : -57 0
I/TM_HSCANPacketRunner( 1876): onEventFromMicom(APP) : [8e, 8b, c7, c7, 00, 01]
D/MicomD  ( 1466): ReceivedData[SUCCESS]: m => c : : ff 03 87 01 83 2f 00 03 22 42 b5 
I/RadioService( 1876): onEvent(byte[] data[2] = 0x22 0x42 )
I/RDO_MICOM_CMD_EVENT( 1876): => RESPONSE =>   RADIO_CURRENT_SUB_FREQ_M: 0x832f(0x832f))
I/RadioService( 1876): handleMessage(Message msg)
E/RadioService( 1876): in case RADIO_CURRENT_SUB_FREQ_M_L : 8770
I/RadioService( 1876): CWL Start mHDDataService.mHDBandScan.onUpdateCurrentSubFrequency()
I/RadioService( 1876): CWL sendSetSubFrequencyCommand ,frequency = 8790
I/RDO_MICOM_CMD_EVENT( 1876): => COMMAND => RADIO_SET_SUB_FREQ_C: 0x304(0x304))
D/MicomD  ( 1466): send_data: c => m : ff 87 03 01 03 04 00 04 22 56 01 0c 
D/MicomD  ( 1466): ReceivedData[SUCCESS]: m => c : : ff 03 87 01 83 2f 00 03 22 56 a1 
I/RadioService( 1876): onEvent(byte[] data[2] = 0x22 0x56 )
I/RDO_MICOM_CMD_EVENT( 1876): => RESPONSE =>   RADIO_CURRENT_SUB_FREQ_M: 0x832f(0x832f))
I/RadioService( 1876): handleMessage(Message msg)
E/RadioService( 1876): in case RADIO_CURRENT_SUB_FREQ_M_L : 8790
I/RadioService( 1876): CWL Start mHDDataService.mHDBandScan.onUpdateCurrentSubFrequency()
I/RadioService( 1876): CWL sendSetSubFrequencyCommand ,frequency = 8810
I/RDO_MICOM_CMD_EVENT( 1876): => COMMAND => RADIO_SET_SUB_FREQ_C: 0x304(0x304))
D/MicomD  ( 1466): send_data: c => m : ff 87 03 01 03 04 00 04 22 6a 01 30 
D/MicomD  ( 1466): ReceivedData[SUCCESS]: m => c : : ff 03 87 01 83 2f 00 03 22 6a 9d 
I/RadioService( 1876): onEvent(byte[] data[2] = 0x22 0x6a )
I/RDO_MICOM_CMD_EVENT( 1876): => RESPONSE =>   RADIO_CURRENT_SUB_FREQ_M: 0x832f(0x832f))
I/RadioService( 1876): handleMessage(Message msg)
E/RadioService( 1876): in case RADIO_CURRENT_SUB_FREQ_M_L : 8810
I/RadioService( 1876): CWL Start mHDDataService.mHDBandScan.onUpdateCurrentSubFrequency()
I/RadioService( 1876): CWL sendSetSubFrequencyCommand ,frequency = 8830
