I/RadioService( 1876): CWL Start mHDDataService.mHDBandScan.onUpdateCurrentSubFrequency()
I/RadioService( 1876): CWL sendSetSubFrequencyCommand ,frequency = 9010
I/RDO_MICOM_CMD_EVENT( 1876): => COMMAND => RADIO_SET_SUB_FREQ_C: 0x304(0x304))
D/MicomD  ( 1466): send_data: c => m : ff 87 03 01 03 04 00 04 23 32 01 69 
D/MicomD  ( 1466): ReceivedData[SUCCESS]: m => c : : ff 03 87 01 83 2f 00 03 23 32 c4 
I/RadioService( 1876): onEvent(byte[] data[2] = 0x23 0x32 )
I/RDO_MICOM_CMD_EVENT( 1876): => RESPONSE =>   RADIO_CURRENT_SUB_FREQ_M: 0x832f(0x832f))
I/RadioService( 1876): handleMessage(Message msg)
E/RadioService( 1876): in case RADIO_CURRENT_SUB_FREQ_M_L : 9010
I/RadioService( 1876): CWL Start mHDDataService.mHDBandScan.onUpdateCurrentSubFrequency()
D/AvnStatusBar.NetworkController( 1987): VariantCoding.VARIANT_TELEMATICS : 1 (unknown -1 / off 0 / on 1)
D/AvnStatusBarPolicy( 1987): onPhoneSignalChanged true  11  0
D/AvnStatusBar( 1987): updateIcon slot=phone_signal index=5 viewIndex=3 old=StatusBarIcon(pkg=com.android.systemuiuser=0 id=0x7f02009f level=0 visible=true num=0 ) icon=StatusBarIcon(pkg=com.android.systemuiuser=0 id=0x7f02009f level=0 visible=true num=0 )
D/PhoneProjection( 3364): [ PhoneProjectionService ] onConnectStatus:0
D/vhandler( 2349): [01:31:15:501] [FeatureGpm] onConnectStatus:0
D/vhandler( 2349): [01:31:15:501] [FeatureGpm] onConnectStatus: GPM_INITIALIZE(0)
I/RadioService( 1876): CWL sendSetSubFrequencyCommand ,frequency = 9030
I/RDO_MICOM_CMD_EVENT( 1876): => COMMAND => RADIO_SET_SUB_FREQ_C: 0x304(0x304))
D/MicomD  ( 1466): send_data: c => m : ff 87 03 01 03 04 00 04 23 46 01 1d 
D/MicomD  ( 1466): ReceivedData[SUCCESS]: m => c : : ff 03 87 01 83 2f 00 03 23 46 b0 
I/RadioService( 1876): onEvent(byte[] data[2] = 0x23 0x46 )
I/RDO_MICOM_CMD_EVENT( 1876): => RESPONSE =>   RADIO_CURRENT_SUB_FREQ_M: 0x832f(0x832f))
I/RadioService( 1876): handleMessage(Message msg)
E/RadioService( 1876): in case RADIO_CURRENT_SUB_FREQ_M_L : 9030
I/RadioService( 1876): CWL Start mHDDataService.mHDBandScan.onUpdateCurrentSubFrequency()
V/ModeManagerService( 1876): setMediaStatus : BLUETOOTH STREAMING to AVAILABLE(1) called by Application
V/ModeManagerService( 1876): setMediaStatus : BLUETOOTH STREAMING => duplicated information
I/RadioService( 1876): CWL sendSetSubFrequencyCommand ,frequency = 9050
I/RDO_MICOM_CMD_EVENT( 1876): => COMMAND => RADIO_SET_SUB_FREQ_C: 0x304(0x304))
D/MicomD  ( 1466): send_data: c => m : ff 87 03 01 03 04 00 04 23 5a 01 01 
D/MicomD  ( 1466): ReceivedData[SUCCESS]: m => c : : ff 03 87 01 83 2f 00 03 23 5a ac 
I/RadioService( 1876): onEvent(byte[] data[2] = 0x23 0x5a )
I/RDO_MICOM_CMD_EVENT( 1876): => RESPONSE =>   RADIO_CURRENT_SUB_FREQ_M: 0x832f(0x832f))
I/RadioService( 1876): handleMessage(Message msg)
E/RadioService( 1876): in case RADIO_CURRENT_SUB_FREQ_M_L : 9050
I/RadioService( 1876): CWL Start mHDDataService.mHDBandScan.onUpdateCurrentSubFrequency()
D/BCMService( 1876): isBcanValid()
D/MicomD  ( 1466): send_data: c => m : ff 8e 0b 01 0b c7 00 02 c7 72 
D/MicomD  ( 1466): ReceivedData[SUCCESS]: m => c : : ff 0b 8e 01 8b c7 00 04 c7 00 01 f5 
D/BCMService( 1876): onEvent() : 35783 8bc7
D/BCMService( 1876): BCAN_VALID : -57 0
I/TM_HSCANPacketRunner( 1876): onEventFromMicom(APP) : [8e, 8b, c7, c7, 00, 01]
I/RadioService( 1876): CWL sendSetSubFrequencyCommand ,frequency = 9070
I/RDO_MICOM_CMD_EVENT( 1876): => COMMAND => RADIO_SET_SUB_FREQ_C: 0x304(0x304))
D/MicomD  ( 1466): send_data: c => m : ff 87 03 01 03 04 00 04 23 6e 01 35 
D/MicomD  ( 1466): ReceivedData[SUCCESS]: m => c : : ff 03 87 01 83 2f 00 03 23 6e 98 
I/RadioService( 1876): onEvent(byte[] data[2] = 0x23 0x6e )
I/RDO_MICOM_CMD_EVENT( 1876): => RESPONSE =>   RADIO_CURRENT_SUB_FREQ_M: 0x832f(0x832f))
I/RadioService( 1876): handleMessage(Message msg)
E/RadioService( 1876): in case RADIO_CURRENT_SUB_FREQ_M_L : 9070
I/RadioService( 1876): CWL Start mHDDataService.mHDBandScan.onUpdateCurrentSubFrequency()
D/AvnStatusBar.NetworkController( 1987): VariantCoding.VARIANT_TELEMATICS : 1 (unknown -1 / off 0 / on 1)
D/AvnStatusBarPolicy( 1987): onPhoneSignalChanged true  11  0
D/AvnStatusBar( 1987): updateIcon slot=phone_signal index=5 viewIndex=3 old=StatusBarIcon(pkg=com.android.systemuiuser=0 id=0x7f02009f level=0 visible=true num=0 ) icon=StatusBarIcon(pkg=com.android.systemuiuser=0 id=0x7f02009f level=0 visible=true num=0 )
I/RadioService( 1876): CWL sendSetSubFrequencyCommand ,frequency = 9090
I/RDO_MICOM_CMD_EVENT( 1876): => COMMAND => RADIO_SET_SUB_FREQ_C: 0x304(0x304))
D/MicomD  ( 1466): send_data: c => m : ff 87 03 01 03 04 00 04 23 82 01 d9 
D/MicomD  ( 1466): ReceivedData[SUCCESS]: m => c : : ff 03 87 01 83 2f 00 03 23 82 74 
I/RadioService( 1876): onEvent(byte[] data[2] = 0x23 0x82 )
I/RDO_MICOM_CMD_EVENT( 1876): => RESPONSE =>   RADIO_CURRENT_SUB_FREQ_M: 0x832f(0x832f))
I/RadioService( 1876): handleMessage(Message msg)
E/RadioService( 1876): in case RADIO_CURRENT_SUB_FREQ_M_L : 9090
I/RadioService( 1876): CWL Start mHDDataService.mHDBandScan.onUpdateCurrentSubFrequency()
I/RadioService( 1876): CWL sendSetSubFrequencyCommand ,frequency = 9110
I/RDO_MICOM_CMD_EVENT( 1876): => COMMAND => RADIO_SET_SUB_FREQ_C: 0x304(0x304))
D/MicomD  ( 1466): send_data: c => m : ff 87 03 01 03 04 00 04 23 96 01 cd 
D/MicomD  ( 1466): ReceivedData[SUCCESS]: m => c : : ff 03 87 01 83 2f 00 03 23 96 60 
I/RadioService( 1876): onEvent(byte[] data[2] = 0x23 0x96 )
I/RDO_MICOM_CMD_EVENT( 1876): => RESPONSE =>   RADIO_CURRENT_SUB_FREQ_M: 0x832f(0x832f))
I/RadioService( 1876): handleMessage(Message msg)
E/RadioService( 1876): in case RADIO_CURRENT_SUB_FREQ_M_L : 9110
I/RadioService( 1876): CWL Start mHDDataService.mHDBandScan.onUpdateCurrentSubFrequency()
I/RadioService( 1876): CWL sendSetSubFrequencyCommand ,frequency = 9130
I/RDO_MICOM_CMD_EVENT( 1876): => COMMAND => RADIO_SET_SUB_FREQ_C: 0x304(0x304))
D/MicomD  ( 1466): send_data: c => m : ff 87 03 01 03 04 00 04 23 aa 01 f1 
D/MicomD  ( 1466): ReceivedData[SUCCESS]: m => c : : ff 03 87 01 83 2f 00 03 23 aa 5c 
I/RadioService( 1876): onEvent(byte[] data[2] = 0x23 0xaa )
I/RDO_MICOM_CMD_EVENT( 1876): => RESPONSE =>   RADIO_CURRENT_SUB_FREQ_M: 0x832f(0x832f))
I/RadioService( 1876): handleMessage(Message msg)
E/RadioService( 1876): in case RADIO_CURRENT_SUB_FREQ_M_L : 9130
I/RadioService( 1876): CWL Start mHDDataService.mHDBandScan.onUpdateCurrentSubFrequency()
I/RadioService( 1876): CWL sendSetSubFrequencyCommand ,frequency = 9150
I/RDO_MICOM_CMD_EVENT( 1876): => COMMAND => RADIO_SET_SUB_FREQ_C: 0x304(0x304))
D/MicomD  ( 1466): send_data: c => m : ff 87 03 01 03 04 00 04 23 be 01 e5 
D/PhoneProjection( 3364): [ PhoneProjectionService ] onConnectStatus:0
D/MicomD  ( 1466): ReceivedData[SUCCESS]: m => c : : ff 03 87 01 83 2f 00 03 23 be 48 
I/RadioService( 1876): onEvent(byte[] data[2] = 0x23 0xbe )
I/RDO_MICOM_CMD_EVENT( 1876): => RESPONSE =>   RADIO_CURRENT_SUB_FREQ_M: 0x832f(0x832f))
I/RadioService( 1876): handleMessage(Message msg)
E/RadioService( 1876): in case RADIO_CURRENT_SUB_FREQ_M_L : 9150
I/RadioService( 1876): CWL Start mHDDataService.mHDBandScan.onUpdateCurrentSubFrequency()
D/vhandler( 2349): [01:31:16:501] [FeatureGpm] onConnectStatus:0
D/vhandler( 2349): [01:31:16:502] [FeatureGpm] onConnectStatus: GPM_INITIALIZE(0)
I/RadioService( 1876): CWL sendSetSubFrequencyCommand ,frequency = 9170
I/RDO_MICOM_CMD_EVENT( 1876): => COMMAND => RADIO_SET_SUB_FREQ_C: 0x304(0x304))
D/MicomD  ( 1466): send_data: c => m : ff 87 03 01 03 04 00 04 23 d2 01 89 
D/MicomD  ( 1466): ReceivedData[SUCCESS]: m => c : : ff 03 87 01 83 2f 00 03 23 d2 24 
I/RadioService( 1876): onEvent(byte[] data[2] = 0x23 0xd2 )
I/RDO_MICOM_CMD_EVENT( 1876): => RESPONSE =>   RADIO_CURRENT_SUB_FREQ_M: 0x832f(0x832f))
I/RadioService( 1876): handleMessage(Message msg)
E/RadioService( 1876): in case RADIO_CURRENT_SUB_FREQ_M_L : 9170
I/RadioService( 1876): CWL Start mHDDataService.mHDBandScan.onUpdateCurrentSubFrequency()
V/ModeManagerService( 1876): setMediaStatus : BLUETOOTH STREAMING to AVAILABLE(1) called by Application
V/ModeManagerService( 1876): setMediaStatus : BLUETOOTH STREAMING => duplicated information
D/BCMService( 1876): isBcanValid()
D/MicomD  ( 1466): send_data: c => m : ff 8e 0b 01 0b c7 00 02 c7 72 
D/MicomD  ( 1466): ReceivedData[SUCCESS]: m => c : : ff 0b 8e 01 8b c7 00 04 c7 00 01 f5 
D/BCMService( 1876): onEvent() : 35783 8bc7
D/BCMService( 1876): BCAN_VALID : -57 0
I/TM_HSCANPacketRunner( 1876): onEventFromMicom(APP) : [8e, 8b, c7, c7, 00, 01]
I/RadioService( 1876): CWL sendSetSubFrequencyCommand ,frequency = 9190
I/RDO_MICOM_CMD_EVENT( 1876): => COMMAND => RADIO_SET_SUB_FREQ_C: 0x304(0x304))
D/MicomD  ( 1466): send_data: c => m : ff 87 03 01 03 04 00 04 23 e6 01 bd 
D/MicomD  ( 1466): ReceivedData[SUCCESS]: m => c : : ff 03 87 01 83 2f 00 03 23 e6 10 
I/RadioService( 1876): onEvent(byte[] data[2] = 0x23 0xe6 )
I/RDO_MICOM_CMD_EVENT( 1876): => RESPONSE =>   RADIO_CURRENT_SUB_FREQ_M: 0x832f(0x832f))
I/RadioService( 1876): handleMessage(Message msg)
E/RadioService( 1876): in case RADIO_CURRENT_SUB_FREQ_M_L : 9190
I/RadioService( 1876): CWL Start mHDDataService.mHDBandScan.onUpdateCurrentSubFrequency()
I/RadioService( 1876): CWL sendSetSubFrequencyCommand ,frequency = 9210
I/RDO_MICOM_CMD_EVENT( 1876): => COMMAND => RADIO_SET_SUB_FREQ_C: 0x304(0x304))
D/MicomD  ( 1466): send_data: c => m : ff 87 03 01 03 04 00 04 23 fa 01 a1 
D/MicomD  ( 1466): ReceivedData[SUCCESS]: m => c : : ff 03 87 01 83 2f 00 03 23 fa 0c 
I/RadioService( 1876): onEvent(byte[] data[2] = 0x23 0xfa )
I/RDO_MICOM_CMD_EVENT( 1876): => RESPONSE =>   RADIO_CURRENT_SUB_FREQ_M: 0x832f(0x832f))
I/RadioService( 1876): handleMessage(Message msg)
E/RadioService( 1876): in case RADIO_CURRENT_SUB_FREQ_M_L : 9210
I/RadioService( 1876): CWL Start mHDDataService.mHDBandScan.onUpdateCurrentSubFrequency()
I/RadioService( 1876): CWL sendSetSubFrequencyCommand ,frequency = 9230
I/RDO_MICOM_CMD_EVENT( 1876): => COMMAND => RADIO_SET_SUB_FREQ_C: 0x304(0x304))
D/MicomD  ( 1466): send_data: c => m : ff 87 03 01 03 04 00 04 24 0e 01 52 
D/MicomD  ( 1466): ReceivedData[SUCCESS]: m => c : : ff 03 87 01 83 2f 00 03 24 0e ff 
I/RadioService( 1876): onEvent(byte[] data[2] = 0x24 0x0e )
I/RDO_MICOM_CMD_EVENT( 1876): => RESPONSE =>   RADIO_CURRENT_SUB_FREQ_M: 0x832f(0x832f))
I/RadioService( 1876): handleMessage(Message msg)
E/RadioService( 1876): in case RADIO_CURRENT_SUB_FREQ_M_L : 9230
I/RadioService( 1876): CWL Start mHDDataService.mHDBandScan.onUpdateCurrentSubFrequency()
I/RadioService( 1876): CWL sendSetSubFrequencyCommand ,frequency = 9250
I/RDO_MICOM_CMD_EVENT( 1876): => COMMAND => RADIO_SET_SUB_FREQ_C: 0x304(0x304))
D/MicomD  ( 1466): send_data: c => m : ff 87 03 01 03 04 00 04 24 22 01 7e 
D/MicomD  ( 1466): ReceivedData[SUCCESS]: m => c : : ff 03 87 01 83 2f 00 03 24 22 d3 
I/RadioService( 1876): onEvent(byte[] data[2] = 0x24 0x22 )
I/RDO_MICOM_CMD_EVENT( 1876): => RESPONSE =>   RADIO_CURRENT_SUB_FREQ_M: 0x832f(0x832f))
I/RadioService( 1876): handleMessage(Message msg)
E/RadioService( 1876): in case RADIO_CURRENT_SUB_FREQ_M_L : 9250
I/RadioService( 1876): CWL Start mHDDataService.mHDBandScan.onUpdateCurrentSubFrequency()
I/RadioService( 1876): CWL sendSetSubFrequencyCommand ,frequency = 9270
I/RDO_MICOM_CMD_EVENT( 1876): => COMMAND => RADIO_SET_SUB_FREQ_C: 0x304(0x304))
D/MicomD  ( 1466): send_data: c => m : ff 87 03 01 03 04 00 04 24 36 01 6a 
D/MicomD  ( 1466): ReceivedData[SUCCESS]: m => c : : ff 03 87 01 83 2f 00 03 24 36 c7 
I/RadioService( 1876): onEvent(byte[] data[2] = 0x24 0x36 )
I/RDO_MICOM_CMD_EVENT( 1876): => RESPONSE =>   RADIO_CURRENT_SUB_FREQ_M: 0x832f(0x832f))
I/RadioService( 1876): handleMessage(Message msg)
E/RadioService( 1876): in case RADIO_CURRENT_SUB_FREQ_M_L : 9270
I/RadioService( 1876): CWL Start mHDDataService.mHDBandScan.onUpdateCurrentSubFrequency()
V/SystemService( 1876): Showing discharge alert
V/SystemService( 1876): mDischargeAlertNotiBuilder: NULL -> new NotiBuilder
I/MicomAudioService( 1876): ExtendedAudioManager.AudioStateListener onNotifyBeep
D/MicomAudioService( 1876): From micom event handleMessage() :83
I/MicomAudioService( 1876): [REQ] : func = (AUDIO_SET_BEEP_C(0x20c))
D/NotificationService( 1876): notifyNotiStatusChanged
D/AvnStatusBar( 1987): addNotification score=0
V/MicomPowerService( 1876): Dischage Alert Notify
D/NotificationService( 1876): onNotiStatusChanged:StatusBarNotification(pkg=android user=UserHandle{0} id=0 tag=SystemService score=0: Notification(pri=0 contentView=android/0x109009a vibrate=null sound=null defaults=0x0 flags=0x10 kind=[null])) state :1 reason : 0
I/ModeManagerService( 1876): AudioPath : AudioService.mAudioStateCallbacks setAutoLaunchDisableForBeep
V/ModeManagerService( 1876): isAvModeForeground
V/ModeManagerService( 1876):  -- Check STARTING package ... : com.hkmc.bluetooth
V/ModeManagerService( 1876):  -- Check RESUMING package ... : 
V/ModeManagerService( 1876):  -- Foreground: com.android.launcher3
V/ModeManagerService( 1876): isAvModeForegroundInternal(com.android.launcher3, UNKNOWN(0x10))
D/ModeManagerService( 1876): isCheckNatureSound : false
V/ModeManagerService( 1876):   -- AV Mode is background
V/ModeManagerService( 1876):     => Foreground? false
D/MicomD  ( 1466): send_data: c => m : ff 85 02 01 02 0c 00 01 76 
D/PhoneProjection( 3364): [ PhoneProjectionService ] onConnectStatus:0
D/AvnStatusBar( 1987): mNotificationData.size() in addNotification  :0
D/PgsService( 1876): isSupportDrivingRearView RVMTypeValue = 0
D/AvnStatusBar( 1987): Notification Blocked, mIsReverseOn : false mIsRearCameraOn : false, isTypeEmergency : false, isFrontViewOn :true
D/AvnStatusBar( 1987): launching notification in heads up mode, Rear Camera : false  emergency : false
D/AvnStatusBar( 1987): resetHeadsUpDecayTimertimeOut 0
V/BlackScreenService( 1876): screenOn() : Calling PID = 1987
V/BlackScreenService( 1876): [isKeepScreenoff]accStatus : ACCON(0x0), isPoweroff : false
D/AvnStatusBar( 1987): acquireScreen - acquired: truescreenState : 1
D/AvnStatusBar( 1987): setAreThereNotifications: N=1 any=true clearable=true
D/vhandler( 2349): [01:31:17:502] [FeatureGpm] onConnectStatus:0
D/vhandler( 2349): [01:31:17:503] [FeatureGpm] onConnectStatus: GPM_INITIALIZE(0)
I/RadioService( 1876): CWL sendSetSubFrequencyCommand ,frequency = 9290
I/RDO_MICOM_CMD_EVENT( 1876): => COMMAND => RADIO_SET_SUB_FREQ_C: 0x304(0x304))
V/AvnStatusBar( 1987): showing heads up window
D/MicomD  ( 1466): send_data: c => m : ff 87 03 01 03 04 00 04 24 4a 01 16 
V/WindowManager( 1876): mSplitWindowRight:  Window{42c7d728 u0 com.mobis.splitscreen.right}
V/WindowManager( 1876): beginLayoutLw calculate mTmpSplitWindowFrame without statusbar
D/WindowManager( 1876): beginLayoutLw Screen width is not resized because mSplitScreenResize is false
V/WindowManager( 1876): mTmpSplitWindowFrame : Rect(1280, 0 - 1920, 720)
V/WindowManager( 1876): mSplitWindowRight:  Window{42c7d728 u0 com.mobis.splitscreen.right}
V/WindowManager( 1876): beginLayoutLw calculate mTmpSplitWindowFrame without statusbar
D/WindowManager( 1876): beginLayoutLw Screen width is not resized because mSplitScreenResize is false
V/WindowManager( 1876): mTmpSplitWindowFrame : Rect(1280, 0 - 1920, 720)
V/ModeManagerService( 1876): setMediaStatus : BLUETOOTH STREAMING to AVAILABLE(1) called by Application
V/ModeManagerService( 1876): setMediaStatus : BLUETOOTH STREAMING => duplicated information
D/MicomD  ( 1466): ReceivedData[SUCCESS]: m => c : : ff 03 87 01 83 2f 00 03 24 4a bb 
I/RadioService( 1876): onEvent(byte[] data[2] = 0x24 0x4a )
I/RDO_MICOM_CMD_EVENT( 1876): => RESPONSE =>   RADIO_CURRENT_SUB_FREQ_M: 0x832f(0x832f))
I/RadioService( 1876): handleMessage(Message msg)
E/RadioService( 1876): in case RADIO_CURRENT_SUB_FREQ_M_L : 9290
I/RadioService( 1876): CWL Start mHDDataService.mHDBandScan.onUpdateCurrentSubFrequency()
D/BCMService( 1876): isBcanValid()
D/MicomD  ( 1466): send_data: c => m : ff 8e 0b 01 0b c7 00 02 c7 72 
D/MicomD  ( 1466): ReceivedData[SUCCESS]: m => c : : ff 0b 8e 01 8b c7 00 04 c7 00 01 f5 
D/BCMService( 1876): onEvent() : 35783 8bc7
D/BCMService( 1876): BCAN_VALID : -57 0
I/TM_HSCANPacketRunner( 1876): onEventFromMicom(APP) : [8e, 8b, c7, c7, 00, 01]
V/BlackScreenService( 1876): handleMessage() : MSG_SCREEN_ON
V/VideoSetupService( 1876): setScreenOn(0,true) called by 1876
V/VideoSetupService( 1876): sendPacket() : FUNC : MON_SET_BACKLIGHT_CDATA : 01
D/MicomD  ( 1466): send_data: c => m : ff 8c 08 01 08 02 00 02 01 73 
I/RadioService( 1876): CWL sendSetSubFrequencyCommand ,frequency = 9310
I/RDO_MICOM_CMD_EVENT( 1876): => COMMAND => RADIO_SET_SUB_FREQ_C: 0x304(0x304))
D/MicomD  ( 1466): send_data: c => m : ff 87 03 01 03 04 00 04 24 5e 01 02 
D/MicomD  ( 1466): ReceivedData[SUCCESS]: m => c : : ff 03 87 01 83 2f 00 03 24 5e af 
I/RadioService( 1876): onEvent(byte[] data[2] = 0x24 0x5e )
I/RDO_MICOM_CMD_EVENT( 1876): => RESPONSE =>   RADIO_CURRENT_SUB_FREQ_M: 0x832f(0x832f))
I/RadioService( 1876): handleMessage(Message msg)
E/RadioService( 1876): in case RADIO_CURRENT_SUB_FREQ_M_L : 9310
I/RadioService( 1876): CWL Start mHDDataService.mHDBandScan.onUpdateCurrentSubFrequency()
I/RadioService( 1876): CWL sendSetSubFrequencyCommand ,frequency = 9330
I/RDO_MICOM_CMD_EVENT( 1876): => COMMAND => RADIO_SET_SUB_FREQ_C: 0x304(0x304))
D/MicomD  ( 1466): send_data: c => m : ff 87 03 01 03 04 00 04 24 72 01 2e 
D/MicomD  ( 1466): ReceivedData[SUCCESS]: m => c : : ff 03 87 01 83 2f 00 03 24 72 83 
I/RadioService( 1876): onEvent(byte[] data[2] = 0x24 0x72 )
I/RDO_MICOM_CMD_EVENT( 1876): => RESPONSE =>   RADIO_CURRENT_SUB_FREQ_M: 0x832f(0x832f))
I/RadioService( 1876): handleMessage(Message msg)
E/RadioService( 1876): in case RADIO_CURRENT_SUB_FREQ_M_L : 9330
I/RadioService( 1876): CWL Start mHDDataService.mHDBandScan.onUpdateCurrentSubFrequency()
I/RadioService( 1876): CWL sendSetSubFrequencyCommand ,frequency = 9350
I/RDO_MICOM_CMD_EVENT( 1876): => COMMAND => RADIO_SET_SUB_FREQ_C: 0x304(0x304))
D/MicomD  ( 1466): send_data: c => m : ff 87 03 01 03 04 00 04 24 86 01 da 
D/MicomD  ( 1466): ReceivedData[SUCCESS]: m => c : : ff 03 87 01 83 2f 00 03 24 86 77 
I/RadioService( 1876): onEvent(byte[] data[2] = 0x24 0x86 )
I/RDO_MICOM_CMD_EVENT( 1876): => RESPONSE =>   RADIO_CURRENT_SUB_FREQ_M: 0x832f(0x832f))
I/RadioService( 1876): handleMessage(Message msg)
E/RadioService( 1876): in case RADIO_CURRENT_SUB_FREQ_M_L : 9350
I/RadioService( 1876): CWL Start mHDDataService.mHDBandScan.onUpdateCurrentSubFrequency()
I/RadioService( 1876): CWL sendSetSubFrequencyCommand ,frequency = 9370
I/RDO_MICOM_CMD_EVENT( 1876): => COMMAND => RADIO_SET_SUB_FREQ_C: 0x304(0x304))
D/MicomD  ( 1466): send_data: c => m : ff 87 03 01 03 04 00 04 24 9a 01 c6 
D/MicomD  ( 1466): ReceivedData[SUCCESS]: m => c : : ff 03 87 01 83 2f 00 03 24 9a 6b 
I/RadioService( 1876): onEvent(byte[] data[2] = 0x24 0x9a )
I/RDO_MICOM_CMD_EVENT( 1876): => RESPONSE =>   RADIO_CURRENT_SUB_FREQ_M: 0x832f(0x832f))
I/RadioService( 1876): handleMessage(Message msg)
E/RadioService( 1876): in case RADIO_CURRENT_SUB_FREQ_M_L : 9370
I/RadioService( 1876): CWL Start mHDDataService.mHDBandScan.onUpdateCurrentSubFrequency()
I/SystemService( 1876): [SystemService.requestFSOCCheck] called by 2821
V/SystemService( 1876): [SND] FUNC : [SYS_FSOC_C_REQ(0x159)]
I/RadioService( 1876): CWL sendSetSubFrequencyCommand ,frequency = 9390
I/RDO_MICOM_CMD_EVENT( 1876): => COMMAND => RADIO_SET_SUB_FREQ_C: 0x304(0x304))
D/MicomD  ( 1466): send_data: c => m : ff 8a 01 01 01 59 00 01 2c 
D/MicomD  ( 1466): send_data: c => m : ff 87 03 01 03 04 00 04 24 ae 01 f2 
D/MicomD  ( 1466): ReceivedData[SUCCESS]: m => c : : ff 01 8a 01 81 59 00 03 00 00 ae 
D/MicomD  ( 1466): ReceivedData[SUCCESS]: m => c : : ff 03 87 01 83 2f 00 03 24 ae 5f 
V/SystemService( 1876): [RCV] FUNC : [SYS_FSOC_m_RESP(0x8159)]
I/RadioService( 1876): onEvent(byte[] data[2] = 0x24 0xae )
I/RDO_MICOM_CMD_EVENT( 1876): => RESPONSE =>   RADIO_CURRENT_SUB_FREQ_M: 0x832f(0x832f))
W/ContextImpl( 1876): Calling a method in the system process without a qualified user: android.app.ContextImpl.sendBroadcast:1188 com.hkmc.micom.SystemService$MicomEventHandler.handleMessage:3127 android.os.Handler.dispatchMessage:102 android.os.Looper.loop:136 com.hkmc.micom.MicomService$1.run:189 
I/RadioService( 1876): handleMessage(Message msg)
E/RadioService( 1876): in case RADIO_CURRENT_SUB_FREQ_M_L : 9390
I/RadioService( 1876): CWL Start mHDDataService.mHDBandScan.onUpdateCurrentSubFrequency()
I/BroadcastQueue( 1876): [Ordered] Processing ordered broadcast [background] 1/1, totalDequeueTime : 0 msec, previousDequeueTime : 0 msec, BroadcastRecord{42cf33b0 u0 com.mobis.action.FSOC_CHECK_RESULT}, null, Caller : ProcessRecord{41bea208 1876:system/1000}
I/BroadcastQueue( 1876): [Ordered] Finished with ordered broadcast [background] total time : 4 msec, totalDequeueTime : 0 msec, Processing time : 4 msec, BroadcastRecord{42cf33b0 u0 com.mobis.action.FSOC_CHECK_RESULT}, null, Caller : ProcessRecord{41bea208 1876:system/1000}
D/PhoneProjection( 3364): [ PhoneProjectionService ] onConnectStatus:0
D/vhandler( 2349): [01:31:18:505] [FeatureGpm] onConnectStatus:0
D/vhandler( 2349): [01:31:18:505] [FeatureGpm] onConnectStatus: GPM_INITIALIZE(0)
I/RadioService( 1876): CWL sendSetSubFrequencyCommand ,frequency = 9410
I/RDO_MICOM_CMD_EVENT( 1876): => COMMAND => RADIO_SET_SUB_FREQ_C: 0x304(0x304))
D/MicomD  ( 1466): send_data: c => m : ff 87 03 01 03 04 00 04 24 c2 01 9e 
D/MicomD  ( 1466): ReceivedData[SUCCESS]: m => c : : ff 03 87 01 83 2f 00 03 24 c2 33 
I/RadioService( 1876): onEvent(byte[] data[2] = 0x24 0xc2 )
I/RDO_MICOM_CMD_EVENT( 1876): => RESPONSE =>   RADIO_CURRENT_SUB_FREQ_M: 0x832f(0x832f))
I/RadioService( 1876): handleMessage(Message msg)
E/RadioService( 1876): in case RADIO_CURRENT_SUB_FREQ_M_L : 9410
I/RadioService( 1876): CWL Start mHDDataService.mHDBandScan.onUpdateCurrentSubFrequency()
V/ModeManagerService( 1876): setMediaStatus : BLUETOOTH STREAMING to AVAILABLE(1) called by Application
V/ModeManagerService( 1876): setMediaStatus : BLUETOOTH STREAMING => duplicated information
D/BCMService( 1876): isBcanValid()
D/MicomD  ( 1466): send_data: c => m : ff 8e 0b 01 0b c7 00 02 c7 72 
D/MicomD  ( 1466): ReceivedData[SUCCESS]: m => c : : ff 0b 8e 01 8b c7 00 04 c7 00 01 f5 
D/BCMService( 1876): onEvent() : 35783 8bc7
D/BCMService( 1876): BCAN_VALID : -57 0
I/TM_HSCANPacketRunner( 1876): onEventFromMicom(APP) : [8e, 8b, c7, c7, 00, 01]
I/RadioService( 1876): CWL sendSetSubFrequencyCommand ,frequency = 9430
I/RDO_MICOM_CMD_EVENT( 1876): => COMMAND => RADIO_SET_SUB_FREQ_C: 0x304(0x304))
D/MicomD  ( 1466): send_data: c => m : ff 87 03 01 03 04 00 04 24 d6 01 8a 
D/MicomD  ( 1466): ReceivedData[SUCCESS]: m => c : : ff 03 87 01 83 2f 00 03 24 d6 27 
I/RadioService( 1876): onEvent(byte[] data[2] = 0x24 0xd6 )
I/RDO_MICOM_CMD_EVENT( 1876): => RESPONSE =>   RADIO_CURRENT_SUB_FREQ_M: 0x832f(0x832f))
I/RadioService( 1876): handleMessage(Message msg)
E/RadioService( 1876): in case RADIO_CURRENT_SUB_FREQ_M_L : 9430
I/RadioService( 1876): CWL Start mHDDataService.mHDBandScan.onUpdateCurrentSubFrequency()
I/RadioService( 1876): CWL sendSetSubFrequencyCommand ,frequency = 9450
I/RDO_MICOM_CMD_EVENT( 1876): => COMMAND => RADIO_SET_SUB_FREQ_C: 0x304(0x304))
D/MicomD  ( 1466): send_data: c => m : ff 87 03 01 03 04 00 04 24 ea 01 b6 
D/MicomD  ( 1466): ReceivedData[SUCCESS]: m => c : : ff 03 87 01 83 2f 00 03 24 ea 1b 
I/RadioService( 1876): onEvent(byte[] data[2] = 0x24 0xea )
I/RDO_MICOM_CMD_EVENT( 1876): => RESPONSE =>   RADIO_CURRENT_SUB_FREQ_M: 0x832f(0x832f))
I/RadioService( 1876): handleMessage(Message msg)
E/RadioService( 1876): in case RADIO_CURRENT_SUB_FREQ_M_L : 9450
I/RadioService( 1876): CWL Start mHDDataService.mHDBandScan.onUpdateCurrentSubFrequency()
D/TimePolicyManager( 2183): [TimePolicyManager.isRealTimeSet] called by com.mnsoft.navi
D/TimePolicyManager( 2183): [TimePolicyManager.isRealTimeSet] called by com.mnsoft.navi
I/RadioService( 1876): CWL sendSetSubFrequencyCommand ,frequency = 9470
I/RDO_MICOM_CMD_EVENT( 1876): => COMMAND => RADIO_SET_SUB_FREQ_C: 0x304(0x304))
D/MicomD  ( 1466): send_data: c => m : ff 87 03 01 03 04 00 04 24 fe 01 a2 
D/MicomD  ( 1466): ReceivedData[SUCCESS]: m => c : : ff 03 87 01 83 2f 00 03 24 fe 0f 
I/RadioService( 1876): onEvent(byte[] data[2] = 0x24 0xfe )
I/RDO_MICOM_CMD_EVENT( 1876): => RESPONSE =>   RADIO_CURRENT_SUB_FREQ_M: 0x832f(0x832f))
I/RadioService( 1876): handleMessage(Message msg)
E/RadioService( 1876): in case RADIO_CURRENT_SUB_FREQ_M_L : 9470
I/RadioService( 1876): CWL Start mHDDataService.mHDBandScan.onUpdateCurrentSubFrequency()
I/SXM65HD ( 1465): SXM WT K:1, C:0
I/RadioService( 1876): CWL sendSetSubFrequencyCommand ,frequency = 9490
I/RDO_MICOM_CMD_EVENT( 1876): => COMMAND => RADIO_SET_SUB_FREQ_C: 0x304(0x304))
D/MicomD  ( 1466): send_data: c => m : ff 87 03 01 03 04 00 04 25 12 01 4f 
D/MicomD  ( 1466): ReceivedData[SUCCESS]: m => c : : ff 03 87 01 83 2f 00 03 25 12 e2 
I/RadioService( 1876): onEvent(byte[] data[2] = 0x25 0x12 )
I/RDO_MICOM_CMD_EVENT( 1876): => RESPONSE =>   RADIO_CURRENT_SUB_FREQ_M: 0x832f(0x832f))
I/RadioService( 1876): handleMessage(Message msg)
E/RadioService( 1876): in case RADIO_CURRENT_SUB_FREQ_M_L : 9490
I/RadioService( 1876): CWL Start mHDDataService.mHDBandScan.onUpdateCurrentSubFrequency()
I/RadioService( 1876): CWL sendSetSubFrequencyCommand ,frequency = 9510
I/RDO_MICOM_CMD_EVENT( 1876): => COMMAND => RADIO_SET_SUB_FREQ_C: 0x304(0x304))
D/MicomD  ( 1466): send_data: c => m : ff 87 03 01 03 04 00 04 25 26 01 7b 
D/MicomD  ( 1466): ReceivedData[SUCCESS]: m => c : : ff 03 87 01 83 2f 00 03 25 26 d6 
I/RadioService( 1876): onEvent(byte[] data[2] = 0x25 0x26 )
I/RDO_MICOM_CMD_EVENT( 1876): => RESPONSE =>   RADIO_CURRENT_SUB_FREQ_M: 0x832f(0x832f))
I/RadioService( 1876): handleMessage(Message msg)
E/RadioService( 1876): in case RADIO_CURRENT_SUB_FREQ_M_L : 9510
I/RadioService( 1876): CWL Start mHDDataService.mHDBandScan.onUpdateCurrentSubFrequency()
D/PhoneProjection( 3364): [ PhoneProjectionService ] onConnectStatus:0
I/RadioService( 1876): CWL sendSetSubFrequencyCommand ,frequency = 9530
I/RDO_MICOM_CMD_EVENT( 1876): => COMMAND => RADIO_SET_SUB_FREQ_C: 0x304(0x304))
D/MicomD  ( 1466): send_data: c => m : ff 87 03 01 03 04 00 04 25 3a 01 67 
D/MicomD  ( 1466): ReceivedData[SUCCESS]: m => c : : ff 03 87 01 83 2f 00 03 25 3a ca 
I/RadioService( 1876): onEvent(byte[] data[2] = 0x25 0x3a )
I/RDO_MICOM_CMD_EVENT( 1876): => RESPONSE =>   RADIO_CURRENT_SUB_FREQ_M: 0x832f(0x832f))
I/RadioService( 1876): handleMessage(Message msg)
E/RadioService( 1876): in case RADIO_CURRENT_SUB_FREQ_M_L : 9530
I/RadioService( 1876): CWL Start mHDDataService.mHDBandScan.onUpdateCurrentSubFrequency()
D/vhandler( 2349): [01:31:19:507] [FeatureGpm] onConnectStatus:0
D/vhandler( 2349): [01:31:19:507] [FeatureGpm] onConnectStatus: GPM_INITIALIZE(0)
V/ModeManagerService( 1876): setMediaStatus : BLUETOOTH STREAMING to AVAILABLE(1) called by Application
V/ModeManagerService( 1876): setMediaStatus : BLUETOOTH STREAMING => duplicated information
I/RadioService( 1876): CWL sendSetSubFrequencyCommand ,frequency = 9550
I/RDO_MICOM_CMD_EVENT( 1876): => COMMAND => RADIO_SET_SUB_FREQ_C: 0x304(0x304))
D/MicomD  ( 1466): send_data: c => m : ff 87 03 01 03 04 00 04 25 4e 01 13 
D/MicomD  ( 1466): ReceivedData[SUCCESS]: m => c : : ff 03 87 01 83 2f 00 03 25 4e be 
I/RadioService( 1876): onEvent(byte[] data[2] = 0x25 0x4e )
I/RDO_MICOM_CMD_EVENT( 1876): => RESPONSE =>   RADIO_CURRENT_SUB_FREQ_M: 0x832f(0x832f))
I/RadioService( 1876): handleMessage(Message msg)
E/RadioService( 1876): in case RADIO_CURRENT_SUB_FREQ_M_L : 9550
I/RadioService( 1876): CWL Start mHDDataService.mHDBandScan.onUpdateCurrentSubFrequency()
D/BCMService( 1876): isBcanValid()
D/MicomD  ( 1466): send_data: c => m : ff 8e 0b 01 0b c7 00 02 c7 72 
D/MicomD  ( 1466): ReceivedData[SUCCESS]: m => c : : ff 0b 8e 01 8b c7 00 04 c7 00 01 f5 
D/BCMService( 1876): onEvent() : 35783 8bc7
D/BCMService( 1876): BCAN_VALID : -57 0
I/TM_HSCANPacketRunner( 1876): onEventFromMicom(APP) : [8e, 8b, c7, c7, 00, 01]
I/RadioService( 1876): CWL sendSetSubFrequencyCommand ,frequency = 9570
I/RDO_MICOM_CMD_EVENT( 1876): => COMMAND => RADIO_SET_SUB_FREQ_C: 0x304(0x304))
D/MicomD  ( 1466): send_data: c => m : ff 87 03 01 03 04 00 04 25 62 01 3f 
D/MicomD  ( 1466): ReceivedData[SUCCESS]: m => c : : ff 03 87 01 83 2f 00 03 25 62 92 
I/RadioService( 1876): onEvent(byte[] data[2] = 0x25 0x62 )
I/RDO_MICOM_CMD_EVENT( 1876): => RESPONSE =>   RADIO_CURRENT_SUB_FREQ_M: 0x832f(0x832f))
I/RadioService( 1876): handleMessage(Message msg)
E/RadioService( 1876): in case RADIO_CURRENT_SUB_FREQ_M_L : 9570
I/RadioService( 1876): CWL Start mHDDataService.mHDBandScan.onUpdateCurrentSubFrequency()
I/RadioService( 1876): CWL sendSetSubFrequencyCommand ,frequency = 9590
I/RDO_MICOM_CMD_EVENT( 1876): => COMMAND => RADIO_SET_SUB_FREQ_C: 0x304(0x304))
D/MicomD  ( 1466): send_data: c => m : ff 87 03 01 03 04 00 04 25 76 01 2b 
D/MicomD  ( 1466): ReceivedData[SUCCESS]: m => c : : ff 03 87 01 83 2f 00 03 25 76 86 
I/RadioService( 1876): onEvent(byte[] data[2] = 0x25 0x76 )
I/RDO_MICOM_CMD_EVENT( 1876): => RESPONSE =>   RADIO_CURRENT_SUB_FREQ_M: 0x832f(0x832f))
I/RadioService( 1876): handleMessage(Message msg)
E/RadioService( 1876): in case RADIO_CURRENT_SUB_FREQ_M_L : 9590
I/RadioService( 1876): CWL Start mHDDataService.mHDBandScan.onUpdateCurrentSubFrequency()
I/RadioService( 1876): CWL sendSetSubFrequencyCommand ,frequency = 9610
I/RDO_MICOM_CMD_EVENT( 1876): => COMMAND => RADIO_SET_SUB_FREQ_C: 0x304(0x304))
D/MicomD  ( 1466): send_data: c => m : ff 87 03 01 03 04 00 04 25 8a 01 d7 
D/MicomD  ( 1466): ReceivedData[SUCCESS]: m => c : : ff 03 87 01 83 2f 00 03 25 8a 7a 
I/RadioService( 1876): onEvent(byte[] data[2] = 0x25 0x8a )
I/RDO_MICOM_CMD_EVENT( 1876): => RESPONSE =>   RADIO_CURRENT_SUB_FREQ_M: 0x832f(0x832f))
I/RadioService( 1876): handleMessage(Message msg)
E/RadioService( 1876): in case RADIO_CURRENT_SUB_FREQ_M_L : 9610
I/RadioService( 1876): CWL Start mHDDataService.mHDBandScan.onUpdateCurrentSubFrequency()
I/RadioService( 1876): CWL sendSetSubFrequencyCommand ,frequency = 9630
I/RDO_MICOM_CMD_EVENT( 1876): => COMMAND => RADIO_SET_SUB_FREQ_C: 0x304(0x304))
D/MicomD  ( 1466): send_data: c => m : ff 87 03 01 03 04 00 04 25 9e 01 c3 
D/MicomD  ( 1466): ReceivedData[SUCCESS]: m => c : : ff 03 87 01 83 2f 00 03 25 9e 6e 
I/RadioService( 1876): onEvent(byte[] data[2] = 0x25 0x9e )
I/RDO_MICOM_CMD_EVENT( 1876): => RESPONSE =>   RADIO_CURRENT_SUB_FREQ_M: 0x832f(0x832f))
I/RadioService( 1876): handleMessage(Message msg)
E/RadioService( 1876): in case RADIO_CURRENT_SUB_FREQ_M_L : 9630
I/RadioService( 1876): CWL Start mHDDataService.mHDBandScan.onUpdateCurrentSubFrequency()
I/RadioService( 1876): CWL sendSetSubFrequencyCommand ,frequency = 9650
I/RDO_MICOM_CMD_EVENT( 1876): => COMMAND => RADIO_SET_SUB_FREQ_C: 0x304(0x304))
D/MicomD  ( 1466): send_data: c => m : ff 87 03 01 03 04 00 04 25 b2 01 ef 
D/MicomD  ( 1466): ReceivedData[SUCCESS]: m => c : : ff 03 87 01 83 2f 00 03 25 b2 42 
I/RadioService( 1876): onEvent(byte[] data[2] = 0x25 0xb2 )
I/RDO_MICOM_CMD_EVENT( 1876): => RESPONSE =>   RADIO_CURRENT_SUB_FREQ_M: 0x832f(0x832f))
I/RadioService( 1876): handleMessage(Message msg)
E/RadioService( 1876): in case RADIO_CURRENT_SUB_FREQ_M_L : 9650
I/RadioService( 1876): CWL Start mHDDataService.mHDBandScan.onUpdateCurrentSubFrequency()
D/PhoneProjection( 3364): [ PhoneProjectionService ] onConnectStatus:0
D/vhandler( 2349): [01:31:20:508] [FeatureGpm] onConnectStatus:0
D/vhandler( 2349): [01:31:20:508] [FeatureGpm] onConnectStatus: GPM_INITIALIZE(0)
I/RadioService( 1876): CWL sendSetSubFrequencyCommand ,frequency = 9670
I/RDO_MICOM_CMD_EVENT( 1876): => COMMAND => RADIO_SET_SUB_FREQ_C: 0x304(0x304))
D/MicomD  ( 1466): send_data: c => m : ff 87 03 01 03 04 00 04 25 c6 01 9b 
D/MicomD  ( 1466): ReceivedData[SUCCESS]: m => c : : ff 03 87 01 83 2f 00 03 25 c6 36 
I/RadioService( 1876): onEvent(byte[] data[2] = 0x25 0xc6 )
I/RDO_MICOM_CMD_EVENT( 1876): => RESPONSE =>   RADIO_CURRENT_SUB_FREQ_M: 0x832f(0x832f))
I/RadioService( 1876): handleMessage(Message msg)
E/RadioService( 1876): in case RADIO_CURRENT_SUB_FREQ_M_L : 9670
I/RadioService( 1876): CWL Start mHDDataService.mHDBandScan.onUpdateCurrentSubFrequency()
V/ModeManagerService( 1876): setMediaStatus : BLUETOOTH STREAMING to AVAILABLE(1) called by Application
V/ModeManagerService( 1876): setMediaStatus : BLUETOOTH STREAMING => duplicated information
I/RadioService( 1876): CWL sendSetSubFrequencyCommand ,frequency = 9690
I/RDO_MICOM_CMD_EVENT( 1876): => COMMAND => RADIO_SET_SUB_FREQ_C: 0x304(0x304))
D/MicomD  ( 1466): send_data: c => m : ff 87 03 01 03 04 00 04 25 da 01 87 
D/MicomD  ( 1466): ReceivedData[SUCCESS]: m => c : : ff 03 87 01 83 2f 00 03 25 da 2a 
I/RadioService( 1876): onEvent(byte[] data[2] = 0x25 0xda )
I/RDO_MICOM_CMD_EVENT( 1876): => RESPONSE =>   RADIO_CURRENT_SUB_FREQ_M: 0x832f(0x832f))
I/RadioService( 1876): handleMessage(Message msg)
E/RadioService( 1876): in case RADIO_CURRENT_SUB_FREQ_M_L : 9690
I/RadioService( 1876): CWL Start mHDDataService.mHDBandScan.onUpdateCurrentSubFrequency()
D/BCMService( 1876): isBcanValid()
D/MicomD  ( 1466): send_data: c => m : ff 8e 0b 01 0b c7 00 02 c7 72 
D/MicomD  ( 1466): ReceivedData[SUCCESS]: m => c : : ff 0b 8e 01 8b c7 00 04 c7 00 01 f5 
D/BCMService( 1876): onEvent() : 35783 8bc7
D/BCMService( 1876): BCAN_VALID : -57 0
I/TM_HSCANPacketRunner( 1876): onEventFromMicom(APP) : [8e, 8b, c7, c7, 00, 01]
I/RadioService( 1876): CWL sendSetSubFrequencyCommand ,frequency = 9710
I/RDO_MICOM_CMD_EVENT( 1876): => COMMAND => RADIO_SET_SUB_FREQ_C: 0x304(0x304))
D/MicomD  ( 1466): send_data: c => m : ff 87 03 01 03 04 00 04 25 ee 01 b3 
D/MicomD  ( 1466): ReceivedData[SUCCESS]: m => c : : ff 03 87 01 83 2f 00 03 25 ee 1e 
I/RadioService( 1876): onEvent(byte[] data[2] = 0x25 0xee )
I/RDO_MICOM_CMD_EVENT( 1876): => RESPONSE =>   RADIO_CURRENT_SUB_FREQ_M: 0x832f(0x832f))
I/RadioService( 1876): handleMessage(Message msg)
E/RadioService( 1876): in case RADIO_CURRENT_SUB_FREQ_M_L : 9710
I/RadioService( 1876): CWL Start mHDDataService.mHDBandScan.onUpdateCurrentSubFrequency()
I/RadioService( 1876): CWL sendSetSubFrequencyCommand ,frequency = 9730
I/RDO_MICOM_CMD_EVENT( 1876): => COMMAND => RADIO_SET_SUB_FREQ_C: 0x304(0x304))
D/MicomD  ( 1466): send_data: c => m : ff 87 03 01 03 04 00 04 26 02 01 5c 
D/MicomD  ( 1466): ReceivedData[SUCCESS]: m => c : : ff 03 87 01 83 2f 00 03 26 02 f1 
I/RadioService( 1876): onEvent(byte[] data[2] = 0x26 0x02 )
I/RDO_MICOM_CMD_EVENT( 1876): => RESPONSE =>   RADIO_CURRENT_SUB_FREQ_M: 0x832f(0x832f))
I/RadioService( 1876): handleMessage(Message msg)
E/RadioService( 1876): in case RADIO_CURRENT_SUB_FREQ_M_L : 9730
I/RadioService( 1876): CWL Start mHDDataService.mHDBandScan.onUpdateCurrentSubFrequency()
I/RadioService( 1876): CWL sendSetSubFrequencyCommand ,frequency = 9750
I/RDO_MICOM_CMD_EVENT( 1876): => COMMAND => RADIO_SET_SUB_FREQ_C: 0x304(0x304))
D/MicomD  ( 1466): send_data: c => m : ff 87 03 01 03 04 00 04 26 16 01 48 
D/MicomD  ( 1466): ReceivedData[SUCCESS]: m => c : : ff 03 87 01 83 2f 00 03 26 16 e5 
I/RadioService( 1876): onEvent(byte[] data[2] = 0x26 0x16 )
I/RDO_MICOM_CMD_EVENT( 1876): => RESPONSE =>   RADIO_CURRENT_SUB_FREQ_M: 0x832f(0x832f))
I/RadioService( 1876): handleMessage(Message msg)
E/RadioService( 1876): in case RADIO_CURRENT_SUB_FREQ_M_L : 9750
I/RadioService( 1876): CWL Start mHDDataService.mHDBandScan.onUpdateCurrentSubFrequency()
I/RadioService( 1876): CWL sendSetSubFrequencyCommand ,frequency = 9770
I/RDO_MICOM_CMD_EVENT( 1876): => COMMAND => RADIO_SET_SUB_FREQ_C: 0x304(0x304))
D/MicomD  ( 1466): send_data: c => m : ff 87 03 01 03 04 00 04 26 2a 01 74 
D/MicomD  ( 1466): ReceivedData[SUCCESS]: m => c : : ff 03 87 01 83 2f 00 03 26 2a d9 
I/RadioService( 1876): onEvent(byte[] data[2] = 0x26 0x2a )
I/RDO_MICOM_CMD_EVENT( 1876): => RESPONSE =>   RADIO_CURRENT_SUB_FREQ_M: 0x832f(0x832f))
I/RadioService( 1876): handleMessage(Message msg)
E/RadioService( 1876): in case RADIO_CURRENT_SUB_FREQ_M_L : 9770
I/RadioService( 1876): CWL Start mHDDataService.mHDBandScan.onUpdateCurrentSubFrequency()
I/RadioService( 1876): CWL sendSetSubFrequencyCommand ,frequency = 9790
I/RDO_MICOM_CMD_EVENT( 1876): => COMMAND => RADIO_SET_SUB_FREQ_C: 0x304(0x304))
D/MicomD  ( 1466): send_data: c => m : ff 87 03 01 03 04 00 04 26 3e 01 60 
D/MicomD  ( 1466): ReceivedData[SUCCESS]: m => c : : ff 03 87 01 83 2f 00 03 26 3e cd 
I/RadioService( 1876): onEvent(byte[] data[2] = 0x26 0x3e )
I/RDO_MICOM_CMD_EVENT( 1876): => RESPONSE =>   RADIO_CURRENT_SUB_FREQ_M: 0x832f(0x832f))
I/RadioService( 1876): handleMessage(Message msg)
E/RadioService( 1876): in case RADIO_CURRENT_SUB_FREQ_M_L : 9790
I/RadioService( 1876): CWL Start mHDDataService.mHDBandScan.onUpdateCurrentSubFrequency()
D/PhoneProjection( 3364): [ PhoneProjectionService ] onConnectStatus:0
D/vhandler( 2349): [01:31:21:508] [FeatureGpm] onConnectStatus:0
D/vhandler( 2349): [01:31:21:508] [FeatureGpm] onConnectStatus: GPM_INITIALIZE(0)
I/RadioService( 1876): CWL sendSetSubFrequencyCommand ,frequency = 9810
I/RDO_MICOM_CMD_EVENT( 1876): => COMMAND => RADIO_SET_SUB_FREQ_C: 0x304(0x304))
D/MicomD  ( 1466): send_data: c => m : ff 87 03 01 03 04 00 04 26 52 01 0c 
D/MicomD  ( 1466): ReceivedData[SUCCESS]: m => c : : ff 03 87 01 83 2f 00 03 26 52 a1 
I/RadioService( 1876): onEvent(byte[] data[2] = 0x26 0x52 )
I/RDO_MICOM_CMD_EVENT( 1876): => RESPONSE =>   RADIO_CURRENT_SUB_FREQ_M: 0x832f(0x832f))
I/RadioService( 1876): handleMessage(Message msg)
E/RadioService( 1876): in case RADIO_CURRENT_SUB_FREQ_M_L : 9810
I/RadioService( 1876): CWL Start mHDDataService.mHDBandScan.onUpdateCurrentSubFrequency()
V/ModeManagerService( 1876): setMediaStatus : BLUETOOTH STREAMING to AVAILABLE(1) called by Application
V/ModeManagerService( 1876): setMediaStatus : BLUETOOTH STREAMING => duplicated information
D/BCMService( 1876): isBcanValid()
D/MicomD  ( 1466): send_data: c => m : ff 8e 0b 01 0b c7 00 02 c7 72 
D/MicomD  ( 1466): ReceivedData[SUCCESS]: m => c : : ff 0b 8e 01 8b c7 00 04 c7 00 01 f5 
D/BCMService( 1876): onEvent() : 35783 8bc7
D/BCMService( 1876): BCAN_VALID : -57 0
I/TM_HSCANPacketRunner( 1876): onEventFromMicom(APP) : [8e, 8b, c7, c7, 00, 01]
I/RadioService( 1876): CWL sendSetSubFrequencyCommand ,frequency = 9830
I/RDO_MICOM_CMD_EVENT( 1876): => COMMAND => RADIO_SET_SUB_FREQ_C: 0x304(0x304))
D/MicomD  ( 1466): send_data: c => m : ff 87 03 01 03 04 00 04 26 66 01 38 
D/MicomD  ( 1466): ReceivedData[SUCCESS]: m => c : : ff 03 87 01 83 2f 00 03 26 66 95 
I/RadioService( 1876): onEvent(byte[] data[2] = 0x26 0x66 )
I/RDO_MICOM_CMD_EVENT( 1876): => RESPONSE =>   RADIO_CURRENT_SUB_FREQ_M: 0x832f(0x832f))
I/RadioService( 1876): handleMessage(Message msg)
E/RadioService( 1876): in case RADIO_CURRENT_SUB_FREQ_M_L : 9830
I/RadioService( 1876): CWL Start mHDDataService.mHDBandScan.onUpdateCurrentSubFrequency()
I/RadioService( 1876): CWL sendSetSubFrequencyCommand ,frequency = 9850
I/RDO_MICOM_CMD_EVENT( 1876): => COMMAND => RADIO_SET_SUB_FREQ_C: 0x304(0x304))
D/MicomD  ( 1466): send_data: c => m : ff 87 03 01 03 04 00 04 26 7a 01 24 
D/MicomD  ( 1466): ReceivedData[SUCCESS]: m => c : : ff 03 87 01 83 2f 00 03 26 7a 89 
I/RadioService( 1876): onEvent(byte[] data[2] = 0x26 0x7a )
I/RDO_MICOM_CMD_EVENT( 1876): => RESPONSE =>   RADIO_CURRENT_SUB_FREQ_M: 0x832f(0x832f))
I/RadioService( 1876): handleMessage(Message msg)
E/RadioService( 1876): in case RADIO_CURRENT_SUB_FREQ_M_L : 9850
I/RadioService( 1876): CWL Start mHDDataService.mHDBandScan.onUpdateCurrentSubFrequency()
I/RadioService( 1876): CWL sendSetSubFrequencyCommand ,frequency = 9870
I/RDO_MICOM_CMD_EVENT( 1876): => COMMAND => RADIO_SET_SUB_FREQ_C: 0x304(0x304))
D/MicomD  ( 1466): send_data: c => m : ff 87 03 01 03 04 00 04 26 8e 01 d0 
D/MicomD  ( 1466): ReceivedData[SUCCESS]: m => c : : ff 03 87 01 83 2f 00 03 26 8e 7d 
I/RadioService( 1876): onEvent(byte[] data[2] = 0x26 0x8e )
I/RDO_MICOM_CMD_EVENT( 1876): => RESPONSE =>   RADIO_CURRENT_SUB_FREQ_M: 0x832f(0x832f))
I/RadioService( 1876): handleMessage(Message msg)
E/RadioService( 1876): in case RADIO_CURRENT_SUB_FREQ_M_L : 9870
I/RadioService( 1876): CWL Start mHDDataService.mHDBandScan.onUpdateCurrentSubFrequency()
I/RadioService( 1876): CWL sendSetSubFrequencyCommand ,frequency = 9890
I/RDO_MICOM_CMD_EVENT( 1876): => COMMAND => RADIO_SET_SUB_FREQ_C: 0x304(0x304))
D/MicomD  ( 1466): send_data: c => m : ff 87 03 01 03 04 00 04 26 a2 01 fc 
D/MicomD  ( 1466): ReceivedData[SUCCESS]: m => c : : ff 02 85 01 82 1a 00 03 01 06 e5 
D/MicomD  ( 1466): ReceivedData[SUCCESS]: m => c : : ff 03 87 01 83 2f 00 03 26 a2 51 
D/MicomAudioService( 1876): From micom event handleMessage() :75
D/MicomAudioService( 1876): [AUDIO_ERROR_LOG] Received. data = 1 6
I/RadioService( 1876): onEvent(byte[] data[2] = 0x26 0xa2 )
I/RDO_MICOM_CMD_EVENT( 1876): => RESPONSE =>   RADIO_CURRENT_SUB_FREQ_M: 0x832f(0x832f))
I/RadioService( 1876): handleMessage(Message msg)
E/RadioService( 1876): in case RADIO_CURRENT_SUB_FREQ_M_L : 9890
I/RadioService( 1876): CWL Start mHDDataService.mHDBandScan.onUpdateCurrentSubFrequency()
W/ContextImpl( 2236): Calling a method in the system process without a qualified user: android.app.ContextImpl.sendBroadcast:1188 android.content.ContextWrapper.sendBroadcast:365 com.hkmc.system.app.engineering.module.SoundSystemDiagnosisService.sendIntentDiagScreenUpdate:518 com.hkmc.system.app.engineering.module.SoundSystemDiagnosisService.access$1200:30 com.hkmc.system.app.engineering.module.SoundSystemDiagnosisService$3.handleMessage:353 
D/LogSummary( 2162): /data/system/dropbox: mask:00000008 "Sound.log" len:16
W/ContextImpl( 2236): Calling a method in the system process without a qualified user: android.app.ContextImpl.sendBroadcast:1188 android.content.ContextWrapper.sendBroadcast:365 com.hkmc.system.app.engineering.module.SoundSystemDiagnosisService$3.handleMessage:370 android.os.Handler.dispatchMessage:102 android.os.Looper.loop:136 
D/LogSummary( 2162): /data/system/dropbox: mask:00000008 "LogList.txt" len:16
D/MicomD  ( 1466): ReceivedData[SUCCESS]: m => c : : ff 02 85 01 82 1a 00 03 03 05 e4 
D/MicomAudioService( 1876): From micom event handleMessage() :75
D/MicomAudioService( 1876): [AUDIO_ERROR_LOG] Received. data = 3 5
W/ContextImpl( 2236): Calling a method in the system process without a qualified user: android.app.ContextImpl.sendBroadcast:1188 android.content.ContextWrapper.sendBroadcast:365 com.hkmc.system.app.engineering.module.SoundSystemDiagnosisService.sendIntentDiagScreenUpdate:518 com.hkmc.system.app.engineering.module.SoundSystemDiagnosisService.access$1200:30 com.hkmc.system.app.engineering.module.SoundSystemDiagnosisService$3.handleMessage:358 
D/LogSummary( 2162): /data/system/dropbox: mask:00000008 "Sound.log" len:16
W/ContextImpl( 2236): Calling a method in the system process without a qualified user: android.app.ContextImpl.sendBroadcast:1188 android.content.ContextWrapper.sendBroadcast:365 com.hkmc.system.app.engineering.module.SoundSystemDiagnosisService$3.handleMessage:370 android.os.Handler.dispatchMessage:102 android.os.Looper.loop:136 
D/LogSummary( 2162): /data/system/dropbox: mask:00000008 "LogList.txt" len:16
I/RadioService( 1876): CWL sendSetSubFrequencyCommand ,frequency = 9910
I/RDO_MICOM_CMD_EVENT( 1876): => COMMAND => RADIO_SET_SUB_FREQ_C: 0x304(0x304))
D/MicomD  ( 1466): send_data: c => m : ff 87 03 01 03 04 00 04 26 b6 01 e8 
D/MicomD  ( 1466): ReceivedData[SUCCESS]: m => c : : ff 03 87 01 83 2f 00 03 26 b6 45 
I/RadioService( 1876): onEvent(byte[] data[2] = 0x26 0xb6 )
I/RDO_MICOM_CMD_EVENT( 1876): => RESPONSE =>   RADIO_CURRENT_SUB_FREQ_M: 0x832f(0x832f))
I/RadioService( 1876): handleMessage(Message msg)
E/RadioService( 1876): in case RADIO_CURRENT_SUB_FREQ_M_L : 9910
I/RadioService( 1876): CWL Start mHDDataService.mHDBandScan.onUpdateCurrentSubFrequency()
D/PhoneProjection( 3364): [ PhoneProjectionService ] onConnectStatus:0
I/RadioService( 1876): CWL sendSetSubFrequencyCommand ,frequency = 9930
I/RDO_MICOM_CMD_EVENT( 1876): => COMMAND => RADIO_SET_SUB_FREQ_C: 0x304(0x304))
D/MicomD  ( 1466): send_data: c => m : ff 87 03 01 03 04 00 04 26 ca 01 94 
V/AvnStatusBar( 1987): hiding heads up window
D/AvnStatusBar( 1987): setting heads up entry to null
D/AvnStatusBar( 1987): releaseScreen 
V/BlackScreenService( 1876): screenOff() : Calling PID = 1987
E/BlackScreenService( 1876): BlackScreen is not working
D/NotificationService( 1876): notifyNotiStatusChanged
D/NotificationService( 1876): onNotiStatusChanged:StatusBarNotification(pkg=android user=UserHandle{0} id=0 tag=SystemService score=0: Notification(pri=0 contentView=null vibrate=null sound=null defaults=0x0 flags=0x10 kind=[null])) state :0 reason : 19
D/MicomD  ( 1466): ReceivedData[SUCCESS]: m => c : : ff 03 87 01 83 2f 00 03 26 ca 39 
D/vhandler( 2349): [01:31:22:509] [FeatureGpm] onConnectStatus:0
I/RadioService( 1876): onEvent(byte[] data[2] = 0x26 0xca )
I/RDO_MICOM_CMD_EVENT( 1876): => RESPONSE =>   RADIO_CURRENT_SUB_FREQ_M: 0x832f(0x832f))
I/RadioService( 1876): handleMessage(Message msg)
D/vhandler( 2349): [01:31:22:510] [FeatureGpm] onConnectStatus: GPM_INITIALIZE(0)
E/RadioService( 1876): in case RADIO_CURRENT_SUB_FREQ_M_L : 9930
I/RadioService( 1876): CWL Start mHDDataService.mHDBandScan.onUpdateCurrentSubFrequency()
V/WindowManager( 1876): mSplitWindowRight:  Window{42c7d728 u0 com.mobis.splitscreen.right}
V/WindowManager( 1876): beginLayoutLw calculate mTmpSplitWindowFrame without statusbar
D/WindowManager( 1876): beginLayoutLw Screen width is not resized because mSplitScreenResize is false
V/WindowManager( 1876): mTmpSplitWindowFrame : Rect(1280, 0 - 1920, 720)
D/AvnStatusBar( 1987): removeNotification key=android.os.BinderProxy@4304aec0 old=StatusBarNotification(pkg=android user=UserHandle{0} id=0 tag=SystemService score=0: Notification(pri=0 contentView=android/0x109009a vibrate=null sound=null defaults=0x0 flags=0x10 kind=[null]))
D/AvnStatusBar( 1987): releaseScreen 
V/BlackScreenService( 1876): screenOff() : Calling PID = 1987
E/BlackScreenService( 1876): BlackScreen is not working
V/AvnStatusBar( 1987): updateExpandedViewPos
D/AvnStatusBar( 1987): setAreThereNotifications: N=0 any=false clearable=false
V/ModeManagerService( 1876): setMediaStatus : BLUETOOTH STREAMING to AVAILABLE(1) called by Application
V/ModeManagerService( 1876): setMediaStatus : BLUETOOTH STREAMING => duplicated information
I/RadioService( 1876): CWL sendSetSubFrequencyCommand ,frequency = 9950
I/RDO_MICOM_CMD_EVENT( 1876): => COMMAND => RADIO_SET_SUB_FREQ_C: 0x304(0x304))
D/MicomD  ( 1466): send_data: c => m : ff 87 03 01 03 04 00 04 26 de 01 80 
D/MicomD  ( 1466): ReceivedData[SUCCESS]: m => c : : ff 03 87 01 83 2f 00 03 26 de 2d 
I/RadioService( 1876): onEvent(byte[] data[2] = 0x26 0xde )
I/RDO_MICOM_CMD_EVENT( 1876): => RESPONSE =>   RADIO_CURRENT_SUB_FREQ_M: 0x832f(0x832f))
I/RadioService( 1876): handleMessage(Message msg)
E/RadioService( 1876): in case RADIO_CURRENT_SUB_FREQ_M_L : 9950
I/RadioService( 1876): CWL Start mHDDataService.mHDBandScan.onUpdateCurrentSubFrequency()
D/BCMService( 1876): isBcanValid()
D/MicomD  ( 1466): send_data: c => m : ff 8e 0b 01 0b c7 00 02 c7 72 
D/MicomD  ( 1466): ReceivedData[SUCCESS]: m => c : : ff 0b 8e 01 8b c7 00 04 c7 00 01 f5 
D/BCMService( 1876): onEvent() : 35783 8bc7
D/BCMService( 1876): BCAN_VALID : -57 0
I/TM_HSCANPacketRunner( 1876): onEventFromMicom(APP) : [8e, 8b, c7, c7, 00, 01]
I/RadioService( 1876): CWL sendSetSubFrequencyCommand ,frequency = 9970
I/RDO_MICOM_CMD_EVENT( 1876): => COMMAND => RADIO_SET_SUB_FREQ_C: 0x304(0x304))
D/MicomD  ( 1466): send_data: c => m : ff 87 03 01 03 04 00 04 26 f2 01 ac 
D/MicomD  ( 1466): ReceivedData[SUCCESS]: m => c : : ff 03 87 01 83 2f 00 03 26 f2 01 
I/RadioService( 1876): onEvent(byte[] data[2] = 0x26 0xf2 )
I/RDO_MICOM_CMD_EVENT( 1876): => RESPONSE =>   RADIO_CURRENT_SUB_FREQ_M: 0x832f(0x832f))
I/RadioService( 1876): handleMessage(Message msg)
E/RadioService( 1876): in case RADIO_CURRENT_SUB_FREQ_M_L : 9970
I/RadioService( 1876): CWL Start mHDDataService.mHDBandScan.onUpdateCurrentSubFrequency()
D/AudioService( 1876): setBluetoothA2dpInputOn : true
D/AudioService( 1876): setBluetoothA2dpInputOn : done
I/RadioService( 1876): CWL sendSetSubFrequencyCommand ,frequency = 9990
I/RDO_MICOM_CMD_EVENT( 1876): => COMMAND => RADIO_SET_SUB_FREQ_C: 0x304(0x304))
D/MicomD  ( 1466): send_data: c => m : ff 87 03 01 03 04 00 04 27 06 01 59 
D/MicomD  ( 1466): ReceivedData[SUCCESS]: m => c : : ff 03 87 01 83 2f 00 03 27 06 f4 
I/RadioService( 1876): onEvent(byte[] data[2] = 0x27 0x06 )
I/RDO_MICOM_CMD_EVENT( 1876): => RESPONSE =>   RADIO_CURRENT_SUB_FREQ_M: 0x832f(0x832f))
I/RadioService( 1876): handleMessage(Message msg)
E/RadioService( 1876): in case RADIO_CURRENT_SUB_FREQ_M_L : 9990
I/RadioService( 1876): CWL Start mHDDataService.mHDBandScan.onUpdateCurrentSubFrequency()
I/RadioService( 1876): CWL sendSetSubFrequencyCommand ,frequency = 10010
I/RDO_MICOM_CMD_EVENT( 1876): => COMMAND => RADIO_SET_SUB_FREQ_C: 0x304(0x304))
D/MicomD  ( 1466): send_data: c => m : ff 87 03 01 03 04 00 04 27 1a 01 45 
D/MicomD  ( 1466): ReceivedData[SUCCESS]: m => c : : ff 03 87 01 83 2f 00 03 27 1a e8 
I/RadioService( 1876): onEvent(byte[] data[2] = 0x27 0x1a )
I/RDO_MICOM_CMD_EVENT( 1876): => RESPONSE =>   RADIO_CURRENT_SUB_FREQ_M: 0x832f(0x832f))
I/RadioService( 1876): handleMessage(Message msg)
E/RadioService( 1876): in case RADIO_CURRENT_SUB_FREQ_M_L : 10010
I/RadioService( 1876): CWL Start mHDDataService.mHDBandScan.onUpdateCurrentSubFrequency()
I/RadioService( 1876): CWL sendSetSubFrequencyCommand ,frequency = 10030
I/RDO_MICOM_CMD_EVENT( 1876): => COMMAND => RADIO_SET_SUB_FREQ_C: 0x304(0x304))
D/MicomD  ( 1466): send_data: c => m : ff 87 03 01 03 04 00 04 27 2e 01 71 
