I/SXM65HD ( 1465): @daemon_ CHANNEL_OBJECT_bIterator channelart_filename: /data/data/com.hkmc.media.sxm65h/sms_hb/channelart/I00786T00.png,   chID: 454
I/SXM65HD ( 1465): CHANNEL_ART_vAccessCallback:: tAvailableImage 0x000005
I/SXM65HD ( 1465): CHANNEL_ART_vAccessCallback:: IMAGE.hFileName() did not return STRING_INVALID_OBJECT~~O
I/SXM65HD ( 1465): @daemon_ CHANNEL_OBJECT_bIterator channelart_filename: /data/data/com.hkmc.media.sxm65h/sms_hb/channelart/I00872T00.png,   chID: 455
I/SXM65HD ( 1465): CHANNEL_ART_vAccessCallback:: tAvailableImage 0x000005
I/SXM65HD ( 1465): CHANNEL_ART_vAccessCallback:: IMAGE.hFileName() did not return STRING_INVALID_OBJECT~~O
I/SXM65HD ( 1465): @daemon_ CHANNEL_OBJECT_bIterator channelart_filename: /data/data/com.hkmc.media.sxm65h/sms_hb/channelart/I00825T00.png,   chID: 460
I/SXM65HD ( 1465): CHANNEL_ART_vAccessCallback:: tAvailableImage 0x000005
I/SXM65HD ( 1465): CHANNEL_ART_vAccessCallback:: IMAGE.hFileName() did not return STRING_INVALID_OBJECT~~O
I/SXM65HD ( 1465): @daemon_ CHANNEL_OBJECT_bIterator channelart_filename: /data/data/com.hkmc.media.sxm65h/sms_hb/channelart/I00895T00.png,   chID: 468
I/SXM65HD ( 1465): CHANNEL_ART_vAccessCallback:: tAvailableImage 0x000005
I/SXM65HD ( 1465): CHANNEL_ART_vAccessCallback:: IMAGE.hFileName() did not return STRING_INVALID_OBJECT~~O
I/SXM65HD ( 1465): @daemon_ CHANNEL_OBJECT_bIterator channelart_filename: /data/data/com.hkmc.media.sxm65h/sms_hb/channelart/I00810T00.png,   chID: 470
I/SXM65HD ( 1465): SXM65HService::notifyAllAvailableChannelsReceived() channels size = 3, data size = 844
D/vhandler( 2349): [01:30:33:933] [FeatureRadio] mPresetDbObserver - onChange(false)
I/vhandler( 2349): [01:30:33:934] [FeatureRadio] cmode: 0
I/vhandler( 2349): [01:30:33:935] [FeatureRadio] fetchPresetData, cmode is false
I/vhandler( 2349): [01:30:33:935] [FeatureRadio] eVRM_COMMAND_ID.PRESET: AM/FM/SXM
I/vhandler( 2349): [01:30:33:950] [FeatureRadio] mSavedPreset_Size: 40
D/vhandler( 2349): [01:30:33:951] [FeatureRadio] mSxmDbObserver - onChange(false)
I/vhandler( 2349): [01:30:33:951] [FeatureRadio] fetchSxmChannel. uri = content://com.hkmc.av.app.radiona/sxm_channel_lists
D/vhandler( 2349): [01:30:33:965] [FeatureRadio] sxm channel data. size = 3
D/vhandler( 2349): [01:30:33:971] [FeatureRadio] mPresetDbObserver - onChange(false)
I/vhandler( 2349): [01:30:33:972] [FeatureRadio] cmode: 0
I/vhandler( 2349): [01:30:33:972] [FeatureRadio] fetchPresetData, cmode is false
I/vhandler( 2349): [01:30:33:972] [FeatureRadio] eVRM_COMMAND_ID.PRESET: AM/FM/SXM
I/RadioService( 1876): CWL sendSetSubFrequencyCommand ,frequency = 10230
I/RDO_MICOM_CMD_EVENT( 1876): => COMMAND => RADIO_SET_SUB_FREQ_C: 0x304(0x304))
D/MicomD  ( 1466): send_data: c => m : ff 87 03 01 03 04 00 04 27 f6 01 a9 
I/vhandler( 2349): [01:30:33:988] [FeatureRadio] mSavedPreset_Size: 40
D/vhandler( 2349): [01:30:33:988] [FeatureRadio] mSxmDbObserver - onChange(false)
I/vhandler( 2349): [01:30:33:989] [FeatureRadio] fetchSxmChannel. uri = content://com.hkmc.av.app.radiona/sxm_channel_lists
D/MicomD  ( 1466): ReceivedData[SUCCESS]: m => c : : ff 03 87 01 83 2f 00 03 27 f6 04 
I/RadioService( 1876): onEvent(byte[] data[2] = 0x27 0xf6 )
I/RDO_MICOM_CMD_EVENT( 1876): => RESPONSE =>   RADIO_CURRENT_SUB_FREQ_M: 0x832f(0x832f))
I/RadioService( 1876): handleMessage(Message msg)
E/RadioService( 1876): in case RADIO_CURRENT_SUB_FREQ_M_L : 10230
I/RadioService( 1876): CWL Start mHDDataService.mHDBandScan.onUpdateCurrentSubFrequency()
D/vhandler( 2349): [01:30:34:002] [FeatureRadio] sxm channel data. size = 3
D/vhandler( 2349): [01:30:34:006] [FeatureRadio] mPresetDbObserver - onChange(false)
I/vhandler( 2349): [01:30:34:007] [FeatureRadio] cmode: 0
I/vhandler( 2349): [01:30:34:008] [FeatureRadio] fetchPresetData, cmode is false
I/vhandler( 2349): [01:30:34:008] [FeatureRadio] eVRM_COMMAND_ID.PRESET: AM/FM/SXM
I/vhandler( 2349): [01:30:34:023] [FeatureRadio] mSavedPreset_Size: 40
D/vhandler( 2349): [01:30:34:024] [FeatureRadio] mSxmDbObserver - onChange(false)
I/vhandler( 2349): [01:30:34:024] [FeatureRadio] fetchSxmChannel. uri = content://com.hkmc.av.app.radiona/sxm_channel_lists
D/vhandler( 2349): [01:30:34:037] [FeatureRadio] sxm channel data. size = 3
D/vhandler( 2349): [01:30:34:042] [FeatureRadio] mPresetDbObserver - onChange(false)
I/vhandler( 2349): [01:30:34:043] [FeatureRadio] cmode: 0
I/vhandler( 2349): [01:30:34:043] [FeatureRadio] fetchPresetData, cmode is false
I/vhandler( 2349): [01:30:34:043] [FeatureRadio] eVRM_COMMAND_ID.PRESET: AM/FM/SXM
I/SXM65HD ( 1465): SXM WT K:1, C:0
I/vhandler( 2349): [01:30:34:059] [FeatureRadio] mSavedPreset_Size: 40
D/vhandler( 2349): [01:30:34:059] [FeatureRadio] mSxmDbObserver - onChange(false)
I/vhandler( 2349): [01:30:34:060] [FeatureRadio] fetchSxmChannel. uri = content://com.hkmc.av.app.radiona/sxm_channel_lists
D/vhandler( 2349): [01:30:34:078] [FeatureRadio] sxm channel data. size = 3
I/RadioService( 1876): CWL sendSetSubFrequencyCommand ,frequency = 10250
I/RDO_MICOM_CMD_EVENT( 1876): => COMMAND => RADIO_SET_SUB_FREQ_C: 0x304(0x304))
D/MicomD  ( 1466): send_data: c => m : ff 87 03 01 03 04 00 04 28 0a 01 5a 
D/MicomD  ( 1466): ReceivedData[SUCCESS]: m => c : : ff 03 87 01 83 2f 00 03 28 0a f7 
I/RadioService( 1876): onEvent(byte[] data[2] = 0x28 0x0a )
I/RDO_MICOM_CMD_EVENT( 1876): => RESPONSE =>   RADIO_CURRENT_SUB_FREQ_M: 0x832f(0x832f))
I/RadioService( 1876): handleMessage(Message msg)
E/RadioService( 1876): in case RADIO_CURRENT_SUB_FREQ_M_L : 10250
I/RadioService( 1876): CWL Start mHDDataService.mHDBandScan.onUpdateCurrentSubFrequency()
I/SplitVRMManager( 3350): remote split service is Connected
W/ContextImpl( 3350): Calling a method in the system process without a qualified user: android.app.ContextImpl.sendBroadcast:1188 android.content.ContextWrapper.sendBroadcast:365 com.hkmc.telematics.Vrm.util.UpdateDrivingInfoDataToHome.updateDrivingDataToHome:146 com.hkmc.telematics.service.VrmUiService.updateDrivingInfoToHmeWdgtAndLeftAndSS:1391 com.hkmc.telematics.service.VrmUiService$18.run:1371 
D/ClusterService( 1876): NaviCluster.updateSCC_HU_Navi_P() msgGroupNum1: 7 setDestStatus: 3 offRouteStatus: 7 nextTurnType1: 31 naviValidity: 7 nextTurnDist1: 4095 nextTurnDist2: 4095 curLinkCntLane: 15 curRoadClass: 15 curLinkClass: 15 nextTurnType2: 31 msgGroupNum2: 7 nextCamType: 15 nextCamDist: 1023 nextCamSpdLimit: 15 rangeCamInfo: 7 rangeCamDist: 65535 rangeCamSpdLimit: 15 rangeCamAvgMovingSpd: 255 msgGroupNum3: 7 curPosLat: 268435455 curPosLon: 268435455 msgGroupNum4: 7 frontPosLat1: 1023 frontPosLon1: 1023 frontPosLat2: 1023 frontPosLon2: 1023 frontPosLat3: 1023 frontPosLon3: 1023 msgGroupNum5: 7 frontPosUpdate: 3 frontPosLat4: 1023 frontPosLon4: 1023 frontPosLat5: 1023 frontPosLon5: 1023 msgGroupNum6: 7 curTrafLength: 16383 nextTrafDistance: 16383 nextPosTraffic: 15 curPosTraffic: 15
I/BroadcastQueue( 1876): [Ordered] Processing ordered broadcast [background] 1/1, totalDequeueTime : 0 msec, previousDequeueTime : 0 msec, BroadcastRecord{42dd6190 u0 android.intent.action.VIT_NOTI_NAVI_BOOTSTART_SERVICE}, null, Caller : ProcessRecord{41e6cdc8 2183:com.mnsoft.navi/u0a19}
I/BroadcastQueue( 1876): [Ordered] Finished with ordered broadcast [background] total time : 3 msec, totalDequeueTime : 0 msec, Processing time : 3 msec, BroadcastRecord{42dd6190 u0 android.intent.action.VIT_NOTI_NAVI_BOOTSTART_SERVICE}, null, Caller : ProcessRecord{41e6cdc8 2183:com.mnsoft.navi/u0a19}
D/MicomD  ( 1466): ReceivedData[SUCCESS]: m => c : : ff 02 85 01 82 1a 00 03 01 06 e5 
D/MicomAudioService( 1876): From micom event handleMessage() :75
D/MicomAudioService( 1876): [AUDIO_ERROR_LOG] Received. data = 1 6
W/ContextImpl( 2236): Calling a method in the system process without a qualified user: android.app.ContextImpl.sendBroadcast:1188 android.content.ContextWrapper.sendBroadcast:365 com.hkmc.system.app.engineering.module.SoundSystemDiagnosisService.sendIntentDiagScreenUpdate:518 com.hkmc.system.app.engineering.module.SoundSystemDiagnosisService.access$1200:30 com.hkmc.system.app.engineering.module.SoundSystemDiagnosisService$3.handleMessage:353 
D/LogSummary( 2162): /data/system/dropbox: mask:00000008 "Sound.log" len:16
W/ContextImpl( 2236): Calling a method in the system process without a qualified user: android.app.ContextImpl.sendBroadcast:1188 android.content.ContextWrapper.sendBroadcast:365 com.hkmc.system.app.engineering.module.SoundSystemDiagnosisService$3.handleMessage:370 android.os.Handler.dispatchMessage:102 android.os.Looper.loop:136 
D/MicomD  ( 1466): send_data: c => m : ff 8f 0d 01 0d 11 00 02 00 62 
D/USMService( 1876): USMService.addListener() : 11 , com.hkmc.usm.IUSMListener$Stub$Proxy@4283f9c8
D/MicomD  ( 1466): send_data: c => m : ff 8f 0d 01 0d 07 00 35 ff ff 0f ff ff ff ff 1f 7f 03 ff 7f ff ff 0f ff 07 ff ff ff ff ff ff ff 07 03 ff 03 ff 03 ff 03 ff 03 ff 03 ff 1f 03 ff 03 ff 03 ff 03 ff 07 3f ff 3f ff ff 47 
W/USMService( 1876): USMListener send initial USMFlag values.
D/LogSummary( 2162): /data/system/dropbox: mask:00000008 "LogList.txt" len:16
I/RadioService( 1876): CWL sendSetSubFrequencyCommand ,frequency = 10270
I/RDO_MICOM_CMD_EVENT( 1876): => COMMAND => RADIO_SET_SUB_FREQ_C: 0x304(0x304))
D/MicomD  ( 1466): send_data: c => m : ff 87 03 01 03 04 00 04 28 1e 01 4e 
D/MicomD  ( 1466): ReceivedData[SUCCESS]: m => c : : ff 03 87 01 83 2f 00 03 28 1e e3 
I/RadioService( 1876): onEvent(byte[] data[2] = 0x28 0x1e )
I/RDO_MICOM_CMD_EVENT( 1876): => RESPONSE =>   RADIO_CURRENT_SUB_FREQ_M: 0x832f(0x832f))
I/RadioService( 1876): handleMessage(Message msg)
E/RadioService( 1876): in case RADIO_CURRENT_SUB_FREQ_M_L : 10270
I/RadioService( 1876): CWL Start mHDDataService.mHDBandScan.onUpdateCurrentSubFrequency()
I/ActivityManager( 1876): Waited long enough for: ServiceRecord{42985fd8 u0 com.hkmc.mediazen.siri/.service.SiriService}
V/ActivityManager( 1876): Top bg start is ServiceRecord{42938248 u0 com.daudio.app.voicememo/.service.VoiceMemoService}, can delay others up to 35386
D/PhoneProjection( 3364): [ PhoneProjectionService ] onConnectStatus:0
I/RadioService( 1876): CWL sendSetSubFrequencyCommand ,frequency = 10290
I/RDO_MICOM_CMD_EVENT( 1876): => COMMAND => RADIO_SET_SUB_FREQ_C: 0x304(0x304))
D/MicomD  ( 1466): send_data: c => m : ff 87 03 01 03 04 00 04 28 32 01 62 
D/MicomD  ( 1466): ReceivedData[SUCCESS]: m => c : : ff 03 87 01 83 2f 00 03 28 32 cf 
I/RadioService( 1876): onEvent(byte[] data[2] = 0x28 0x32 )
I/RDO_MICOM_CMD_EVENT( 1876): => RESPONSE =>   RADIO_CURRENT_SUB_FREQ_M: 0x832f(0x832f))
I/RadioService( 1876): handleMessage(Message msg)
E/RadioService( 1876): in case RADIO_CURRENT_SUB_FREQ_M_L : 10290
I/RadioService( 1876): CWL Start mHDDataService.mHDBandScan.onUpdateCurrentSubFrequency()
D/vhandler( 2349): [01:30:34:459] [FeatureGpm] onConnectStatus:0
D/vhandler( 2349): [01:30:34:459] [FeatureGpm] onConnectStatus: GPM_INITIALIZE(0)
V/ModeManagerService( 1876): setMediaStatus : BLUETOOTH STREAMING to AVAILABLE(1) called by Application
V/ModeManagerService( 1876): setMediaStatus : BLUETOOTH STREAMING => duplicated information
I/RadioService( 1876): CWL sendSetSubFrequencyCommand ,frequency = 10310
I/RDO_MICOM_CMD_EVENT( 1876): => COMMAND => RADIO_SET_SUB_FREQ_C: 0x304(0x304))
D/MicomD  ( 1466): send_data: c => m : ff 87 03 01 03 04 00 04 28 46 01 16 
I/ActivityManager( 1876): Waited long enough for: ServiceRecord{42938248 u0 com.daudio.app.voicememo/.service.VoiceMemoService}
V/ActivityManager( 1876): Top bg start is ServiceRecord{42baeda0 u0 com.daudio.av.app.btaudio.ui/com.daudio.av.app.btaudio.service.BTMusicService}, can delay others up to 36008
D/MicomD  ( 1466): ReceivedData[SUCCESS]: m => c : : ff 03 87 01 83 2f 00 03 28 46 bb 
I/RadioService( 1876): onEvent(byte[] data[2] = 0x28 0x46 )
I/RDO_MICOM_CMD_EVENT( 1876): => RESPONSE =>   RADIO_CURRENT_SUB_FREQ_M: 0x832f(0x832f))
I/RadioService( 1876): handleMessage(Message msg)
E/RadioService( 1876): in case RADIO_CURRENT_SUB_FREQ_M_L : 10310
I/RadioService( 1876): CWL Start mHDDataService.mHDBandScan.onUpdateCurrentSubFrequency()
D/BCMService( 1876): isBcanValid()
D/MicomD  ( 1466): send_data: c => m : ff 8e 0b 01 0b c7 00 02 c7 72 
D/MicomD  ( 1466): ReceivedData[SUCCESS]: m => c : : ff 0b 8e 01 8b c7 00 04 c7 00 01 f5 
D/BCMService( 1876): onEvent() : 35783 8bc7
D/BCMService( 1876): BCAN_VALID : -57 0
I/TM_HSCANPacketRunner( 1876): onEventFromMicom(APP) : [8e, 8b, c7, c7, 00, 01]
I/RadioService( 1876): CWL sendSetSubFrequencyCommand ,frequency = 10330
I/RDO_MICOM_CMD_EVENT( 1876): => COMMAND => RADIO_SET_SUB_FREQ_C: 0x304(0x304))
D/MicomD  ( 1466): send_data: c => m : ff 87 03 01 03 04 00 04 28 5a 01 0a 
D/MicomD  ( 1466): ReceivedData[SUCCESS]: m => c : : ff 03 87 01 83 2f 00 03 28 5a a7 
I/RadioService( 1876): onEvent(byte[] data[2] = 0x28 0x5a )
I/RDO_MICOM_CMD_EVENT( 1876): => RESPONSE =>   RADIO_CURRENT_SUB_FREQ_M: 0x832f(0x832f))
I/RadioService( 1876): handleMessage(Message msg)
E/RadioService( 1876): in case RADIO_CURRENT_SUB_FREQ_M_L : 10330
I/RadioService( 1876): CWL Start mHDDataService.mHDBandScan.onUpdateCurrentSubFrequency()
I/HDBandScan( 1876): Run Timer - Eng Mode Displaying +++++
I/HDBandScan( 1876): EngDisplay: Phase=2-Tuner, SPI2=276
I/HDBandScan( 1876): EngDisplay: TunedFrequency=0, Station=null, DSQM=0, Cd/No=0, FilteredDSQM=0,
I/HDBandScan( 1876): EngDisplay: RadioState=1, SisCRCLock=0, Dig=0, SXM State=Invalid
I/SXM65HD ( 1465): CHANNEL.eNotifyOnChange() Success!
I/RadioService( 1876): CWL sendSetSubFrequencyCommand ,frequency = 10350
I/RDO_MICOM_CMD_EVENT( 1876): => COMMAND => RADIO_SET_SUB_FREQ_C: 0x304(0x304))
D/MicomD  ( 1466): send_data: c => m : ff 87 03 01 03 04 00 04 28 6e 01 3e 
D/MicomD  ( 1466): ReceivedData[SUCCESS]: m => c : : ff 03 87 01 83 2f 00 03 28 6e 93 
I/RadioService( 1876): onEvent(byte[] data[2] = 0x28 0x6e )
I/RDO_MICOM_CMD_EVENT( 1876): => RESPONSE =>   RADIO_CURRENT_SUB_FREQ_M: 0x832f(0x832f))
I/RadioService( 1876): handleMessage(Message msg)
E/RadioService( 1876): in case RADIO_CURRENT_SUB_FREQ_M_L : 10350
I/RadioService( 1876): CWL Start mHDDataService.mHDBandScan.onUpdateCurrentSubFrequency()
I/RadioService( 1876): CWL sendSetSubFrequencyCommand ,frequency = 10370
I/RDO_MICOM_CMD_EVENT( 1876): => COMMAND => RADIO_SET_SUB_FREQ_C: 0x304(0x304))
D/MicomD  ( 1466): send_data: c => m : ff 87 03 01 03 04 00 04 28 82 01 d2 
D/MicomD  ( 1466): ReceivedData[SUCCESS]: m => c : : ff 03 87 01 83 2f 00 03 28 82 7f 
I/RadioService( 1876): onEvent(byte[] data[2] = 0x28 0x82 )
I/RDO_MICOM_CMD_EVENT( 1876): => RESPONSE =>   RADIO_CURRENT_SUB_FREQ_M: 0x832f(0x832f))
I/RadioService( 1876): handleMessage(Message msg)
E/RadioService( 1876): in case RADIO_CURRENT_SUB_FREQ_M_L : 10370
I/RadioService( 1876): CWL Start mHDDataService.mHDBandScan.onUpdateCurrentSubFrequency()
I/RadioService( 1876): CWL sendSetSubFrequencyCommand ,frequency = 10390
I/RDO_MICOM_CMD_EVENT( 1876): => COMMAND => RADIO_SET_SUB_FREQ_C: 0x304(0x304))
D/MicomD  ( 1466): send_data: c => m : ff 87 03 01 03 04 00 04 28 96 01 c6 
I/ActivityManager( 1876): Waited long enough for: ServiceRecord{42baeda0 u0 com.daudio.av.app.btaudio.ui/com.daudio.av.app.btaudio.service.BTMusicService}
V/ActivityManager( 1876): Top bg start is ServiceRecord{42cafd68 u0 com.android.btsettings/com.android.settings2.bluetooth.BluetoothService}, can delay others up to 36507
D/MicomD  ( 1466): ReceivedData[SUCCESS]: m => c : : ff 03 87 01 83 2f 00 03 28 96 6b 
I/RadioService( 1876): onEvent(byte[] data[2] = 0x28 0x96 )
I/RDO_MICOM_CMD_EVENT( 1876): => RESPONSE =>   RADIO_CURRENT_SUB_FREQ_M: 0x832f(0x832f))
I/RadioService( 1876): handleMessage(Message msg)
E/RadioService( 1876): in case RADIO_CURRENT_SUB_FREQ_M_L : 10390
I/RadioService( 1876): CWL Start mHDDataService.mHDBandScan.onUpdateCurrentSubFrequency()
I/RadioService( 1876): CWL sendSetSubFrequencyCommand ,frequency = 10410
I/RDO_MICOM_CMD_EVENT( 1876): => COMMAND => RADIO_SET_SUB_FREQ_C: 0x304(0x304))
D/MicomD  ( 1466): send_data: c => m : ff 87 03 01 03 04 00 04 28 aa 01 fa 
D/MicomD  ( 1466): ReceivedData[SUCCESS]: m => c : : ff 03 87 01 83 2f 00 03 28 aa 57 
I/RadioService( 1876): onEvent(byte[] data[2] = 0x28 0xaa )
I/RDO_MICOM_CMD_EVENT( 1876): => RESPONSE =>   RADIO_CURRENT_SUB_FREQ_M: 0x832f(0x832f))
I/RadioService( 1876): handleMessage(Message msg)
E/RadioService( 1876): in case RADIO_CURRENT_SUB_FREQ_M_L : 10410
I/RadioService( 1876): CWL Start mHDDataService.mHDBandScan.onUpdateCurrentSubFrequency()
D/AvnStatusBar.NetworkController( 1987): VariantCoding.VARIANT_TELEMATICS : 1 (unknown -1 / off 0 / on 1)
D/AvnStatusBarPolicy( 1987): onPhoneSignalChanged true  11  0
D/AvnStatusBar( 1987): updateIcon slot=phone_signal index=5 viewIndex=3 old=StatusBarIcon(pkg=com.android.systemuiuser=0 id=0x7f02009f level=0 visible=true num=0 ) icon=StatusBarIcon(pkg=com.android.systemuiuser=0 id=0x7f02009f level=0 visible=true num=0 )
D/PhoneProjection( 3364): [ PhoneProjectionService ] onConnectStatus:0
D/vhandler( 2349): [01:30:35:459] [FeatureGpm] onConnectStatus:0
D/vhandler( 2349): [01:30:35:460] [FeatureGpm] onConnectStatus: GPM_INITIALIZE(0)
I/RadioService( 1876): CWL sendSetSubFrequencyCommand ,frequency = 10430
I/RDO_MICOM_CMD_EVENT( 1876): => COMMAND => RADIO_SET_SUB_FREQ_C: 0x304(0x304))
D/MicomD  ( 1466): send_data: c => m : ff 87 03 01 03 04 00 04 28 be 01 ee 
D/MicomD  ( 1466): ReceivedData[SUCCESS]: m => c : : ff 03 87 01 83 2f 00 03 28 be 43 
I/RadioService( 1876): onEvent(byte[] data[2] = 0x28 0xbe )
I/RDO_MICOM_CMD_EVENT( 1876): => RESPONSE =>   RADIO_CURRENT_SUB_FREQ_M: 0x832f(0x832f))
I/RadioService( 1876): handleMessage(Message msg)
E/RadioService( 1876): in case RADIO_CURRENT_SUB_FREQ_M_L : 10430
I/RadioService( 1876): CWL Start mHDDataService.mHDBandScan.onUpdateCurrentSubFrequency()
V/ModeManagerService( 1876): setMediaStatus : BLUETOOTH STREAMING to AVAILABLE(1) called by Application
V/ModeManagerService( 1876): setMediaStatus : BLUETOOTH STREAMING => duplicated information
I/RadioService( 1876): CWL sendSetSubFrequencyCommand ,frequency = 10450
I/RDO_MICOM_CMD_EVENT( 1876): => COMMAND => RADIO_SET_SUB_FREQ_C: 0x304(0x304))
D/MicomD  ( 1466): send_data: c => m : ff 87 03 01 03 04 00 04 28 d2 01 82 
D/MicomD  ( 1466): ReceivedData[SUCCESS]: m => c : : ff 03 87 01 83 2f 00 03 28 d2 2f 
I/RadioService( 1876): onEvent(byte[] data[2] = 0x28 0xd2 )
I/RDO_MICOM_CMD_EVENT( 1876): => RESPONSE =>   RADIO_CURRENT_SUB_FREQ_M: 0x832f(0x832f))
I/RadioService( 1876): handleMessage(Message msg)
E/RadioService( 1876): in case RADIO_CURRENT_SUB_FREQ_M_L : 10450
I/RadioService( 1876): CWL Start mHDDataService.mHDBandScan.onUpdateCurrentSubFrequency()
D/BCMService( 1876): isBcanValid()
D/MicomD  ( 1466): send_data: c => m : ff 8e 0b 01 0b c7 00 02 c7 72 
D/MicomD  ( 1466): ReceivedData[SUCCESS]: m => c : : ff 0b 8e 01 8b c7 00 04 c7 00 01 f5 
D/BCMService( 1876): onEvent() : 35783 8bc7
D/BCMService( 1876): BCAN_VALID : -57 0
I/TM_HSCANPacketRunner( 1876): onEventFromMicom(APP) : [8e, 8b, c7, c7, 00, 01]
I/ActivityManager( 1876): Waited long enough for: ServiceRecord{42cafd68 u0 com.android.btsettings/com.android.settings2.bluetooth.BluetoothService}
V/ActivityManager( 1876): Top bg start is ServiceRecord{42ad0a58 u0 com.hkmc.system.app.engineering/.factory.FactoryService}, can delay others up to 37374
I/RadioService( 1876): CWL sendSetSubFrequencyCommand ,frequency = 10470
I/RDO_MICOM_CMD_EVENT( 1876): => COMMAND => RADIO_SET_SUB_FREQ_C: 0x304(0x304))
D/MicomD  ( 1466): send_data: c => m : ff 87 03 01 03 04 00 04 28 e6 01 b6 
D/MicomD  ( 1466): ReceivedData[SUCCESS]: m => c : : ff 03 87 01 83 2f 00 03 28 e6 1b 
I/RadioService( 1876): onEvent(byte[] data[2] = 0x28 0xe6 )
I/RDO_MICOM_CMD_EVENT( 1876): => RESPONSE =>   RADIO_CURRENT_SUB_FREQ_M: 0x832f(0x832f))
I/RadioService( 1876): handleMessage(Message msg)
E/RadioService( 1876): in case RADIO_CURRENT_SUB_FREQ_M_L : 10470
I/RadioService( 1876): CWL Start mHDDataService.mHDBandScan.onUpdateCurrentSubFrequency()
D/AvnStatusBar.NetworkController( 1987): VariantCoding.VARIANT_TELEMATICS : 1 (unknown -1 / off 0 / on 1)
D/AvnStatusBarPolicy( 1987): onPhoneSignalChanged true  11  0
D/AvnStatusBar( 1987): updateIcon slot=phone_signal index=5 viewIndex=3 old=StatusBarIcon(pkg=com.android.systemuiuser=0 id=0x7f02009f level=0 visible=true num=0 ) icon=StatusBarIcon(pkg=com.android.systemuiuser=0 id=0x7f02009f level=0 visible=true num=0 )
I/RadioService( 1876): CWL sendSetSubFrequencyCommand ,frequency = 10490
I/RDO_MICOM_CMD_EVENT( 1876): => COMMAND => RADIO_SET_SUB_FREQ_C: 0x304(0x304))
D/MicomD  ( 1466): send_data: c => m : ff 87 03 01 03 04 00 04 28 fa 01 aa 
D/MicomD  ( 1466): ReceivedData[SUCCESS]: m => c : : ff 03 87 01 83 2f 00 03 28 fa 07 
I/RadioService( 1876): onEvent(byte[] data[2] = 0x28 0xfa )
I/RDO_MICOM_CMD_EVENT( 1876): => RESPONSE =>   RADIO_CURRENT_SUB_FREQ_M: 0x832f(0x832f))
I/RadioService( 1876): handleMessage(Message msg)
E/RadioService( 1876): in case RADIO_CURRENT_SUB_FREQ_M_L : 10490
I/RadioService( 1876): CWL Start mHDDataService.mHDBandScan.onUpdateCurrentSubFrequency()
I/RadioService( 1876): CWL sendSetSubFrequencyCommand ,frequency = 10510
I/RDO_MICOM_CMD_EVENT( 1876): => COMMAND => RADIO_SET_SUB_FREQ_C: 0x304(0x304))
D/MicomD  ( 1466): send_data: c => m : ff 87 03 01 03 04 00 04 29 0e 01 5f 
D/MicomD  ( 1466): ReceivedData[SUCCESS]: m => c : : ff 03 87 01 83 2f 00 03 29 0e f2 
I/RadioService( 1876): onEvent(byte[] data[2] = 0x29 0x0e )
I/RDO_MICOM_CMD_EVENT( 1876): => RESPONSE =>   RADIO_CURRENT_SUB_FREQ_M: 0x832f(0x832f))
I/RadioService( 1876): handleMessage(Message msg)
E/RadioService( 1876): in case RADIO_CURRENT_SUB_FREQ_M_L : 10510
I/RadioService( 1876): CWL Start mHDDataService.mHDBandScan.onUpdateCurrentSubFrequency()
I/RadioService( 1876): CWL sendSetSubFrequencyCommand ,frequency = 10530
I/RDO_MICOM_CMD_EVENT( 1876): => COMMAND => RADIO_SET_SUB_FREQ_C: 0x304(0x304))
D/MicomD  ( 1466): send_data: c => m : ff 87 03 01 03 04 00 04 29 22 01 73 
D/MicomD  ( 1466): ReceivedData[SUCCESS]: m => c : : ff 03 87 01 83 2f 00 03 29 22 de 
I/RadioService( 1876): onEvent(byte[] data[2] = 0x29 0x22 )
I/RDO_MICOM_CMD_EVENT( 1876): => RESPONSE =>   RADIO_CURRENT_SUB_FREQ_M: 0x832f(0x832f))
I/RadioService( 1876): handleMessage(Message msg)
E/RadioService( 1876): in case RADIO_CURRENT_SUB_FREQ_M_L : 10530
I/RadioService( 1876): CWL Start mHDDataService.mHDBandScan.onUpdateCurrentSubFrequency()
D/PhoneProjection( 3364): [ PhoneProjectionService ] onConnectStatus:0
I/RadioService( 1876): CWL sendSetSubFrequencyCommand ,frequency = 10550
I/RDO_MICOM_CMD_EVENT( 1876): => COMMAND => RADIO_SET_SUB_FREQ_C: 0x304(0x304))
D/MicomD  ( 1466): send_data: c => m : ff 87 03 01 03 04 00 04 29 36 01 67 
D/MicomD  ( 1466): ReceivedData[SUCCESS]: m => c : : ff 03 87 01 83 2f 00 03 29 36 ca 
I/RadioService( 1876): onEvent(byte[] data[2] = 0x29 0x36 )
I/RDO_MICOM_CMD_EVENT( 1876): => RESPONSE =>   RADIO_CURRENT_SUB_FREQ_M: 0x832f(0x832f))
I/RadioService( 1876): handleMessage(Message msg)
E/RadioService( 1876): in case RADIO_CURRENT_SUB_FREQ_M_L : 10550
I/RadioService( 1876): CWL Start mHDDataService.mHDBandScan.onUpdateCurrentSubFrequency()
D/vhandler( 2349): [01:30:36:459] [FeatureGpm] onConnectStatus:0
D/vhandler( 2349): [01:30:36:460] [FeatureGpm] onConnectStatus: GPM_INITIALIZE(0)
V/ModeManagerService( 1876): setMediaStatus : BLUETOOTH STREAMING to AVAILABLE(1) called by Application
V/ModeManagerService( 1876): setMediaStatus : BLUETOOTH STREAMING => duplicated information
I/ActivityManager( 1876): Waited long enough for: ServiceRecord{42ad0a58 u0 com.hkmc.system.app.engineering/.factory.FactoryService}
V/ActivityManager( 1876): Top bg start is ServiceRecord{42abf218 u0 com.hkmc.system.app.engineering/.module.SoundSystemDiagnosisService}, can delay others up to 37385
I/RadioService( 1876): CWL sendSetSubFrequencyCommand ,frequency = 10570
I/RDO_MICOM_CMD_EVENT( 1876): => COMMAND => RADIO_SET_SUB_FREQ_C: 0x304(0x304))
D/MicomD  ( 1466): send_data: c => m : ff 87 03 01 03 04 00 04 29 4a 01 1b 
I/ActivityManager( 1876): Waited long enough for: ServiceRecord{42abf218 u0 com.hkmc.system.app.engineering/.module.SoundSystemDiagnosisService}
V/ActivityManager( 1876): Top bg start is ServiceRecord{42a0e218 u0 com.android.btsettings/com.android.settings2.bluetooth.BTSettingsActivityCheckService}, can delay others up to 37523
D/MicomD  ( 1466): ReceivedData[SUCCESS]: m => c : : ff 03 87 01 83 2f 00 03 29 4a b6 
I/RadioService( 1876): onEvent(byte[] data[2] = 0x29 0x4a )
I/RDO_MICOM_CMD_EVENT( 1876): => RESPONSE =>   RADIO_CURRENT_SUB_FREQ_M: 0x832f(0x832f))
I/RadioService( 1876): handleMessage(Message msg)
E/RadioService( 1876): in case RADIO_CURRENT_SUB_FREQ_M_L : 10570
I/RadioService( 1876): CWL Start mHDDataService.mHDBandScan.onUpdateCurrentSubFrequency()
D/BCMService( 1876): isBcanValid()
D/MicomD  ( 1466): send_data: c => m : ff 8e 0b 01 0b c7 00 02 c7 72 
D/MicomD  ( 1466): ReceivedData[SUCCESS]: m => c : : ff 0b 8e 01 8b c7 00 04 c7 00 01 f5 
D/BCMService( 1876): onEvent() : 35783 8bc7
D/BCMService( 1876): BCAN_VALID : -57 0
I/TM_HSCANPacketRunner( 1876): onEventFromMicom(APP) : [8e, 8b, c7, c7, 00, 01]
I/ActivityManager( 1876): Waited long enough for: ServiceRecord{42a0e218 u0 com.android.btsettings/com.android.settings2.bluetooth.BTSettingsActivityCheckService}
V/ActivityManager( 1876): Top bg start is ServiceRecord{42a011d8 u0 com.android.HKMC_ModemFoTAService/.FotaService}, can delay others up to 37643
I/RadioService( 1876): CWL sendSetSubFrequencyCommand ,frequency = 10590
I/RDO_MICOM_CMD_EVENT( 1876): => COMMAND => RADIO_SET_SUB_FREQ_C: 0x304(0x304))
D/MicomD  ( 1466): send_data: c => m : ff 87 03 01 03 04 00 04 29 5e 01 0f 
D/MicomD  ( 1466): ReceivedData[SUCCESS]: m => c : : ff 03 87 01 83 2f 00 03 29 5e a2 
I/RadioService( 1876): onEvent(byte[] data[2] = 0x29 0x5e )
I/RDO_MICOM_CMD_EVENT( 1876): => RESPONSE =>   RADIO_CURRENT_SUB_FREQ_M: 0x832f(0x832f))
I/RadioService( 1876): handleMessage(Message msg)
E/RadioService( 1876): in case RADIO_CURRENT_SUB_FREQ_M_L : 10590
I/RadioService( 1876): CWL Start mHDDataService.mHDBandScan.onUpdateCurrentSubFrequency()
I/ActivityManager( 1876): Waited long enough for: ServiceRecord{42a011d8 u0 com.android.HKMC_ModemFoTAService/.FotaService}
V/ActivityManager( 1876): Top bg start is ServiceRecord{42d62b88 u0 com.hkmc.av.app.naturesound/.service.NatureSoundService}, can delay others up to 37915
I/RadioService( 1876): CWL sendSetSubFrequencyCommand ,frequency = 10610
I/RDO_MICOM_CMD_EVENT( 1876): => COMMAND => RADIO_SET_SUB_FREQ_C: 0x304(0x304))
D/MicomD  ( 1466): send_data: c => m : ff 87 03 01 03 04 00 04 29 72 01 23 
D/MicomD  ( 1466): ReceivedData[SUCCESS]: m => c : : ff 03 87 01 83 2f 00 03 29 72 8e 
I/RadioService( 1876): onEvent(byte[] data[2] = 0x29 0x72 )
I/RDO_MICOM_CMD_EVENT( 1876): => RESPONSE =>   RADIO_CURRENT_SUB_FREQ_M: 0x832f(0x832f))
I/RadioService( 1876): handleMessage(Message msg)
E/RadioService( 1876): in case RADIO_CURRENT_SUB_FREQ_M_L : 10610
I/RadioService( 1876): CWL Start mHDDataService.mHDBandScan.onUpdateCurrentSubFrequency()
I/RadioService( 1876): CWL sendSetSubFrequencyCommand ,frequency = 10630
I/RDO_MICOM_CMD_EVENT( 1876): => COMMAND => RADIO_SET_SUB_FREQ_C: 0x304(0x304))
D/MicomD  ( 1466): send_data: c => m : ff 87 03 01 03 04 00 04 29 86 01 d7 
I/SXM65HD ( 1465): SXM65HService::onTransact() code = 16
I/SXM65HD ( 1465): IS_CHANNEL_SUBSCRIBED channelID = 1, result = 1
I/SXM65HD ( 1465): SXM65HService::onTransact() code = 16
I/SXM65HD ( 1465): IS_CHANNEL_SUBSCRIBED channelID = 1, result = 1
D/MicomD  ( 1466): ReceivedData[SUCCESS]: m => c : : ff 03 87 01 83 2f 00 03 29 86 7a 
I/RadioService( 1876): onEvent(byte[] data[2] = 0x29 0x86 )
I/RDO_MICOM_CMD_EVENT( 1876): => RESPONSE =>   RADIO_CURRENT_SUB_FREQ_M: 0x832f(0x832f))
I/RadioService( 1876): handleMessage(Message msg)
E/RadioService( 1876): in case RADIO_CURRENT_SUB_FREQ_M_L : 10630
I/RadioService( 1876): CWL Start mHDDataService.mHDBandScan.onUpdateCurrentSubFrequency()
I/ActivityManager( 1876): Waited long enough for: ServiceRecord{42d62b88 u0 com.hkmc.av.app.naturesound/.service.NatureSoundService}
V/ActivityManager( 1876): Top bg start is ServiceRecord{42caed30 u0 com.hkmc.av.app.radiona/.services.RadioAppService}, can delay others up to 37946
I/ActivityManager( 1876): Waited long enough for: ServiceRecord{42caed30 u0 com.hkmc.av.app.radiona/.services.RadioAppService}
V/ActivityManager( 1876): Top bg start is ServiceRecord{42c3ae58 u0 com.hkmc.av.app.radiona/.SXMRadioAppService}, can delay others up to 37971
I/ActivityManager( 1876): Waited long enough for: ServiceRecord{42c3ae58 u0 com.hkmc.av.app.radiona/.SXMRadioAppService}
V/ActivityManager( 1876): Top bg start is ServiceRecord{42bccb28 u0 com.android.sml/.SMLService}, can delay others up to 38102
I/RadioService( 1876): CWL sendSetSubFrequencyCommand ,frequency = 10650
I/RDO_MICOM_CMD_EVENT( 1876): => COMMAND => RADIO_SET_SUB_FREQ_C: 0x304(0x304))
D/MicomD  ( 1466): send_data: c => m : ff 87 03 01 03 04 00 04 29 9a 01 cb 
D/MicomD  ( 1466): ReceivedData[SUCCESS]: m => c : : ff 03 87 01 83 2f 00 03 29 9a 66 
I/RadioService( 1876): onEvent(byte[] data[2] = 0x29 0x9a )
I/RDO_MICOM_CMD_EVENT( 1876): => RESPONSE =>   RADIO_CURRENT_SUB_FREQ_M: 0x832f(0x832f))
I/RadioService( 1876): handleMessage(Message msg)
E/RadioService( 1876): in case RADIO_CURRENT_SUB_FREQ_M_L : 10650
I/RadioService( 1876): CWL Start mHDDataService.mHDBandScan.onUpdateCurrentSubFrequency()
W/ContextImpl( 2236): Calling a method in the system process without a qualified user: android.app.ContextImpl.sendBroadcast:1188 android.content.ContextWrapper.sendBroadcast:365 com.hkmc.system.app.engineering.module.SoundSystemDiagnosisService.sendIntentDiagScreenUpdate:518 com.hkmc.system.app.engineering.module.SoundSystemDiagnosisService.access$1200:30 com.hkmc.system.app.engineering.module.SoundSystemDiagnosisService$3.handleMessage:330 
D/MicomD  ( 1466): ReceivedData[SUCCESS]: m => c : : ff 02 85 01 82 1a 00 03 03 05 e4 
D/MicomAudioService( 1876): From micom event handleMessage() :75
D/MicomAudioService( 1876): [AUDIO_ERROR_LOG] Received. data = 3 5
W/ContextImpl( 2236): Calling a method in the system process without a qualified user: android.app.ContextImpl.sendBroadcast:1188 android.content.ContextWrapper.sendBroadcast:365 com.hkmc.system.app.engineering.module.SoundSystemDiagnosisService.sendIntentDiagScreenUpdate:518 com.hkmc.system.app.engineering.module.SoundSystemDiagnosisService.access$1200:30 com.hkmc.system.app.engineering.module.SoundSystemDiagnosisService$3.handleMessage:358 
I/ActivityManager( 1876): Waited long enough for: ServiceRecord{42bccb28 u0 com.android.sml/.SMLService}
V/ActivityManager( 1876): Top bg start is ServiceRecord{42a04430 u0 com.daudio.av.app.usbmusic/.service.MusicService}, can delay others up to 38315
D/LogSummary( 2162): /data/system/dropbox: mask:00000008 "Sound.log" len:16
W/ContextImpl( 2236): Calling a method in the system process without a qualified user: android.app.ContextImpl.sendBroadcast:1188 android.content.ContextWrapper.sendBroadcast:365 com.hkmc.system.app.engineering.module.SoundSystemDiagnosisService$3.handleMessage:370 android.os.Handler.dispatchMessage:102 android.os.Looper.loop:136 
D/LogSummary( 2162): /data/system/dropbox: mask:00000008 "LogList.txt" len:16
I/RadioService( 1876): CWL sendSetSubFrequencyCommand ,frequency = 10670
I/RDO_MICOM_CMD_EVENT( 1876): => COMMAND => RADIO_SET_SUB_FREQ_C: 0x304(0x304))
D/MicomD  ( 1466): send_data: c => m : ff 87 03 01 03 04 00 04 29 ae 01 ff 
D/MicomD  ( 1466): ReceivedData[SUCCESS]: m => c : : ff 03 87 01 83 2f 00 03 29 ae 52 
I/RadioService( 1876): onEvent(byte[] data[2] = 0x29 0xae )
I/RDO_MICOM_CMD_EVENT( 1876): => RESPONSE =>   RADIO_CURRENT_SUB_FREQ_M: 0x832f(0x832f))
I/RadioService( 1876): handleMessage(Message msg)
E/RadioService( 1876): in case RADIO_CURRENT_SUB_FREQ_M_L : 10670
I/RadioService( 1876): CWL Start mHDDataService.mHDBandScan.onUpdateCurrentSubFrequency()
D/PhoneProjection( 3364): [ PhoneProjectionService ] onConnectStatus:0
D/vhandler( 2349): [01:30:37:460] [FeatureGpm] onConnectStatus:0
D/vhandler( 2349): [01:30:37:460] [FeatureGpm] onConnectStatus: GPM_INITIALIZE(0)
I/ActivityManager( 1876): Waited long enough for: ServiceRecord{42a04430 u0 com.daudio.av.app.usbmusic/.service.MusicService}
V/ActivityManager( 1876): Top bg start is ServiceRecord{429e0058 u0 com.android.settings/.remotecontrol.SoundRemoteService}, can delay others up to 38329
I/RadioService( 1876): CWL sendSetSubFrequencyCommand ,frequency = 10690
I/RDO_MICOM_CMD_EVENT( 1876): => COMMAND => RADIO_SET_SUB_FREQ_C: 0x304(0x304))
D/MicomD  ( 1466): send_data: c => m : ff 87 03 01 03 04 00 04 29 c2 01 93 
I/ActivityManager( 1876): Waited long enough for: ServiceRecord{429e0058 u0 com.android.settings/.remotecontrol.SoundRemoteService}
V/ActivityManager( 1876): Top bg start is ServiceRecord{42d2b7a0 u0 com.hkmc.telematics.apps.Vrm.main/com.hkmc.telematics.service.VrmUiService}, can delay others up to 39288
D/MicomD  ( 1466): ReceivedData[SUCCESS]: m => c : : ff 03 87 01 83 2f 00 03 29 c2 3e 
I/RadioService( 1876): onEvent(byte[] data[2] = 0x29 0xc2 )
I/RDO_MICOM_CMD_EVENT( 1876): => RESPONSE =>   RADIO_CURRENT_SUB_FREQ_M: 0x832f(0x832f))
I/RadioService( 1876): handleMessage(Message msg)
E/RadioService( 1876): in case RADIO_CURRENT_SUB_FREQ_M_L : 10690
I/RadioService( 1876): CWL Start mHDDataService.mHDBandScan.onUpdateCurrentSubFrequency()
V/ModeManagerService( 1876): setMediaStatus : BLUETOOTH STREAMING to AVAILABLE(1) called by Application
V/ModeManagerService( 1876): setMediaStatus : BLUETOOTH STREAMING => duplicated information
I/RadioService( 1876): CWL sendSetSubFrequencyCommand ,frequency = 10710
I/RDO_MICOM_CMD_EVENT( 1876): => COMMAND => RADIO_SET_SUB_FREQ_C: 0x304(0x304))
D/MicomD  ( 1466): send_data: c => m : ff 87 03 01 03 04 00 04 29 d6 01 87 
D/BCMService( 1876): isBcanValid()
D/MicomD  ( 1466): ReceivedData[SUCCESS]: m => c : : ff 03 87 01 83 2f 00 03 29 d6 2a 
I/RadioService( 1876): onEvent(byte[] data[2] = 0x29 0xd6 )
I/RDO_MICOM_CMD_EVENT( 1876): => RESPONSE =>   RADIO_CURRENT_SUB_FREQ_M: 0x832f(0x832f))
I/RadioService( 1876): handleMessage(Message msg)
E/RadioService( 1876): in case RADIO_CURRENT_SUB_FREQ_M_L : 10710
I/RadioService( 1876): CWL Start mHDDataService.mHDBandScan.onUpdateCurrentSubFrequency()
D/MicomD  ( 1466): send_data: c => m : ff 8e 0b 01 0b c7 00 02 c7 72 
D/MicomD  ( 1466): ReceivedData[SUCCESS]: m => c : : ff 0b 8e 01 8b c7 00 04 c7 00 01 f5 
D/BCMService( 1876): onEvent() : 35783 8bc7
D/BCMService( 1876): BCAN_VALID : -57 0
I/TM_HSCANPacketRunner( 1876): onEventFromMicom(APP) : [8e, 8b, c7, c7, 00, 01]
I/RadioService( 1876): CWL sendSetSubFrequencyCommand ,frequency = 10730
I/RDO_MICOM_CMD_EVENT( 1876): => COMMAND => RADIO_SET_SUB_FREQ_C: 0x304(0x304))
D/MicomD  ( 1466): send_data: c => m : ff 87 03 01 03 04 00 04 29 ea 01 bb 
D/MicomD  ( 1466): ReceivedData[SUCCESS]: m => c : : ff 03 87 01 83 2f 00 03 29 ea 16 
I/RadioService( 1876): onEvent(byte[] data[2] = 0x29 0xea )
I/RDO_MICOM_CMD_EVENT( 1876): => RESPONSE =>   RADIO_CURRENT_SUB_FREQ_M: 0x832f(0x832f))
I/RadioService( 1876): handleMessage(Message msg)
E/RadioService( 1876): in case RADIO_CURRENT_SUB_FREQ_M_L : 10730
I/RadioService( 1876): CWL Start mHDDataService.mHDBandScan.onUpdateCurrentSubFrequency()
I/RadioService( 1876): CWL sendSetSubFrequencyCommand ,frequency = 10750
I/RDO_MICOM_CMD_EVENT( 1876): => COMMAND => RADIO_SET_SUB_FREQ_C: 0x304(0x304))
D/MicomD  ( 1466): send_data: c => m : ff 87 03 01 03 04 00 04 29 fe 01 af 
D/MicomD  ( 1466): ReceivedData[SUCCESS]: m => c : : ff 03 87 01 83 2f 00 03 29 fe 02 
I/RadioService( 1876): onEvent(byte[] data[2] = 0x29 0xfe )
I/RDO_MICOM_CMD_EVENT( 1876): => RESPONSE =>   RADIO_CURRENT_SUB_FREQ_M: 0x832f(0x832f))
I/RadioService( 1876): handleMessage(Message msg)
E/RadioService( 1876): in case RADIO_CURRENT_SUB_FREQ_M_L : 10750
I/RadioService( 1876): CWL Start mHDDataService.mHDBandScan.onUpdateCurrentSubFrequency()
I/vhandler( 2349): [01:30:38:075] [FeatureBtPhone] request_type : 0
I/vhandler( 2349): [01:30:38:075] [VUI_Language - ] lag: EN, country: US
D/vhandler( 2349): [01:30:38:076] [FeatureBtPhone] setCallLogAvailableStatus :1
I/RadioService( 1876): CWL sendSetSubFrequencyCommand ,frequency = 10770
I/RDO_MICOM_CMD_EVENT( 1876): => COMMAND => RADIO_SET_SUB_FREQ_C: 0x304(0x304))
D/MicomD  ( 1466): send_data: c => m : ff 87 03 01 03 04 00 04 2a 12 01 40 
D/MicomD  ( 1466): ReceivedData[SUCCESS]: m => c : : ff 03 87 01 83 2f 00 03 2a 12 ed 
I/RadioService( 1876): onEvent(byte[] data[2] = 0x2a 0x12 )
I/RDO_MICOM_CMD_EVENT( 1876): => RESPONSE =>   RADIO_CURRENT_SUB_FREQ_M: 0x832f(0x832f))
I/RadioService( 1876): handleMessage(Message msg)
E/RadioService( 1876): in case RADIO_CURRENT_SUB_FREQ_M_L : 10770
I/RadioService( 1876): CWL Start mHDDataService.mHDBandScan.onUpdateCurrentSubFrequency()
I/RadioService( 1876): CWL sendSetSubFrequencyCommand ,frequency = 10790
I/RDO_MICOM_CMD_EVENT( 1876): => COMMAND => RADIO_SET_SUB_FREQ_C: 0x304(0x304))
D/MicomD  ( 1466): send_data: c => m : ff 87 03 01 03 04 00 04 2a 26 01 74 
D/MicomD  ( 1466): ReceivedData[SUCCESS]: m => c : : ff 03 87 01 83 2f 00 03 2a 26 d9 
I/RadioService( 1876): onEvent(byte[] data[2] = 0x2a 0x26 )
I/RDO_MICOM_CMD_EVENT( 1876): => RESPONSE =>   RADIO_CURRENT_SUB_FREQ_M: 0x832f(0x832f))
I/RadioService( 1876): handleMessage(Message msg)
E/RadioService( 1876): in case RADIO_CURRENT_SUB_FREQ_M_L : 10790
I/RadioService( 1876): CWL Start mHDDataService.mHDBandScan.onUpdateCurrentSubFrequency()
D/PhoneProjection( 3364): [ PhoneProjectionService ] onConnectStatus:0
D/UserProfileService( 1876): getUserName() strName: Noemi
D/UserProfileService( 1876): notifyUserChangingToTele() user : 1, name : Noemi
D/UserProfileService( 1876): getUserName() strName: Noemi
I/HDBandScan( 1876): +++++ Reduce DSQM Threshold: Threshold = 39321
W/ContextImpl( 1876): Calling a method in the system process without a qualified user: android.app.ContextImpl.sendBroadcast:1188 com.hkmc.micom.UserProfileService.notifyUserChangingToTele:1384 com.hkmc.micom.UserProfileService.sendProfileIndex:1375 com.hkmc.userprofile.IUserProfileService$Stub.onTransact:459 android.os.Binder.execTransact:404 
D/vhandler( 2349): [01:30:38:461] [FeatureGpm] onConnectStatus:0
D/vhandler( 2349): [01:30:38:461] [FeatureGpm] onConnectStatus: GPM_INITIALIZE(0)
D/UserProfileService( 1876): getUserName() strName: Noemi
I/ActivityManager( 1876): Waited long enough for: ServiceRecord{42d2b7a0 u0 com.hkmc.telematics.apps.Vrm.main/com.hkmc.telematics.service.VrmUiService}
V/ActivityManager( 1876): Top bg start is ServiceRecord{42974580 u0 com.daudio.av.app.btaudio.ui/com.daudio.av.app.btaudio.service.MusicService}, can delay others up to 41288
I/HDBandScan( 1876): StateMode-BandScan: Loop Threshold = 39321
V/ModeManagerService( 1876): setMediaStatus : BLUETOOTH STREAMING to AVAILABLE(1) called by Application
V/ModeManagerService( 1876): setMediaStatus : BLUETOOTH STREAMING => duplicated information
I/HDSaturnMain( 1876): OK: setIBOCCntrl_Cnfg
I/RadioService( 1876): CWL sendSetSubFrequencyCommand ,frequency = 8750
I/RDO_MICOM_CMD_EVENT( 1876): => COMMAND => RADIO_SET_SUB_FREQ_C: 0x304(0x304))
D/MicomD  ( 1466): send_data: c => m : ff 87 03 01 03 04 00 04 22 2e 01 74 
D/MicomD  ( 1466): ReceivedData[SUCCESS]: m => c : : ff 03 87 01 83 2f 00 03 22 2e d9 
I/RadioService( 1876): onEvent(byte[] data[2] = 0x22 0x2e )
I/RDO_MICOM_CMD_EVENT( 1876): => RESPONSE =>   RADIO_CURRENT_SUB_FREQ_M: 0x832f(0x832f))
I/RadioService( 1876): handleMessage(Message msg)
E/RadioService( 1876): in case RADIO_CURRENT_SUB_FREQ_M_L : 8750
I/RadioService( 1876): CWL Start mHDDataService.mHDBandScan.onUpdateCurrentSubFrequency()
D/BCMService( 1876): isBcanValid()
D/MicomD  ( 1466): send_data: c => m : ff 8e 0b 01 0b c7 00 02 c7 72 
D/MicomD  ( 1466): ReceivedData[SUCCESS]: m => c : : ff 0b 8e 01 8b c7 00 04 c7 00 01 f5 
D/BCMService( 1876): onEvent() : 35783 8bc7
D/BCMService( 1876): BCAN_VALID : -57 0
I/TM_HSCANPacketRunner( 1876): onEventFromMicom(APP) : [8e, 8b, c7, c7, 00, 01]
I/SXM65HD ( 1465): SXM WT K:1, C:0
D/PhoneProjection( 3364): [ PhoneProjectionService ] onConnectStatus:0
D/vhandler( 2349): [01:30:39:461] [FeatureGpm] onConnectStatus:0
D/vhandler( 2349): [01:30:39:461] [FeatureGpm] onConnectStatus: GPM_INITIALIZE(0)
V/ModeManagerService( 1876): setMediaStatus : BLUETOOTH STREAMING to AVAILABLE(1) called by Application
V/ModeManagerService( 1876): setMediaStatus : BLUETOOTH STREAMING => duplicated information
I/RadioService( 1876): CWL sendSetSubFrequencyCommand ,frequency = 8750
I/RDO_MICOM_CMD_EVENT( 1876): => COMMAND => RADIO_SET_SUB_FREQ_C: 0x304(0x304))
D/MicomD  ( 1466): send_data: c => m : ff 87 03 01 03 04 00 04 22 2e 01 74 
D/MicomD  ( 1466): ReceivedData[SUCCESS]: m => c : : ff 03 87 01 83 2f 00 03 22 2e d9 
I/RadioService( 1876): onEvent(byte[] data[2] = 0x22 0x2e )
I/RDO_MICOM_CMD_EVENT( 1876): => RESPONSE =>   RADIO_CURRENT_SUB_FREQ_M: 0x832f(0x832f))
I/RadioService( 1876): handleMessage(Message msg)
E/RadioService( 1876): in case RADIO_CURRENT_SUB_FREQ_M_L : 8750
I/RadioService( 1876): CWL Start mHDDataService.mHDBandScan.onUpdateCurrentSubFrequency()
D/BCMService( 1876): isBcanValid()
D/MicomD  ( 1466): send_data: c => m : ff 8e 0b 01 0b c7 00 02 c7 72 
D/MicomD  ( 1466): ReceivedData[SUCCESS]: m => c : : ff 0b 8e 01 8b c7 00 04 c7 00 01 f5 
D/BCMService( 1876): onEvent() : 35783 8bc7
D/BCMService( 1876): BCAN_VALID : -57 0
I/TM_HSCANPacketRunner( 1876): onEventFromMicom(APP) : [8e, 8b, c7, c7, 00, 01]
I/RadioService( 1876): CWL sendSetSubFrequencyCommand ,frequency = 8770
I/RDO_MICOM_CMD_EVENT( 1876): => COMMAND => RADIO_SET_SUB_FREQ_C: 0x304(0x304))
D/MicomD  ( 1466): send_data: c => m : ff 87 03 01 03 04 00 04 22 42 01 18 
D/MicomD  ( 1466): ReceivedData[SUCCESS]: m => c : : ff 03 87 01 83 2f 00 03 22 42 b5 
I/RadioService( 1876): onEvent(byte[] data[2] = 0x22 0x42 )
I/RDO_MICOM_CMD_EVENT( 1876): => RESPONSE =>   RADIO_CURRENT_SUB_FREQ_M: 0x832f(0x832f))
I/RadioService( 1876): handleMessage(Message msg)
E/RadioService( 1876): in case RADIO_CURRENT_SUB_FREQ_M_L : 8770
I/RadioService( 1876): CWL Start mHDDataService.mHDBandScan.onUpdateCurrentSubFrequency()
I/RadioService( 1876): CWL sendSetSubFrequencyCommand ,frequency = 8790
I/RDO_MICOM_CMD_EVENT( 1876): => COMMAND => RADIO_SET_SUB_FREQ_C: 0x304(0x304))
D/MicomD  ( 1466): send_data: c => m : ff 87 03 01 03 04 00 04 22 56 01 0c 
D/MicomD  ( 1466): ReceivedData[SUCCESS]: m => c : : ff 03 87 01 83 2f 00 03 22 56 a1 
I/RadioService( 1876): onEvent(byte[] data[2] = 0x22 0x56 )
I/RDO_MICOM_CMD_EVENT( 1876): => RESPONSE =>   RADIO_CURRENT_SUB_FREQ_M: 0x832f(0x832f))
I/RadioService( 1876): handleMessage(Message msg)
E/RadioService( 1876): in case RADIO_CURRENT_SUB_FREQ_M_L : 8790
I/RadioService( 1876): CWL Start mHDDataService.mHDBandScan.onUpdateCurrentSubFrequency()
I/RadioService( 1876): CWL sendSetSubFrequencyCommand ,frequency = 8810
I/RDO_MICOM_CMD_EVENT( 1876): => COMMAND => RADIO_SET_SUB_FREQ_C: 0x304(0x304))
D/MicomD  ( 1466): send_data: c => m : ff 87 03 01 03 04 00 04 22 6a 01 30 
D/MicomD  ( 1466): ReceivedData[SUCCESS]: m => c : : ff 03 87 01 83 2f 00 03 22 6a 9d 
I/RadioService( 1876): onEvent(byte[] data[2] = 0x22 0x6a )
I/RDO_MICOM_CMD_EVENT( 1876): => RESPONSE =>   RADIO_CURRENT_SUB_FREQ_M: 0x832f(0x832f))
I/RadioService( 1876): handleMessage(Message msg)
E/RadioService( 1876): in case RADIO_CURRENT_SUB_FREQ_M_L : 8810
I/RadioService( 1876): CWL Start mHDDataService.mHDBandScan.onUpdateCurrentSubFrequency()
I/RadioService( 1876): CWL sendSetSubFrequencyCommand ,frequency = 8830
I/RDO_MICOM_CMD_EVENT( 1876): => COMMAND => RADIO_SET_SUB_FREQ_C: 0x304(0x304))
D/MicomD  ( 1466): send_data: c => m : ff 87 03 01 03 04 00 04 22 7e 01 24 
D/MicomD  ( 1466): ReceivedData[SUCCESS]: m => c : : ff 03 87 01 83 2f 00 03 22 7e 89 
I/RadioService( 1876): onEvent(byte[] data[2] = 0x22 0x7e )
I/RDO_MICOM_CMD_EVENT( 1876): => RESPONSE =>   RADIO_CURRENT_SUB_FREQ_M: 0x832f(0x832f))
I/RadioService( 1876): handleMessage(Message msg)
E/RadioService( 1876): in case RADIO_CURRENT_SUB_FREQ_M_L : 8830
I/RadioService( 1876): CWL Start mHDDataService.mHDBandScan.onUpdateCurrentSubFrequency()
I/RadioService( 1876): CWL sendSetSubFrequencyCommand ,frequency = 8850
I/RDO_MICOM_CMD_EVENT( 1876): => COMMAND => RADIO_SET_SUB_FREQ_C: 0x304(0x304))
D/MicomD  ( 1466): send_data: c => m : ff 87 03 01 03 04 00 04 22 92 01 c8 
D/PhoneProjection( 3364): [ PhoneProjectionService ] onConnectStatus:0
D/MicomD  ( 1466): ReceivedData[SUCCESS]: m => c : : ff 03 87 01 83 2f 00 03 22 92 65 
I/RadioService( 1876): onEvent(byte[] data[2] = 0x22 0x92 )
I/RDO_MICOM_CMD_EVENT( 1876): => RESPONSE =>   RADIO_CURRENT_SUB_FREQ_M: 0x832f(0x832f))
I/RadioService( 1876): handleMessage(Message msg)
E/RadioService( 1876): in case RADIO_CURRENT_SUB_FREQ_M_L : 8850
I/RadioService( 1876): CWL Start mHDDataService.mHDBandScan.onUpdateCurrentSubFrequency()
D/vhandler( 2349): [01:30:40:461] [FeatureGpm] onConnectStatus:0
D/vhandler( 2349): [01:30:40:461] [FeatureGpm] onConnectStatus: GPM_INITIALIZE(0)
I/ActivityManager( 1876): Waited long enough for: ServiceRecord{42974580 u0 com.daudio.av.app.btaudio.ui/com.daudio.av.app.btaudio.service.MusicService}
I/RadioService( 1876): CWL sendSetSubFrequencyCommand ,frequency = 8870
I/RDO_MICOM_CMD_EVENT( 1876): => COMMAND => RADIO_SET_SUB_FREQ_C: 0x304(0x304))
D/MicomD  ( 1466): send_data: c => m : ff 87 03 01 03 04 00 04 22 a6 01 fc 
D/MicomD  ( 1466): ReceivedData[SUCCESS]: m => c : : ff 03 87 01 83 2f 00 03 22 a6 51 
I/RadioService( 1876): onEvent(byte[] data[2] = 0x22 0xa6 )
I/RDO_MICOM_CMD_EVENT( 1876): => RESPONSE =>   RADIO_CURRENT_SUB_FREQ_M: 0x832f(0x832f))
I/RadioService( 1876): handleMessage(Message msg)
E/RadioService( 1876): in case RADIO_CURRENT_SUB_FREQ_M_L : 8870
I/RadioService( 1876): CWL Start mHDDataService.mHDBandScan.onUpdateCurrentSubFrequency()
V/ModeManagerService( 1876): setMediaStatus : BLUETOOTH STREAMING to AVAILABLE(1) called by Application
V/ModeManagerService( 1876): setMediaStatus : BLUETOOTH STREAMING => duplicated information
D/BCMService( 1876): isBcanValid()
D/MicomD  ( 1466): send_data: c => m : ff 8e 0b 01 0b c7 00 02 c7 72 
I/RadioService( 1876): CWL sendSetSubFrequencyCommand ,frequency = 8890
I/RDO_MICOM_CMD_EVENT( 1876): => COMMAND => RADIO_SET_SUB_FREQ_C: 0x304(0x304))
D/MicomD  ( 1466): send_data: c => m : ff 87 03 01 03 04 00 04 22 ba 01 e0 
D/MicomD  ( 1466): ReceivedData[SUCCESS]: m => c : : ff 0b 8e 01 8b c7 00 04 c7 00 01 f5 
D/MicomD  ( 1466): ReceivedData[SUCCESS]: m => c : : ff 03 87 01 83 2f 00 03 22 ba 4d 
D/BCMService( 1876): onEvent() : 35783 8bc7
D/BCMService( 1876): BCAN_VALID : -57 0
I/TM_HSCANPacketRunner( 1876): onEventFromMicom(APP) : [8e, 8b, c7, c7, 00, 01]
I/RadioService( 1876): onEvent(byte[] data[2] = 0x22 0xba )
I/RDO_MICOM_CMD_EVENT( 1876): => RESPONSE =>   RADIO_CURRENT_SUB_FREQ_M: 0x832f(0x832f))
I/RadioService( 1876): handleMessage(Message msg)
E/RadioService( 1876): in case RADIO_CURRENT_SUB_FREQ_M_L : 8890
I/RadioService( 1876): CWL Start mHDDataService.mHDBandScan.onUpdateCurrentSubFrequency()
I/RadioService( 1876): CWL sendSetSubFrequencyCommand ,frequency = 8910
I/RDO_MICOM_CMD_EVENT( 1876): => COMMAND => RADIO_SET_SUB_FREQ_C: 0x304(0x304))
D/MicomD  ( 1466): send_data: c => m : ff 87 03 01 03 04 00 04 22 ce 01 94 
D/MicomD  ( 1466): ReceivedData[SUCCESS]: m => c : : ff 03 87 01 83 2f 00 03 22 ce 39 
I/RadioService( 1876): onEvent(byte[] data[2] = 0x22 0xce )
I/RDO_MICOM_CMD_EVENT( 1876): => RESPONSE =>   RADIO_CURRENT_SUB_FREQ_M: 0x832f(0x832f))
I/RadioService( 1876): handleMessage(Message msg)
E/RadioService( 1876): in case RADIO_CURRENT_SUB_FREQ_M_L : 8910
I/RadioService( 1876): CWL Start mHDDataService.mHDBandScan.onUpdateCurrentSubFrequency()
I/RadioService( 1876): CWL sendSetSubFrequencyCommand ,frequency = 8930
I/RDO_MICOM_CMD_EVENT( 1876): => COMMAND => RADIO_SET_SUB_FREQ_C: 0x304(0x304))
D/MicomD  ( 1466): send_data: c => m : ff 87 03 01 03 04 00 04 22 e2 01 b8 
D/MicomD  ( 1466): ReceivedData[SUCCESS]: m => c : : ff 03 87 01 83 2f 00 03 22 e2 15 
I/RadioService( 1876): onEvent(byte[] data[2] = 0x22 0xe2 )
I/RDO_MICOM_CMD_EVENT( 1876): => RESPONSE =>   RADIO_CURRENT_SUB_FREQ_M: 0x832f(0x832f))
I/RadioService( 1876): handleMessage(Message msg)
E/RadioService( 1876): in case RADIO_CURRENT_SUB_FREQ_M_L : 8930
I/RadioService( 1876): CWL Start mHDDataService.mHDBandScan.onUpdateCurrentSubFrequency()
I/RadioService( 1876): CWL sendSetSubFrequencyCommand ,frequency = 8950
I/RDO_MICOM_CMD_EVENT( 1876): => COMMAND => RADIO_SET_SUB_FREQ_C: 0x304(0x304))
D/MicomD  ( 1466): send_data: c => m : ff 87 03 01 03 04 00 04 22 f6 01 ac 
D/MicomD  ( 1466): ReceivedData[SUCCESS]: m => c : : ff 03 87 01 83 2f 00 03 22 f6 01 
I/RadioService( 1876): onEvent(byte[] data[2] = 0x22 0xf6 )
I/RDO_MICOM_CMD_EVENT( 1876): => RESPONSE =>   RADIO_CURRENT_SUB_FREQ_M: 0x832f(0x832f))
I/RadioService( 1876): handleMessage(Message msg)
E/RadioService( 1876): in case RADIO_CURRENT_SUB_FREQ_M_L : 8950
I/RadioService( 1876): CWL Start mHDDataService.mHDBandScan.onUpdateCurrentSubFrequency()
I/RadioService( 1876): CWL sendSetSubFrequencyCommand ,frequency = 8970
I/RDO_MICOM_CMD_EVENT( 1876): => COMMAND => RADIO_SET_SUB_FREQ_C: 0x304(0x304))
D/MicomD  ( 1466): send_data: c => m : ff 87 03 01 03 04 00 04 23 0a 01 51 
D/MicomD  ( 1466): ReceivedData[SUCCESS]: m => c : : ff 03 87 01 83 2f 00 03 23 0a fc 
I/RadioService( 1876): onEvent(byte[] data[2] = 0x23 0x0a )
I/RDO_MICOM_CMD_EVENT( 1876): => RESPONSE =>   RADIO_CURRENT_SUB_FREQ_M: 0x832f(0x832f))
I/RadioService( 1876): handleMessage(Message msg)
E/RadioService( 1876): in case RADIO_CURRENT_SUB_FREQ_M_L : 8970
I/RadioService( 1876): CWL Start mHDDataService.mHDBandScan.onUpdateCurrentSubFrequency()
D/PhoneProjection( 3364): [ PhoneProjectionService ] onConnectStatus:0
