I/AdvancedLauncher( 2436): j:9 mPackageName:com.android.sml
I/AdvancedLauncher( 2436): SML Check support SMl option!!!! result = true
I/AdvancedLauncher( 2436): j:10 mPackageName:com.hkmc.av.app.hddata
I/AdvancedLauncher( 2436): j:11 mPackageName:com.daudio.app.voicememo
W/ResourceType( 2436): No package identifier when getting name for resource number 0x00030000
D/AdvancedLauncher( 2436):  screen.getChildCount()1 i:0 pageView:android.widget.LinearLayout{41b735e8 V.E..... ......ID 42,21-1878,534 #30000}
I/AdvancedLauncher( 2436): j:12 mPackageName:com.hkmc.telematics.apps.Vrm.main
I/AdvancedLauncher( 2436): j:13 mPackageName:com.android.settings
I/AdvancedLauncher( 2436): j:14 mPackageName:notification
I/AdvancedLauncher( 2436): j:15 mPackageName:com.android.settings
W/ResourceType( 2436): No package identifier when getting name for resource number 0x00040000
D/AdvancedLauncher( 2436):  screen.getChildCount()1 i:1 pageView:android.widget.LinearLayout{41b52898 V.E..... ......ID 42,21-1878,534 #40000}
D/CompassLogRightSideScreen : CompassDirectionManager( 2314): onUpdateLocation, loc.getGpsstatus() : 1
I/RadioService( 1876): CWL sendSetSubFrequencyCommand ,frequency = 9150
I/RDO_MICOM_CMD_EVENT( 1876): => COMMAND => RADIO_SET_SUB_FREQ_C: 0x304(0x304))
I/bt-hci  ( 2626): --
I/bt-hci  ( 2626): RCVD Event from HCI. Name: HCI_Mode_Change  (Hex Code: 0x14  Param Len: 6) Ctrl(0)
I/bt-hci  ( 2626): Parameters
I/bt-hci  ( 2626):                                   Status : Success (0x00)
I/bt-hci  ( 2626):                        Connection Handle : 11 (0x000b)
I/bt-hci  ( 2626):                             Current Mode : 2 (Sniff)
I/bt-hci  ( 2626):                   Interval (625us units) : 798 (0x031e)
I/bt-hci  ( 2626): --
D/bt-btif ( 2626): BTA got event 0x112
I/bt-btif ( 2626): bta_dm_sm_execute event:0x12
D/bt-btif ( 2626): bta_dm_pm_btm_status:BTM_PM_STS_SNIFF(2)
D/MicomD  ( 1466): send_data: c => m : ff 87 03 01 03 04 00 04 23 be 01 e5 
D/MicomD  ( 1466): ReceivedData[SUCCESS]: m => c : : ff 03 87 01 83 2f 00 03 23 be 48 
I/RadioService( 1876): onEvent(byte[] data[2] = 0x23 0xbe )
I/RDO_MICOM_CMD_EVENT( 1876): => RESPONSE =>   RADIO_CURRENT_SUB_FREQ_M: 0x832f(0x832f))
I/RadioService( 1876): handleMessage(Message msg)
E/RadioService( 1876): in case RADIO_CURRENT_SUB_FREQ_M_L : 9150
I/RadioService( 1876): CWL Start mHDDataService.mHDBandScan.onUpdateCurrentSubFrequency()
E/GpmManager( 3364): gpm binder is null
D/PhoneProjection( 3364): [ PhoneProjectionService ] onConnectStatus:0
E/GpmManager( 2349): gpm binder is null
E/GpmManager( 3109): gpm binder is null
D/LocalBluetoothManager( 3109): Android Auto is Dicsonnected from BT-Settings App
D/LocalBluetoothManager( 3109): print AA hidden paired device after disconnect to remove from list..null
D/vhandler( 2349): [01:31:33:523] [FeatureGpm] onConnectStatus:0
D/vhandler( 2349): [01:31:33:523] [FeatureGpm] onConnectStatus: GPM_INITIALIZE(0)
E/MirrorLinkManager( 3109): MirrorLink binder is null
E/MirrorLinkManager( 3109): MirrorLink binder is null
D/LocalBluetoothManager( 3109): Mirror Link  is Dicsonnected from BT-Settings App
D/LocalBluetoothManager( 3109): print ML hidden paired device after disconnect to remove from list..null
I/RadioService( 1876): CWL sendSetSubFrequencyCommand ,frequency = 9170
I/RDO_MICOM_CMD_EVENT( 1876): => COMMAND => RADIO_SET_SUB_FREQ_C: 0x304(0x304))
D/MicomD  ( 1466): send_data: c => m : ff 87 03 01 03 04 00 04 23 d2 01 89 
D/MicomD  ( 1466): ReceivedData[SUCCESS]: m => c : : ff 03 87 01 83 2f 00 03 23 d2 24 
I/RadioService( 1876): onEvent(byte[] data[2] = 0x23 0xd2 )
I/RDO_MICOM_CMD_EVENT( 1876): => RESPONSE =>   RADIO_CURRENT_SUB_FREQ_M: 0x832f(0x832f))
I/RadioService( 1876): handleMessage(Message msg)
E/RadioService( 1876): in case RADIO_CURRENT_SUB_FREQ_M_L : 9170
I/RadioService( 1876): CWL Start mHDDataService.mHDBandScan.onUpdateCurrentSubFrequency()
D/CompassLogRightSideScreen : CompassDirectionManager( 2314): onUpdateLocation, loc.getGpsstatus() : 1
E/GpmManager( 3053): gpm binder is null
D/BT_AUDIO_MUSIC_SERVICE( 3053): GPMLIstener onConnectStatus() status:0
D/BT_AUDIO_MUSIC_SERVICE( 3053): disconnectedAA
D/BT_AUDIO_MUSIC_SERVICE( 3053): disconnectedAA mAddNewTriggeredfalse
D/BT_AUDIO_MUSIC_SERVICE( 3053): updateMediaAvailable - BT_CHECK_CONNECTION
D/BluetoothA2dp( 2626): getState(48:59:A4:92:20:E4)
D/BluetoothAdapterService(1102602688)( 2626): getState(): mAdapterProperties: com.android.bluetooth.btservice.AdapterProperties@41b87768
D/BluetoothAdapterProperties( 2626): State = 12
D/A2dpStateMachine( 2626): getConnectionState: 2
D/BluetoothHfDevice( 3053): [BTHF] product:wp_daudioplus buildinfo:wp_daudioplus_sp2_us region:1 step:7 SMS:true Genesis:false
D/BluetoothHfDevice( 3053): [BTHF] product:wp_daudioplus buildinfo:wp_daudioplus_sp2_us region:1 step:7 SMS:true Genesis:false
D/BT_AUDIO_MUSIC_SERVICE( 3053): isChangingDevice ?false
D/BluetoothA2dp( 2626): getState(48:59:A4:92:20:E4)
D/BluetoothAdapterService(1102602688)( 2626): getState(): mAdapterProperties: com.android.bluetooth.btservice.AdapterProperties@41b87768
D/BluetoothAdapterProperties( 2626): State = 12
D/A2dpStateMachine( 2626): getConnectionState: 2
D/BluetoothHfDevice( 3053): [BTHF] product:wp_daudioplus buildinfo:wp_daudioplus_sp2_us region:1 step:7 SMS:true Genesis:false
D/BT_AUDIO_MUSIC_SERVICE( 3053): a2dpdevice1:48:59:A4:92:20:E4 ,a2dpdevice2:null
D/BluetoothAdapterService(1102602688)( 2626): getState(): mAdapterProperties: com.android.bluetooth.btservice.AdapterProperties@41b87768
D/BluetoothAdapterProperties( 2626): State = 12
I/AvrcpControllerService( 2626): [BTAD] BT_AUDIO_RESERVED_GET_BTAUDIO_ORDER address:48:59:A4:92:20:E4 ,return:1
D/BT_AUDIO_MUSIC_SERVICE( 3053):  a2dpdevice1:48:59:A4:92:20:E4 ,a2dpdevice2:null ,a2dpdevice1_index:1
D/BT_AUDIO_MUSIC_SERVICE( 3053): COnnectedDevice1  48:59:A4:92:20:E4ConnectedDevice2 null
D/BT_AUDIO_MUSIC_SERVICE( 3053): in updateSelectedDevice connectedDevice1 = 48:59:A4:92:20:E4connectedDevice2 null
D/BT_AUDIO_MUSIC_SERVICE( 3053): only first device is connected
D/BT_AUDIO_MUSIC_SERVICE( 3053): only first device is connected select first tab
D/BT_AUDIO_MUSIC_SERVICE( 3053): in updateSelectedDevice 48:59:A4:92:20:E4
D/AvrcpPlayer( 3053): command sent to framework from avrcpplayer 48:59:A4:92:20:E4 ,q:false
D/BluetoothAdapterService(1102602688)( 2626): getState(): mAdapterProperties: com.android.bluetooth.btservice.AdapterProperties@41b87768
D/BluetoothAdapterProperties( 2626): State = 12
I/AvrcpControllerService( 2626): [BTAD] BT_AUDIO_RESERVED_SELECT_DEVICE param:0 ,address:48:59:A4:92:20:E4
D/AvrcpPlayer( 3053): command return value..0
D/BluetoothPlayerManager( 3053): Broadcasting the Current playing BTdevice address48:59:A4:92:20:E4
D/BluetoothPlayerManager( 3053): requesting now playing list
D/BluetoothAdapterService(1102602688)( 2626): getState(): mAdapterProperties: com.android.bluetooth.btservice.AdapterProperties@41b87768
D/BluetoothAdapterProperties( 2626): State = 12
I/AvrcpControllerService( 2626): [BTAD] BT_AUDIO_RESERVED_GET_NOWPLAYING address:48:59:A4:92:20:E4
D/AvrcpControllerService( 2626): mMobisAvrcp[0].mConnectedDevice.getAddress():48:59:A4:92:20:E4 ,address:48:59:A4:92:20:E4
I/AvrcpControllerService( 2626): [BTAD] BroadcastNowPlayingList, status:0
D/BluetoothPlayerManager( 3053): onGetNowPlayingList list. status  0reservedString 48:59:A4:92:20:E4 reservedInt 0ist[i].mDisplayableName 
D/ListManager( 3053):  CheckingS getSubCategoryListe subcategoryname is 48:59:A4:92:20:E4
D/BluetoothPlayerManager( 3053): onGetNowPlayingList list.length: status:0
D/BluetoothPlayerManager( 3053): inside doInBackground..48:59:A4:92:20:E4
D/BluetoothPlayerManager( 3053): print address...48:59:A4:92:20:E4
D/BluetoothPlayerManager( 3053): inside doInBackground...[Lcom.broadcom.bt.avrcp.BluetoothAvrcpBrowseItem;@41c5f368
D/BluetoothPlayerManager( 3053): before presist id..1
D/BluetoothPlayerManager( 3053): inside doInBackground end
D/BluetoothPlayerManager( 3053): requesting now playing list return...0
D/BluetoothHfDevice( 3053): [BTHF] product:wp_daudioplus buildinfo:wp_daudioplus_sp2_us region:1 step:7 SMS:true Genesis:false
D/BT_AUDIO_MUSIC_SERVICE( 3053): isChangingDevice ?false
D/BluetoothA2dp( 2626): getState(48:59:A4:92:20:E4)
D/BluetoothAdapterService(1102602688)( 2626): getState(): mAdapterProperties: com.android.bluetooth.btservice.AdapterProperties@41b87768
D/BluetoothAdapterProperties( 2626): State = 12
D/A2dpStateMachine( 2626): getConnectionState: 2
D/BluetoothHfDevice( 3053): [BTHF] product:wp_daudioplus buildinfo:wp_daudioplus_sp2_us region:1 step:7 SMS:true Genesis:false
D/BT_AUDIO_MUSIC_SERVICE( 3053): a2dpdevice1:48:59:A4:92:20:E4 ,a2dpdevice2:null
D/BluetoothAdapterService(1102602688)( 2626): getState(): mAdapterProperties: com.android.bluetooth.btservice.AdapterProperties@41b87768
D/BluetoothAdapterProperties( 2626): State = 12
I/AvrcpControllerService( 2626): [BTAD] BT_AUDIO_RESERVED_GET_BTAUDIO_ORDER address:48:59:A4:92:20:E4 ,return:1
D/BT_AUDIO_MUSIC_SERVICE( 3053):  a2dpdevice1:48:59:A4:92:20:E4 ,a2dpdevice2:null ,a2dpdevice1_index:1
D/BT_AUDIO_MUSIC_SERVICE( 3053): COnnectedDevice1  48:59:A4:92:20:E4ConnectedDevice2 null
D/BluetoothHfDevice( 3053): [BTHF] product:wp_daudioplus buildinfo:wp_daudioplus_sp2_us region:1 step:7 SMS:true Genesis:false
D/BT_AUDIO_MUSIC_SERVICE( 3053): updateMediaAvailable - numberOfConnectedDevices:1
D/BT_AUDIO_MUSIC_SERVICE( 3053): updateMediaAvailable, A2DP is connected, bImplemented:false ,iPod:false ,AA:false ,Carlife:false ,ML:false
D/ModeManager( 3053): com.daudio.av.app.btaudio.ui called getMediaStatus() - mode = 54
D/BT_AUDIO_MUSIC_SERVICE( 3053): updateMediaAvailable, setMediaAvailable:1 ,currentMode:0 ,getMedia:1
D/ModeManager( 3053): com.daudio.av.app.btaudio.ui called setMediaAvailable() - mode = 54 staus = 1
V/ModeManagerService( 1876): setMediaStatus : BLUETOOTH STREAMING to AVAILABLE(1) called by Application
V/ModeManagerService( 1876): setMediaStatus : BLUETOOTH STREAMING => duplicated information
I/RadioService( 1876): CWL sendSetSubFrequencyCommand ,frequency = 9190
I/RDO_MICOM_CMD_EVENT( 1876): => COMMAND => RADIO_SET_SUB_FREQ_C: 0x304(0x304))
D/MicomD  ( 1466): send_data: c => m : ff 87 03 01 03 04 00 04 23 e6 01 bd 
D/MicomD  ( 1466): ReceivedData[SUCCESS]: m => c : : ff 03 87 01 83 2f 00 03 23 e6 10 
I/RadioService( 1876): onEvent(byte[] data[2] = 0x23 0xe6 )
I/RDO_MICOM_CMD_EVENT( 1876): => RESPONSE =>   RADIO_CURRENT_SUB_FREQ_M: 0x832f(0x832f))
I/RadioService( 1876): handleMessage(Message msg)
E/RadioService( 1876): in case RADIO_CURRENT_SUB_FREQ_M_L : 9190
I/RadioService( 1876): CWL Start mHDDataService.mHDBandScan.onUpdateCurrentSubFrequency()
D/BCMService( 1876): isBcanValid()
D/MicomD  ( 1466): send_data: c => m : ff 8e 0b 01 0b c7 00 02 c7 72 
E/GpmManager( 2944): gpm binder is null
D/[MZ_SIRI]( 2944): [SiriService] onConnectStatus:0
D/[MZ_SIRI]( 2944): [SiriService] onConnectStatus: GPM_INITIALIZE(0)
D/MicomD  ( 1466): ReceivedData[SUCCESS]: m => c : : ff 0b 8e 01 8b c7 00 04 c7 00 01 f5 
D/BCMService( 1876): onEvent() : 35783 8bc7
D/BCMService( 1876): BCAN_VALID : -57 0
I/TM_HSCANPacketRunner( 1876): onEventFromMicom(APP) : [8e, 8b, c7, c7, 00, 01]
D/CompassLogRightSideScreen : CompassDirectionManager( 2314): onUpdateLocation, loc.getGpsstatus() : 1
E/CAN_MANAGER( 1876): currentFrameCount = 0/ totalFrameCount = 256
E/CAN_MANAGER( 1876): remaining data = 0
I/RadioService( 1876): CWL sendSetSubFrequencyCommand ,frequency = 9210
I/RDO_MICOM_CMD_EVENT( 1876): => COMMAND => RADIO_SET_SUB_FREQ_C: 0x304(0x304))
D/MicomD  ( 1466): send_data: c => m : ff 87 03 01 03 04 00 04 23 fa 01 a1 
D/MicomD  ( 1466): ReceivedData[SUCCESS]: m => c : : ff 03 87 01 83 2f 00 03 23 fa 0c 
I/RadioService( 1876): onEvent(byte[] data[2] = 0x23 0xfa )
I/RDO_MICOM_CMD_EVENT( 1876): => RESPONSE =>   RADIO_CURRENT_SUB_FREQ_M: 0x832f(0x832f))
I/RadioService( 1876): handleMessage(Message msg)
E/RadioService( 1876): in case RADIO_CURRENT_SUB_FREQ_M_L : 9210
I/RadioService( 1876): CWL Start mHDDataService.mHDBandScan.onUpdateCurrentSubFrequency()
D/CompassLogRightSideScreen : CompassDirectionManager( 2314): onUpdateLocation, loc.getGpsstatus() : 1
I/RadioService( 1876): CWL sendSetSubFrequencyCommand ,frequency = 9230
I/RDO_MICOM_CMD_EVENT( 1876): => COMMAND => RADIO_SET_SUB_FREQ_C: 0x304(0x304))
D/MicomD  ( 1466): send_data: c => m : ff 87 03 01 03 04 00 04 24 0e 01 52 
D/MicomD  ( 1466): ReceivedData[SUCCESS]: m => c : : ff 03 87 01 83 2f 00 03 24 0e ff 
I/RadioService( 1876): onEvent(byte[] data[2] = 0x24 0x0e )
I/RDO_MICOM_CMD_EVENT( 1876): => RESPONSE =>   RADIO_CURRENT_SUB_FREQ_M: 0x832f(0x832f))
I/RadioService( 1876): handleMessage(Message msg)
E/RadioService( 1876): in case RADIO_CURRENT_SUB_FREQ_M_L : 9230
I/RadioService( 1876): CWL Start mHDDataService.mHDBandScan.onUpdateCurrentSubFrequency()
I/SXM65HD ( 1465): SXM WT K:1, C:0
I/RadioService( 1876): CWL sendSetSubFrequencyCommand ,frequency = 9250
I/RDO_MICOM_CMD_EVENT( 1876): => COMMAND => RADIO_SET_SUB_FREQ_C: 0x304(0x304))
D/BluetoothA2dp( 2626): getCurrentStreamDevice()
D/BluetoothAdapterService(1102602688)( 2626): getState(): mAdapterProperties: com.android.bluetooth.btservice.AdapterProperties@41b87768
D/BluetoothAdapterProperties( 2626): State = 12
D/A2dpStateMachine( 2626): getConnectionState: 2
I/AvrcpControllerService( 2626): [BTAD] Try SelectDevice address:48:59:A4:92:20:E4 ,available:false ,try:0
D/MicomD  ( 1466): send_data: c => m : ff 87 03 01 03 04 00 04 24 22 01 7e 
D/MicomD  ( 1466): ReceivedData[SUCCESS]: m => c : : ff 03 87 01 83 2f 00 03 24 22 d3 
I/RadioService( 1876): onEvent(byte[] data[2] = 0x24 0x22 )
I/RDO_MICOM_CMD_EVENT( 1876): => RESPONSE =>   RADIO_CURRENT_SUB_FREQ_M: 0x832f(0x832f))
I/RadioService( 1876): handleMessage(Message msg)
E/RadioService( 1876): in case RADIO_CURRENT_SUB_FREQ_M_L : 9250
I/RadioService( 1876): CWL Start mHDDataService.mHDBandScan.onUpdateCurrentSubFrequency()
D/CompassLogRightSideScreen : CompassDirectionManager( 2314): onUpdateLocation, loc.getGpsstatus() : 1
D/SoundSystemDiagnosisService( 2236): onSoundError type : 1, code : 6
D/SoundSystemDiagnosisService( 2236): onSoundError - nRC : 0, nAMP : 0, nCAN : 6, nHU : 0
D/SoundSystemDiagnosisService( 2236): onSoundLogValue - 01 06  : CAN (1), LimpHome error (6)
I/GKI_LINUX( 2626): timer_thread: update ticks:100 after sleep:1000 ms
D/MicomD  ( 1466): ReceivedData[SUCCESS]: m => c : : ff 02 85 01 82 1a 00 03 01 06 e5 
D/MicomAudioService( 1876): From micom event handleMessage() :75
D/MicomAudioService( 1876): [AUDIO_ERROR_LOG] Received. data = 1 6
W/ContextImpl( 2236): Calling a method in the system process without a qualified user: android.app.ContextImpl.sendBroadcast:1188 android.content.ContextWrapper.sendBroadcast:365 com.hkmc.system.app.engineering.module.SoundSystemDiagnosisService.sendIntentDiagScreenUpdate:518 com.hkmc.system.app.engineering.module.SoundSystemDiagnosisService.access$1200:30 com.hkmc.system.app.engineering.module.SoundSystemDiagnosisService$3.handleMessage:353 
D/LogSummary( 2162): /data/system/dropbox: mask:00000008 "Sound.log" len:16
W/ContextImpl( 2236): Calling a method in the system process without a qualified user: android.app.ContextImpl.sendBroadcast:1188 android.content.ContextWrapper.sendBroadcast:365 com.hkmc.system.app.engineering.module.SoundSystemDiagnosisService$3.handleMessage:370 android.os.Handler.dispatchMessage:102 android.os.Looper.loop:136 
D/LogSummary( 2162): /data/system/dropbox: mask:00000008 "LogList.txt" len:16
I/VRM_UI  ( 3350): [HSCanApis]getEngineStatus => false
I/VRM_UI  ( 3350): [HSCanApis]getEngineStatus => false
I/VRM_UI  ( 3350): [HSCanApis]getEngineStatus => false
I/VRM_UI  ( 3350): [HSCanApis]getEngineStatus => false
D/[VrmSplitDriving]( 3350): DrivingInfo_TMU engineStatus: false speedUnit: 0 unit: km
D/[APP]SplitScreenService( 2314): onVrmStatusUpdate
I/VRM_UI  ( 3350): [HSCanApis]getEngineStatus => false
D/[SplitScreenViewVrm]( 2314): DrivingInfo==> ConvertStringToDateExample: 1:31 AM
I/[SplitScreenViewVrm]( 2314): DrivingInfo==>unit is Km
I/VRM_UI  ( 3350): [HSCanApis]getEngineStatus => false
I/VRM_UI  ( 3350): [HSCanApis]getEngineStatus => false
D/[SplitScreenViewVrm]( 2314): DrivingInfo==> vehicleSpeedGraph BarHeight: 0
D/[SplitScreenViewVrm]( 2314): DrivingInfo==> vehicleSpeedGraph BarHeight: 475
D/[SplitScreenViewVrm]( 2314): DrivingInfo==> vehicleSpeedGraph speed[0]: 0mSpeedList[1]: 0mSpeedList[2]: 0mSpeedList[3]: 0mSpeedList[4]: 0
D/[SplitScreenViewVrm]( 2314): DrivingInfo==> vehicleSpeedGraph speed[0]: 0.0
D/[SplitScreenViewVrm]( 2314): DrivingInfo==> vehicleSpeedGraph BarHeight: 0
D/[SplitScreenViewVrm]( 2314): DrivingInfo==> vehicleSpeedGraph speed[1]: 0.0
D/[SplitScreenViewVrm]( 2314): DrivingInfo==> vehicleSpeedGraph BarHeight: 0
D/[SplitScreenViewVrm]( 2314): DrivingInfo==> vehicleSpeedGraph speed[2]: 0.0
D/[SplitScreenViewVrm]( 2314): DrivingInfo==> vehicleSpeedGraph BarHeight: 0
D/[SplitScreenViewVrm]( 2314): DrivingInfo==> vehicleSpeedGraph speed[3]: 0.0
D/[SplitScreenViewVrm]( 2314): DrivingInfo==> vehicleSpeedGraph BarHeight: 0
D/[SplitScreenViewVrm]( 2314): DrivingInfo==> vehicleSpeedGraph speed[4]: 0.0
D/[SplitScreenViewVrm]( 2314): DrivingInfo==> vehicleSpeedGraph BarHeight: 0
D/[SplitScreenViewVrm]( 2314): DrivingInfo==> deceAndAccelerationGraph  deceAndAccelerationList[0]: 0deceAndAccelerationList[1]: 0deceAndAccelerationList[2]: 0deceAndAccelerationList[3]: 0deceAndAccelerationList[4]: 0deceAndAccelerationList[5]: 0deceAndAccelerationList[6]: 0deceAndAccelerationList[7]: 0deceAndAccelerationList[8]: 0
D/[SplitScreenViewVrm]( 2314): DrivingInfo==> vehicleSpeedGraph BarHeight: 0
D/[SplitScreenViewVrm]( 2314): DrivingInfo==> vehicleSpeedGraph BarHeight: 0
D/[SplitScreenViewVrm]( 2314): DrivingInfo==> vehicleSpeedGraph BarHeight: 0
D/[SplitScreenViewVrm]( 2314): DrivingInfo==> vehicleSpeedGraph BarHeight: 0
D/[SplitScreenViewVrm]( 2314): DrivingInfo==> vehicleSpeedGraph BarHeight: 0
D/[SplitScreenViewVrm]( 2314): DrivingInfo==> vehicleSpeedGraph BarHeight: 0
D/[SplitScreenViewVrm]( 2314): DrivingInfo==> vehicleSpeedGraph BarHeight: 0
D/[SplitScreenViewVrm]( 2314): DrivingInfo==> vehicleSpeedGraph BarHeight: 0
D/[SplitScreenViewVrm]( 2314): DrivingInfo==> vehicleSpeedGraph BarHeight: 0
D/[VrmSplitDriving]( 3350): DrivingInfo==> ConvertStringToDateExample: 1:31 AM
D/updateDrivingInfoToHome( 3350): DrivingInfo==> calRealTimeString 1:31 AM
D/[SplitScreenViewVrm]( 2314): DrivingInfo==>CAN values engineStatus: false unit: km updatedTime: 20150101013134 mDriveTime_percent: 0vehicleSpeedGraph speed[0]: 0 mSpeedList[1]: 0 mSpeedList[2]: 0 mSpeedList[3]: 0 mSpeedList[4]: 0 deceAndAccelerationGraph  deceAndAccelerationList[0]: 0 deceAndAccelerationList[1]: 0 deceAndAccelerationList[2]: 0 deceAndAccelerationList[3]: 0 deceAndAccelerationList[4]: 0 deceAndAccelerationList[5]: 0 deceAndAccelerationList[6]: 0 deceAndAccelerationList[7]: 0 deceAndAccelerationList[8]: 0 mDriveTime_percent: 0 mIdleTime_percent: 100 mDriveTime_hour: 0 mIdleTime_hour: 0 mDriveTime_min: 0 mIdleTime_min: 0
D/[VrmSplitDriving]( 3350): DrivingInfo==> ConvertStringToDateExample: 1:31 AM
I/SplitVRMManager( 3350): remote split service is Connected
W/ContextImpl( 3350): Calling a method in the system process without a qualified user: android.app.ContextImpl.sendBroadcast:1188 android.content.ContextWrapper.sendBroadcast:365 com.hkmc.telematics.Vrm.util.UpdateDrivingInfoDataToHome.updateDrivingDataToHome:146 com.hkmc.telematics.service.VrmUiService.updateDrivingInfoToHmeWdgtAndLeftAndSS:1391 com.hkmc.telematics.service.VrmUiService$18.run:1371 
I/RadioService( 1876): CWL sendSetSubFrequencyCommand ,frequency = 9270
I/RDO_MICOM_CMD_EVENT( 1876): => COMMAND => RADIO_SET_SUB_FREQ_C: 0x304(0x304))
D/MicomD  ( 1466): send_data: c => m : ff 87 03 01 03 04 00 04 24 36 01 6a 
D/MicomD  ( 1466): ReceivedData[SUCCESS]: m => c : : ff 03 87 01 83 2f 00 03 24 36 c7 
I/RadioService( 1876): onEvent(byte[] data[2] = 0x24 0x36 )
I/RDO_MICOM_CMD_EVENT( 1876): => RESPONSE =>   RADIO_CURRENT_SUB_FREQ_M: 0x832f(0x832f))
I/RadioService( 1876): handleMessage(Message msg)
E/RadioService( 1876): in case RADIO_CURRENT_SUB_FREQ_M_L : 9270
I/RadioService( 1876): CWL Start mHDDataService.mHDBandScan.onUpdateCurrentSubFrequency()
E/GpmManager( 2436): gpm binder is null
I/AdvancedLauncher( 2436): mGpmListener onConnectStatus status is 0
E/MirrorLinkManager( 2436): MirrorLink binder is null
I/AdvancedLauncher( 2436): MirrorLinkListener.onChangeStatus:0
I/AdvancedLauncher( 2436): setMirrorLinkConnected:false
I/AdvancedLauncher( 2436): j:0 mPackageName:com.mnsoft.navi
I/AdvancedLauncher( 2436): j:1 mPackageName:com.mnsoft.navi
I/AdvancedLauncher( 2436): j:2 mPackageName:com.hkmc.bluetooth
I/AdvancedLauncher( 2436): j:3 mPackageName:com.hkmc.telematics.apps.Vrm.main
I/AdvancedLauncher( 2436): j:4 mPackageName:com.hkmc.av.app.radiona
I/AdvancedLauncher( 2436): j:5 mPackageName:com.daudio.av.app.usbmusic
I/AdvancedLauncher( 2436): j:6 mPackageName:com.hkmc.av.app.naturesound
I/AdvancedLauncher( 2436): j:7 mPackageName:com.google.android.projection.sink
I/AdvancedLauncher( 2436): isEnableAA() : TRUE
E/GpmManager( 2436): gpm binder is null
I/AdvancedLauncher( 2436): isAndroidAutoConnected: false
E/GpmManager( 2436): gpm binder is null
I/AdvancedLauncher( 2436): isAndroidAutoConnected: false
I/AdvancedLauncher( 2436): j:8 mPackageName:com.daudio.app.dipo
I/AdvancedLauncher( 2436): isEnableCP() : TRUE
I/AdvancedLauncher( 2436): isCarPlayConnected: false
I/AdvancedLauncher( 2436): isCarPlayConnected: false
I/AdvancedLauncher( 2436): j:9 mPackageName:com.android.sml
I/AdvancedLauncher( 2436): SML Check support SMl option!!!! result = true
I/AdvancedLauncher( 2436): j:10 mPackageName:com.hkmc.av.app.hddata
I/AdvancedLauncher( 2436): j:11 mPackageName:com.daudio.app.voicememo
W/ResourceType( 2436): No package identifier when getting name for resource number 0x00030000
D/AdvancedLauncher( 2436):  screen.getChildCount()1 i:0 pageView:android.widget.LinearLayout{41b735e8 V.E..... ......ID 42,21-1878,534 #30000}
I/AdvancedLauncher( 2436): j:12 mPackageName:com.hkmc.telematics.apps.Vrm.main
I/AdvancedLauncher( 2436): j:13 mPackageName:com.android.settings
I/AdvancedLauncher( 2436): j:14 mPackageName:notification
I/AdvancedLauncher( 2436): j:15 mPackageName:com.android.settings
W/ResourceType( 2436): No package identifier when getting name for resource number 0x00040000
D/AdvancedLauncher( 2436):  screen.getChildCount()1 i:1 pageView:android.widget.LinearLayout{41b52898 V.E..... ......ID 42,21-1878,534 #40000}
D/CompassLogRightSideScreen : CompassDirectionManager( 2314): onUpdateLocation, loc.getGpsstatus() : 1
I/RadioService( 1876): CWL sendSetSubFrequencyCommand ,frequency = 9290
I/RDO_MICOM_CMD_EVENT( 1876): => COMMAND => RADIO_SET_SUB_FREQ_C: 0x304(0x304))
D/MicomD  ( 1466): send_data: c => m : ff 87 03 01 03 04 00 04 24 4a 01 16 
D/MicomD  ( 1466): ReceivedData[SUCCESS]: m => c : : ff 03 87 01 83 2f 00 03 24 4a bb 
I/RadioService( 1876): onEvent(byte[] data[2] = 0x24 0x4a )
I/RDO_MICOM_CMD_EVENT( 1876): => RESPONSE =>   RADIO_CURRENT_SUB_FREQ_M: 0x832f(0x832f))
I/RadioService( 1876): handleMessage(Message msg)
E/RadioService( 1876): in case RADIO_CURRENT_SUB_FREQ_M_L : 9290
I/RadioService( 1876): CWL Start mHDDataService.mHDBandScan.onUpdateCurrentSubFrequency()
E/GpmManager( 3364): gpm binder is null
D/PhoneProjection( 3364): [ PhoneProjectionService ] onConnectStatus:0
E/GpmManager( 2349): gpm binder is null
D/vhandler( 2349): [01:31:34:524] [FeatureGpm] onConnectStatus:0
D/vhandler( 2349): [01:31:34:524] [FeatureGpm] onConnectStatus: GPM_INITIALIZE(0)
E/GpmManager( 3109): gpm binder is null
D/LocalBluetoothManager( 3109): Android Auto is Dicsonnected from BT-Settings App
D/LocalBluetoothManager( 3109): print AA hidden paired device after disconnect to remove from list..null
E/MirrorLinkManager( 3109): MirrorLink binder is null
E/MirrorLinkManager( 3109): MirrorLink binder is null
D/LocalBluetoothManager( 3109): Mirror Link  is Dicsonnected from BT-Settings App
D/LocalBluetoothManager( 3109): print ML hidden paired device after disconnect to remove from list..null
D/CompassLogRightSideScreen : CompassDirectionManager( 2314): onUpdateLocation, loc.getGpsstatus() : 1
I/RadioService( 1876): CWL sendSetSubFrequencyCommand ,frequency = 9310
I/RDO_MICOM_CMD_EVENT( 1876): => COMMAND => RADIO_SET_SUB_FREQ_C: 0x304(0x304))
E/GpmManager( 3053): gpm binder is null
D/BT_AUDIO_MUSIC_SERVICE( 3053): GPMLIstener onConnectStatus() status:0
D/BT_AUDIO_MUSIC_SERVICE( 3053): disconnectedAA
D/BT_AUDIO_MUSIC_SERVICE( 3053): disconnectedAA mAddNewTriggeredfalse
D/MicomD  ( 1466): send_data: c => m : ff 87 03 01 03 04 00 04 24 5e 01 02 
D/MicomD  ( 1466): ReceivedData[SUCCESS]: m => c : : ff 03 87 01 83 2f 00 03 24 5e af 
I/RadioService( 1876): onEvent(byte[] data[2] = 0x24 0x5e )
I/RDO_MICOM_CMD_EVENT( 1876): => RESPONSE =>   RADIO_CURRENT_SUB_FREQ_M: 0x832f(0x832f))
I/RadioService( 1876): handleMessage(Message msg)
E/RadioService( 1876): in case RADIO_CURRENT_SUB_FREQ_M_L : 9310
I/RadioService( 1876): CWL Start mHDDataService.mHDBandScan.onUpdateCurrentSubFrequency()
D/BT_AUDIO_MUSIC_SERVICE( 3053): updateMediaAvailable - BT_CHECK_CONNECTION
D/BluetoothA2dp( 2626): getState(48:59:A4:92:20:E4)
D/BluetoothAdapterService(1102602688)( 2626): getState(): mAdapterProperties: com.android.bluetooth.btservice.AdapterProperties@41b87768
D/BluetoothAdapterProperties( 2626): State = 12
D/A2dpStateMachine( 2626): getConnectionState: 2
D/BluetoothHfDevice( 3053): [BTHF] product:wp_daudioplus buildinfo:wp_daudioplus_sp2_us region:1 step:7 SMS:true Genesis:false
D/BluetoothHfDevice( 3053): [BTHF] product:wp_daudioplus buildinfo:wp_daudioplus_sp2_us region:1 step:7 SMS:true Genesis:false
D/BT_AUDIO_MUSIC_SERVICE( 3053): isChangingDevice ?false
D/BluetoothA2dp( 2626): getState(48:59:A4:92:20:E4)
D/BluetoothAdapterService(1102602688)( 2626): getState(): mAdapterProperties: com.android.bluetooth.btservice.AdapterProperties@41b87768
D/BluetoothAdapterProperties( 2626): State = 12
D/A2dpStateMachine( 2626): getConnectionState: 2
D/BluetoothHfDevice( 3053): [BTHF] product:wp_daudioplus buildinfo:wp_daudioplus_sp2_us region:1 step:7 SMS:true Genesis:false
D/BT_AUDIO_MUSIC_SERVICE( 3053): a2dpdevice1:48:59:A4:92:20:E4 ,a2dpdevice2:null
D/BluetoothAdapterService(1102602688)( 2626): getState(): mAdapterProperties: com.android.bluetooth.btservice.AdapterProperties@41b87768
D/BluetoothAdapterProperties( 2626): State = 12
I/AvrcpControllerService( 2626): [BTAD] BT_AUDIO_RESERVED_GET_BTAUDIO_ORDER address:48:59:A4:92:20:E4 ,return:1
D/BT_AUDIO_MUSIC_SERVICE( 3053):  a2dpdevice1:48:59:A4:92:20:E4 ,a2dpdevice2:null ,a2dpdevice1_index:1
D/BT_AUDIO_MUSIC_SERVICE( 3053): COnnectedDevice1  48:59:A4:92:20:E4ConnectedDevice2 null
D/BT_AUDIO_MUSIC_SERVICE( 3053): in updateSelectedDevice connectedDevice1 = 48:59:A4:92:20:E4connectedDevice2 null
D/BT_AUDIO_MUSIC_SERVICE( 3053): only first device is connected
D/BT_AUDIO_MUSIC_SERVICE( 3053): only first device is connected select first tab
D/BT_AUDIO_MUSIC_SERVICE( 3053): in updateSelectedDevice 48:59:A4:92:20:E4
D/AvrcpPlayer( 3053): command sent to framework from avrcpplayer 48:59:A4:92:20:E4 ,q:false
D/BluetoothAdapterService(1102602688)( 2626): getState(): mAdapterProperties: com.android.bluetooth.btservice.AdapterProperties@41b87768
D/BluetoothAdapterProperties( 2626): State = 12
I/AvrcpControllerService( 2626): [BTAD] BT_AUDIO_RESERVED_SELECT_DEVICE param:0 ,address:48:59:A4:92:20:E4
D/AvrcpPlayer( 3053): command return value..0
D/BluetoothPlayerManager( 3053): Broadcasting the Current playing BTdevice address48:59:A4:92:20:E4
D/BluetoothPlayerManager( 3053): requesting now playing list
D/BluetoothAdapterService(1102602688)( 2626): getState(): mAdapterProperties: com.android.bluetooth.btservice.AdapterProperties@41b87768
D/BluetoothAdapterProperties( 2626): State = 12
I/AvrcpControllerService( 2626): [BTAD] BT_AUDIO_RESERVED_GET_NOWPLAYING address:48:59:A4:92:20:E4
D/AvrcpControllerService( 2626): mMobisAvrcp[0].mConnectedDevice.getAddress():48:59:A4:92:20:E4 ,address:48:59:A4:92:20:E4
I/AvrcpControllerService( 2626): [BTAD] BroadcastNowPlayingList, status:0
D/BluetoothPlayerManager( 3053): onGetNowPlayingList list. status  0reservedString 48:59:A4:92:20:E4 reservedInt 0ist[i].mDisplayableName 
D/ListManager( 3053):  CheckingS getSubCategoryListe subcategoryname is 48:59:A4:92:20:E4
D/BluetoothPlayerManager( 3053): onGetNowPlayingList list.length: status:0
D/BluetoothPlayerManager( 3053): inside doInBackground..48:59:A4:92:20:E4
D/BluetoothPlayerManager( 3053): print address...48:59:A4:92:20:E4
D/BluetoothPlayerManager( 3053): inside doInBackground...[Lcom.broadcom.bt.avrcp.BluetoothAvrcpBrowseItem;@41c82c30
D/BluetoothPlayerManager( 3053): before presist id..1
D/BluetoothPlayerManager( 3053): requesting now playing list return...0
D/BluetoothPlayerManager( 3053): inside doInBackground end
D/BluetoothHfDevice( 3053): [BTHF] product:wp_daudioplus buildinfo:wp_daudioplus_sp2_us region:1 step:7 SMS:true Genesis:false
D/BT_AUDIO_MUSIC_SERVICE( 3053): isChangingDevice ?false
D/BluetoothA2dp( 2626): getState(48:59:A4:92:20:E4)
D/BluetoothAdapterService(1102602688)( 2626): getState(): mAdapterProperties: com.android.bluetooth.btservice.AdapterProperties@41b87768
D/BluetoothAdapterProperties( 2626): State = 12
D/A2dpStateMachine( 2626): getConnectionState: 2
D/BluetoothHfDevice( 3053): [BTHF] product:wp_daudioplus buildinfo:wp_daudioplus_sp2_us region:1 step:7 SMS:true Genesis:false
D/BT_AUDIO_MUSIC_SERVICE( 3053): a2dpdevice1:48:59:A4:92:20:E4 ,a2dpdevice2:null
D/BluetoothAdapterService(1102602688)( 2626): getState(): mAdapterProperties: com.android.bluetooth.btservice.AdapterProperties@41b87768
D/BluetoothAdapterProperties( 2626): State = 12
I/AvrcpControllerService( 2626): [BTAD] BT_AUDIO_RESERVED_GET_BTAUDIO_ORDER address:48:59:A4:92:20:E4 ,return:1
D/BT_AUDIO_MUSIC_SERVICE( 3053):  a2dpdevice1:48:59:A4:92:20:E4 ,a2dpdevice2:null ,a2dpdevice1_index:1
D/BT_AUDIO_MUSIC_SERVICE( 3053): COnnectedDevice1  48:59:A4:92:20:E4ConnectedDevice2 null
D/BluetoothHfDevice( 3053): [BTHF] product:wp_daudioplus buildinfo:wp_daudioplus_sp2_us region:1 step:7 SMS:true Genesis:false
D/BT_AUDIO_MUSIC_SERVICE( 3053): updateMediaAvailable - numberOfConnectedDevices:1
D/BT_AUDIO_MUSIC_SERVICE( 3053): updateMediaAvailable, A2DP is connected, bImplemented:false ,iPod:false ,AA:false ,Carlife:false ,ML:false
D/ModeManager( 3053): com.daudio.av.app.btaudio.ui called getMediaStatus() - mode = 54
D/BT_AUDIO_MUSIC_SERVICE( 3053): updateMediaAvailable, setMediaAvailable:1 ,currentMode:0 ,getMedia:1
D/ModeManager( 3053): com.daudio.av.app.btaudio.ui called setMediaAvailable() - mode = 54 staus = 1
V/ModeManagerService( 1876): setMediaStatus : BLUETOOTH STREAMING to AVAILABLE(1) called by Application
V/ModeManagerService( 1876): setMediaStatus : BLUETOOTH STREAMING => duplicated information
D/BCMService( 1876): isBcanValid()
D/MicomD  ( 1466): send_data: c => m : ff 8e 0b 01 0b c7 00 02 c7 72 
E/CAN_MANAGER( 1876): currentFrameCount = 0/ totalFrameCount = 256
E/CAN_MANAGER( 1876): remaining data = 0
D/MicomD  ( 1466): ReceivedData[SUCCESS]: m => c : : ff 0b 8e 01 8b c7 00 04 c7 00 01 f5 
D/BCMService( 1876): onEvent() : 35783 8bc7
D/BCMService( 1876): BCAN_VALID : -57 0
I/TM_HSCANPacketRunner( 1876): onEventFromMicom(APP) : [8e, 8b, c7, c7, 00, 01]
I/RadioService( 1876): CWL sendSetSubFrequencyCommand ,frequency = 9330
I/RDO_MICOM_CMD_EVENT( 1876): => COMMAND => RADIO_SET_SUB_FREQ_C: 0x304(0x304))
D/MicomD  ( 1466): send_data: c => m : ff 87 03 01 03 04 00 04 24 72 01 2e 
E/GpmManager( 2944): gpm binder is null
D/[MZ_SIRI]( 2944): [SiriService] onConnectStatus:0
D/[MZ_SIRI]( 2944): [SiriService] onConnectStatus: GPM_INITIALIZE(0)
D/MicomD  ( 1466): ReceivedData[SUCCESS]: m => c : : ff 03 87 01 83 2f 00 03 24 72 83 
I/RadioService( 1876): onEvent(byte[] data[2] = 0x24 0x72 )
I/RDO_MICOM_CMD_EVENT( 1876): => RESPONSE =>   RADIO_CURRENT_SUB_FREQ_M: 0x832f(0x832f))
I/RadioService( 1876): handleMessage(Message msg)
E/RadioService( 1876): in case RADIO_CURRENT_SUB_FREQ_M_L : 9330
I/RadioService( 1876): CWL Start mHDDataService.mHDBandScan.onUpdateCurrentSubFrequency()
D/CompassLogRightSideScreen : CompassDirectionManager( 2314): onUpdateLocation, loc.getGpsstatus() : 1
I/HDBandScan( 1876): Run Timer - Eng Mode Displaying +++++
I/HDBandScan( 1876): EngDisplay: Phase=2-Tuner, SPI2=276
I/HDBandScan( 1876): EngDisplay: TunedFrequency=0, Station=null, DSQM=0, Cd/No=0, FilteredDSQM=0,
I/HDBandScan( 1876): EngDisplay: RadioState=1, SisCRCLock=0, Dig=0, SXM State=Invalid
I/RadioService( 1876): CWL sendSetSubFrequencyCommand ,frequency = 9350
I/RDO_MICOM_CMD_EVENT( 1876): => COMMAND => RADIO_SET_SUB_FREQ_C: 0x304(0x304))
D/MicomD  ( 1466): send_data: c => m : ff 87 03 01 03 04 00 04 24 86 01 da 
D/MicomD  ( 1466): ReceivedData[SUCCESS]: m => c : : ff 03 87 01 83 2f 00 03 24 86 77 
I/RadioService( 1876): onEvent(byte[] data[2] = 0x24 0x86 )
I/RDO_MICOM_CMD_EVENT( 1876): => RESPONSE =>   RADIO_CURRENT_SUB_FREQ_M: 0x832f(0x832f))
I/RadioService( 1876): handleMessage(Message msg)
E/RadioService( 1876): in case RADIO_CURRENT_SUB_FREQ_M_L : 9350
I/RadioService( 1876): CWL Start mHDDataService.mHDBandScan.onUpdateCurrentSubFrequency()
D/CompassLogRightSideScreen : CompassDirectionManager( 2314): onUpdateLocation, loc.getGpsstatus() : 1
I/RadioService( 1876): CWL sendSetSubFrequencyCommand ,frequency = 9370
I/RDO_MICOM_CMD_EVENT( 1876): => COMMAND => RADIO_SET_SUB_FREQ_C: 0x304(0x304))
D/MicomD  ( 1466): send_data: c => m : ff 87 03 01 03 04 00 04 24 9a 01 c6 
D/MicomD  ( 1466): ReceivedData[SUCCESS]: m => c : : ff 03 87 01 83 2f 00 03 24 9a 6b 
I/RadioService( 1876): onEvent(byte[] data[2] = 0x24 0x9a )
I/RDO_MICOM_CMD_EVENT( 1876): => RESPONSE =>   RADIO_CURRENT_SUB_FREQ_M: 0x832f(0x832f))
I/RadioService( 1876): handleMessage(Message msg)
E/RadioService( 1876): in case RADIO_CURRENT_SUB_FREQ_M_L : 9370
I/RadioService( 1876): CWL Start mHDDataService.mHDBandScan.onUpdateCurrentSubFrequency()
D/BluetoothA2dp( 2626): getCurrentStreamDevice()
D/BluetoothAdapterService(1102602688)( 2626): getState(): mAdapterProperties: com.android.bluetooth.btservice.AdapterProperties@41b87768
D/BluetoothAdapterProperties( 2626): State = 12
D/A2dpStateMachine( 2626): getConnectionState: 2
I/AvrcpControllerService( 2626): [BTAD] Try SelectDevice address:48:59:A4:92:20:E4 ,available:false ,try:0
D/CompassLogRightSideScreen : CompassDirectionManager( 2314): onUpdateLocation, loc.getGpsstatus() : 1
I/RadioService( 1876): CWL sendSetSubFrequencyCommand ,frequency = 9390
I/RDO_MICOM_CMD_EVENT( 1876): => COMMAND => RADIO_SET_SUB_FREQ_C: 0x304(0x304))
D/MicomD  ( 1466): send_data: c => m : ff 87 03 01 03 04 00 04 24 ae 01 f2 
D/MicomD  ( 1466): ReceivedData[SUCCESS]: m => c : : ff 03 87 01 83 2f 00 03 24 ae 5f 
I/RadioService( 1876): onEvent(byte[] data[2] = 0x24 0xae )
I/RDO_MICOM_CMD_EVENT( 1876): => RESPONSE =>   RADIO_CURRENT_SUB_FREQ_M: 0x832f(0x832f))
I/RadioService( 1876): handleMessage(Message msg)
E/RadioService( 1876): in case RADIO_CURRENT_SUB_FREQ_M_L : 9390
I/RadioService( 1876): CWL Start mHDDataService.mHDBandScan.onUpdateCurrentSubFrequency()
I/GKI_LINUX( 2626): timer_thread: update ticks:100 after sleep:1000 ms
E/GpmManager( 2436): gpm binder is null
I/AdvancedLauncher( 2436): mGpmListener onConnectStatus status is 0
E/MirrorLinkManager( 2436): MirrorLink binder is null
I/AdvancedLauncher( 2436): MirrorLinkListener.onChangeStatus:0
I/AdvancedLauncher( 2436): setMirrorLinkConnected:false
I/AdvancedLauncher( 2436): j:0 mPackageName:com.mnsoft.navi
I/AdvancedLauncher( 2436): j:1 mPackageName:com.mnsoft.navi
I/AdvancedLauncher( 2436): j:2 mPackageName:com.hkmc.bluetooth
I/AdvancedLauncher( 2436): j:3 mPackageName:com.hkmc.telematics.apps.Vrm.main
I/AdvancedLauncher( 2436): j:4 mPackageName:com.hkmc.av.app.radiona
I/AdvancedLauncher( 2436): j:5 mPackageName:com.daudio.av.app.usbmusic
I/AdvancedLauncher( 2436): j:6 mPackageName:com.hkmc.av.app.naturesound
I/AdvancedLauncher( 2436): j:7 mPackageName:com.google.android.projection.sink
I/AdvancedLauncher( 2436): isEnableAA() : TRUE
E/GpmManager( 2436): gpm binder is null
I/AdvancedLauncher( 2436): isAndroidAutoConnected: false
E/GpmManager( 2436): gpm binder is null
I/AdvancedLauncher( 2436): isAndroidAutoConnected: false
I/AdvancedLauncher( 2436): j:8 mPackageName:com.daudio.app.dipo
I/AdvancedLauncher( 2436): isEnableCP() : TRUE
I/AdvancedLauncher( 2436): isCarPlayConnected: false
I/AdvancedLauncher( 2436): isCarPlayConnected: false
I/AdvancedLauncher( 2436): j:9 mPackageName:com.android.sml
I/AdvancedLauncher( 2436): SML Check support SMl option!!!! result = true
I/AdvancedLauncher( 2436): j:10 mPackageName:com.hkmc.av.app.hddata
I/AdvancedLauncher( 2436): j:11 mPackageName:com.daudio.app.voicememo
W/ResourceType( 2436): No package identifier when getting name for resource number 0x00030000
D/AdvancedLauncher( 2436):  screen.getChildCount()1 i:0 pageView:android.widget.LinearLayout{41b735e8 V.E..... ......ID 42,21-1878,534 #30000}
I/AdvancedLauncher( 2436): j:12 mPackageName:com.hkmc.telematics.apps.Vrm.main
I/AdvancedLauncher( 2436): j:13 mPackageName:com.android.settings
I/AdvancedLauncher( 2436): j:14 mPackageName:notification
I/AdvancedLauncher( 2436): j:15 mPackageName:com.android.settings
W/ResourceType( 2436): No package identifier when getting name for resource number 0x00040000
D/AdvancedLauncher( 2436):  screen.getChildCount()1 i:1 pageView:android.widget.LinearLayout{41b52898 V.E..... ......ID 42,21-1878,534 #40000}
I/RadioService( 1876): CWL sendSetSubFrequencyCommand ,frequency = 9410
I/RDO_MICOM_CMD_EVENT( 1876): => COMMAND => RADIO_SET_SUB_FREQ_C: 0x304(0x304))
D/MicomD  ( 1466): send_data: c => m : ff 87 03 01 03 04 00 04 24 c2 01 9e 
D/MicomD  ( 1466): ReceivedData[SUCCESS]: m => c : : ff 03 87 01 83 2f 00 03 24 c2 33 
I/RadioService( 1876): onEvent(byte[] data[2] = 0x24 0xc2 )
I/RDO_MICOM_CMD_EVENT( 1876): => RESPONSE =>   RADIO_CURRENT_SUB_FREQ_M: 0x832f(0x832f))
I/RadioService( 1876): handleMessage(Message msg)
E/RadioService( 1876): in case RADIO_CURRENT_SUB_FREQ_M_L : 9410
I/RadioService( 1876): CWL Start mHDDataService.mHDBandScan.onUpdateCurrentSubFrequency()
D/CompassLogRightSideScreen : CompassDirectionManager( 2314): onUpdateLocation, loc.getGpsstatus() : 1
D/AvnStatusBar.NetworkController( 1987): onSignalStrengthsChanged signalStrength=SignalStrength: 99 99 -99 -99 -120 0 -1 99 2147483647 2147483647 2147483647 2147483647 cdma level=1
I/AvnStatusBar.NetworkController( 1987): checkPhoneSignalDisplay() isRegMOFGen2Center : true mPhoneExist : true
I/Java_Layer( 2183): [2183]Is it really needed? rssLevel = 1
I/VehicleSettingProvider( 2193): query() :: uri : content://com.hkmc.telematics.service.util.db.VehicleSettingProvider/prov_info
I/VRM_UI  ( 3350): [VrmUiService]signalstrength change: -99
I/VRM_UI  ( 3350): [VrmUiService]mhoneState:1 / rssLevel:1
I/AvnIconPolicy( 1987): [ICON_ADD] slot : phone_signal priority : 0 level : 0 itemNumber : 11
I/AvnIconPolicy( 1987): In iconList:add() - new itemNumber 11 is already exist
I/AvnIconPolicy( 1987): In iconList:add() - remove and add new
I/AvnIconPolicy( 1987): First icon entry added, setIconVisibility(phone_signal) true
D/AvnStatusBar.NetworkController( 1987): VariantCoding.VARIANT_TELEMATICS : 1 (unknown -1 / off 0 / on 1)
D/AvnStatusBarPolicy( 1987): onPhoneSignalChanged true  11  0
D/AvnStatusBar( 1987): updateIcon slot=phone_signal index=5 viewIndex=3 old=StatusBarIcon(pkg=com.android.systemuiuser=0 id=0x7f02009f level=0 visible=true num=0 ) icon=StatusBarIcon(pkg=com.android.systemuiuser=0 id=0x7f02009f level=0 visible=true num=0 )
E/GpmManager( 3364): gpm binder is null
D/PhoneProjection( 3364): [ PhoneProjectionService ] onConnectStatus:0
I/RadioService( 1876): CWL sendSetSubFrequencyCommand ,frequency = 9430
I/RDO_MICOM_CMD_EVENT( 1876): => COMMAND => RADIO_SET_SUB_FREQ_C: 0x304(0x304))
D/MicomD  ( 1466): send_data: c => m : ff 87 03 01 03 04 00 04 24 d6 01 8a 
D/MicomD  ( 1466): ReceivedData[SUCCESS]: m => c : : ff 03 87 01 83 2f 00 03 24 d6 27 
I/RadioService( 1876): onEvent(byte[] data[2] = 0x24 0xd6 )
I/RDO_MICOM_CMD_EVENT( 1876): => RESPONSE =>   RADIO_CURRENT_SUB_FREQ_M: 0x832f(0x832f))
I/RadioService( 1876): handleMessage(Message msg)
E/RadioService( 1876): in case RADIO_CURRENT_SUB_FREQ_M_L : 9430
I/RadioService( 1876): CWL Start mHDDataService.mHDBandScan.onUpdateCurrentSubFrequency()
E/GpmManager( 2349): gpm binder is null
D/vhandler( 2349): [01:31:35:524] [FeatureGpm] onConnectStatus:0
D/vhandler( 2349): [01:31:35:525] [FeatureGpm] onConnectStatus: GPM_INITIALIZE(0)
E/GpmManager( 3109): gpm binder is null
D/LocalBluetoothManager( 3109): Android Auto is Dicsonnected from BT-Settings App
D/LocalBluetoothManager( 3109): print AA hidden paired device after disconnect to remove from list..null
E/MirrorLinkManager( 3109): MirrorLink binder is null
E/MirrorLinkManager( 3109): MirrorLink binder is null
D/LocalBluetoothManager( 3109): Mirror Link  is Dicsonnected from BT-Settings App
D/LocalBluetoothManager( 3109): print ML hidden paired device after disconnect to remove from list..null
D/CompassLogRightSideScreen : CompassDirectionManager( 2314): onUpdateLocation, loc.getGpsstatus() : 1
E/GpmManager( 3053): gpm binder is null
D/BT_AUDIO_MUSIC_SERVICE( 3053): GPMLIstener onConnectStatus() status:0
D/BT_AUDIO_MUSIC_SERVICE( 3053): disconnectedAA
D/BT_AUDIO_MUSIC_SERVICE( 3053): disconnectedAA mAddNewTriggeredfalse
I/RadioService( 1876): CWL sendSetSubFrequencyCommand ,frequency = 9450
I/RDO_MICOM_CMD_EVENT( 1876): => COMMAND => RADIO_SET_SUB_FREQ_C: 0x304(0x304))
D/BT_AUDIO_MUSIC_SERVICE( 3053): updateMediaAvailable - BT_CHECK_CONNECTION
D/BluetoothA2dp( 2626): getState(48:59:A4:92:20:E4)
D/BluetoothAdapterService(1102602688)( 2626): getState(): mAdapterProperties: com.android.bluetooth.btservice.AdapterProperties@41b87768
D/BluetoothAdapterProperties( 2626): State = 12
D/A2dpStateMachine( 2626): getConnectionState: 2
D/BluetoothHfDevice( 3053): [BTHF] product:wp_daudioplus buildinfo:wp_daudioplus_sp2_us region:1 step:7 SMS:true Genesis:false
D/BluetoothHfDevice( 3053): [BTHF] product:wp_daudioplus buildinfo:wp_daudioplus_sp2_us region:1 step:7 SMS:true Genesis:false
D/BT_AUDIO_MUSIC_SERVICE( 3053): isChangingDevice ?false
D/BluetoothA2dp( 2626): getState(48:59:A4:92:20:E4)
D/BluetoothAdapterService(1102602688)( 2626): getState(): mAdapterProperties: com.android.bluetooth.btservice.AdapterProperties@41b87768
D/BluetoothAdapterProperties( 2626): State = 12
D/A2dpStateMachine( 2626): getConnectionState: 2
D/BluetoothHfDevice( 3053): [BTHF] product:wp_daudioplus buildinfo:wp_daudioplus_sp2_us region:1 step:7 SMS:true Genesis:false
D/BT_AUDIO_MUSIC_SERVICE( 3053): a2dpdevice1:48:59:A4:92:20:E4 ,a2dpdevice2:null
D/BluetoothAdapterService(1102602688)( 2626): getState(): mAdapterProperties: com.android.bluetooth.btservice.AdapterProperties@41b87768
D/BluetoothAdapterProperties( 2626): State = 12
I/AvrcpControllerService( 2626): [BTAD] BT_AUDIO_RESERVED_GET_BTAUDIO_ORDER address:48:59:A4:92:20:E4 ,return:1
D/BT_AUDIO_MUSIC_SERVICE( 3053):  a2dpdevice1:48:59:A4:92:20:E4 ,a2dpdevice2:null ,a2dpdevice1_index:1
D/BT_AUDIO_MUSIC_SERVICE( 3053): COnnectedDevice1  48:59:A4:92:20:E4ConnectedDevice2 null
D/BT_AUDIO_MUSIC_SERVICE( 3053): in updateSelectedDevice connectedDevice1 = 48:59:A4:92:20:E4connectedDevice2 null
D/BT_AUDIO_MUSIC_SERVICE( 3053): only first device is connected
D/BT_AUDIO_MUSIC_SERVICE( 3053): only first device is connected select first tab
D/BT_AUDIO_MUSIC_SERVICE( 3053): in updateSelectedDevice 48:59:A4:92:20:E4
D/AvrcpPlayer( 3053): command sent to framework from avrcpplayer 48:59:A4:92:20:E4 ,q:false
D/BluetoothAdapterService(1102602688)( 2626): getState(): mAdapterProperties: com.android.bluetooth.btservice.AdapterProperties@41b87768
D/BluetoothAdapterProperties( 2626): State = 12
I/AvrcpControllerService( 2626): [BTAD] BT_AUDIO_RESERVED_SELECT_DEVICE param:0 ,address:48:59:A4:92:20:E4
D/AvrcpPlayer( 3053): command return value..0
D/BluetoothPlayerManager( 3053): Broadcasting the Current playing BTdevice address48:59:A4:92:20:E4
D/BluetoothPlayerManager( 3053): requesting now playing list
D/MicomD  ( 1466): send_data: c 